2026-02-10T17:28:14.9194450Z Current runner version: '2.331.0'
2026-02-10T17:28:14.9247560Z ##[group]Runner Image Provisioner
2026-02-10T17:28:14.9248120Z Hosted Compute Agent
2026-02-10T17:28:14.9248460Z Version: 20260123.484
2026-02-10T17:28:14.9248810Z Commit: 6bd6555ca37d84114959e1c76d2c01448ff61c5d
2026-02-10T17:28:14.9249230Z Build Date: 2026-01-23T19:41:17Z
2026-02-10T17:28:14.9249620Z Worker ID: {e333ff11-33e4-4960-819a-a20209dda8f2}
2026-02-10T17:28:14.9250030Z Azure Region: westus
2026-02-10T17:28:14.9250360Z ##[endgroup]
2026-02-10T17:28:14.9251360Z ##[group]Operating System
2026-02-10T17:28:14.9251710Z macOS
2026-02-10T17:28:14.9251980Z 15.7.3
2026-02-10T17:28:14.9252240Z 24G419
2026-02-10T17:28:14.9252520Z ##[endgroup]
2026-02-10T17:28:14.9252800Z ##[group]Runner Image
2026-02-10T17:28:14.9253120Z Image: macos-15-arm64
2026-02-10T17:28:14.9253420Z Version: 20260127.0129.1
2026-02-10T17:28:14.9254240Z Included Software: https://github.com/actions/runner-images/blob/macos-15-arm64/20260127.0129/images/macos/macos-15-arm64-Readme.md
2026-02-10T17:28:14.9255200Z Image Release: https://github.com/actions/runner-images/releases/tag/macos-15-arm64%2F20260127.0129
2026-02-10T17:28:14.9255780Z ##[endgroup]
2026-02-10T17:28:14.9256490Z ##[group]GITHUB_TOKEN Permissions
2026-02-10T17:28:14.9257880Z Contents: read
2026-02-10T17:28:14.9258190Z Metadata: read
2026-02-10T17:28:14.9258480Z Packages: read
2026-02-10T17:28:14.9258820Z ##[endgroup]
2026-02-10T17:28:14.9260570Z Secret source: Actions
2026-02-10T17:28:14.9261000Z Prepare workflow directory
2026-02-10T17:28:14.9768720Z Prepare all required actions
2026-02-10T17:28:14.9796350Z Getting action download info
2026-02-10T17:28:15.1863910Z Download action repository 'actions/checkout@v4' (SHA:34e114876b0b11c390a56381ad16ebd13914f8d5)
2026-02-10T17:28:15.4936270Z Download action repository 'actions/setup-python@v5' (SHA:a26af69be951a213d495a4c3e4e4022e16d87065)
2026-02-10T17:28:15.7073510Z Complete job name: Test Python 3.11 on macos-latest
2026-02-10T17:28:15.7501940Z ##[group]Run actions/checkout@v4
2026-02-10T17:28:15.7502530Z with:
2026-02-10T17:28:15.7502830Z   repository: gabrielima7/BasalGuard
2026-02-10T17:28:15.7503400Z   token: ***
2026-02-10T17:28:15.7503660Z   ssh-strict: true
2026-02-10T17:28:15.7503940Z   ssh-user: git
2026-02-10T17:28:15.7504220Z   persist-credentials: true
2026-02-10T17:28:15.7504520Z   clean: true
2026-02-10T17:28:15.7504810Z   sparse-checkout-cone-mode: true
2026-02-10T17:28:15.7505140Z   fetch-depth: 1
2026-02-10T17:28:15.7505410Z   fetch-tags: false
2026-02-10T17:28:15.7505690Z   show-progress: true
2026-02-10T17:28:15.7505970Z   lfs: false
2026-02-10T17:28:15.7506230Z   submodules: false
2026-02-10T17:28:15.7506520Z   set-safe-directory: true
2026-02-10T17:28:15.7506960Z ##[endgroup]
2026-02-10T17:28:16.1682960Z Syncing repository: gabrielima7/BasalGuard
2026-02-10T17:28:16.1685240Z ##[group]Getting Git version info
2026-02-10T17:28:16.1685790Z Working directory is '/Users/runner/work/BasalGuard/BasalGuard'
2026-02-10T17:28:16.1688690Z [command]/opt/homebrew/bin/git version
2026-02-10T17:28:16.2309590Z git version 2.52.0
2026-02-10T17:28:16.2338630Z ##[endgroup]
2026-02-10T17:28:16.2378000Z Copying '/Users/runner/.gitconfig' to '/Users/runner/work/_temp/b17015e0-7e1b-4479-833d-ed17de0a5ae0/.gitconfig'
2026-02-10T17:28:16.2387490Z Temporarily overriding HOME='/Users/runner/work/_temp/b17015e0-7e1b-4479-833d-ed17de0a5ae0' before making global git config changes
2026-02-10T17:28:16.2390020Z Adding repository directory to the temporary git global config as a safe directory
2026-02-10T17:28:16.2392310Z [command]/opt/homebrew/bin/git config --global --add safe.directory /Users/runner/work/BasalGuard/BasalGuard
2026-02-10T17:28:16.2507580Z Deleting the contents of '/Users/runner/work/BasalGuard/BasalGuard'
2026-02-10T17:28:16.2510530Z ##[group]Initializing the repository
2026-02-10T17:28:16.2516100Z [command]/opt/homebrew/bin/git init /Users/runner/work/BasalGuard/BasalGuard
2026-02-10T17:28:16.2757390Z hint: Using 'master' as the name for the initial branch. This default branch name
2026-02-10T17:28:16.2759130Z hint: will change to "main" in Git 3.0. To configure the initial branch name
2026-02-10T17:28:16.2759770Z hint: to use in all of your new repositories, which will suppress this warning,
2026-02-10T17:28:16.2760310Z hint: call:
2026-02-10T17:28:16.2760590Z hint:
2026-02-10T17:28:16.2761130Z hint: 	git config --global init.defaultBranch <name>
2026-02-10T17:28:16.2761570Z hint:
2026-02-10T17:28:16.2761960Z hint: Names commonly chosen instead of 'master' are 'main', 'trunk' and
2026-02-10T17:28:16.2762660Z hint: 'development'. The just-created branch can be renamed via this command:
2026-02-10T17:28:16.2763150Z hint:
2026-02-10T17:28:16.2763440Z hint: 	git branch -m <name>
2026-02-10T17:28:16.2763750Z hint:
2026-02-10T17:28:16.2764230Z hint: Disable this message with "git config set advice.defaultBranchName false"
2026-02-10T17:28:16.2803980Z Initialized empty Git repository in /Users/runner/work/BasalGuard/BasalGuard/.git/
2026-02-10T17:28:16.2814720Z [command]/opt/homebrew/bin/git remote add origin https://github.com/gabrielima7/BasalGuard
2026-02-10T17:28:16.2903870Z ##[endgroup]
2026-02-10T17:28:16.2904740Z ##[group]Disabling automatic garbage collection
2026-02-10T17:28:16.2907380Z [command]/opt/homebrew/bin/git config --local gc.auto 0
2026-02-10T17:28:16.2993110Z ##[endgroup]
2026-02-10T17:28:16.2994730Z ##[group]Setting up auth
2026-02-10T17:28:16.2997190Z [command]/opt/homebrew/bin/git config --local --name-only --get-regexp core\.sshCommand
2026-02-10T17:28:16.3067960Z [command]/opt/homebrew/bin/git submodule foreach --recursive sh -c "git config --local --name-only --get-regexp 'core\.sshCommand' && git config --local --unset-all 'core.sshCommand' || :"
2026-02-10T17:28:16.4574350Z [command]/opt/homebrew/bin/git config --local --name-only --get-regexp http\.https\:\/\/github\.com\/\.extraheader
2026-02-10T17:28:16.4649820Z [command]/opt/homebrew/bin/git submodule foreach --recursive sh -c "git config --local --name-only --get-regexp 'http\.https\:\/\/github\.com\/\.extraheader' && git config --local --unset-all 'http.https://github.com/.extraheader' || :"
2026-02-10T17:28:16.5776750Z [command]/opt/homebrew/bin/git config --local --name-only --get-regexp ^includeIf\.gitdir:
2026-02-10T17:28:16.5872490Z [command]/opt/homebrew/bin/git submodule foreach --recursive git config --local --show-origin --name-only --get-regexp remote.origin.url
2026-02-10T17:28:16.7103370Z [command]/opt/homebrew/bin/git config --local http.https://github.com/.extraheader AUTHORIZATION: basic ***
2026-02-10T17:28:16.7157490Z ##[endgroup]
2026-02-10T17:28:16.7159860Z ##[group]Fetching the repository
2026-02-10T17:28:16.7164670Z [command]/opt/homebrew/bin/git -c protocol.version=2 fetch --no-tags --prune --no-recurse-submodules --depth=1 origin +adc2f215813a0c775243ca501085c28bdb02651f:refs/remotes/origin/main
2026-02-10T17:28:16.9506930Z From https://github.com/gabrielima7/BasalGuard
2026-02-10T17:28:16.9509770Z  * [new ref]         adc2f215813a0c775243ca501085c28bdb02651f -> origin/main
2026-02-10T17:28:16.9675530Z ##[endgroup]
2026-02-10T17:28:16.9676940Z ##[group]Determining the checkout info
2026-02-10T17:28:16.9678250Z ##[endgroup]
2026-02-10T17:28:16.9679080Z [command]/opt/homebrew/bin/git sparse-checkout disable
2026-02-10T17:28:16.9758630Z [command]/opt/homebrew/bin/git config --local --unset-all extensions.worktreeConfig
2026-02-10T17:28:16.9831400Z ##[group]Checking out the ref
2026-02-10T17:28:16.9832790Z [command]/opt/homebrew/bin/git checkout --progress --force -B main refs/remotes/origin/main
2026-02-10T17:28:17.0122100Z Switched to a new branch 'main'
2026-02-10T17:28:17.0134990Z branch 'main' set up to track 'origin/main'.
2026-02-10T17:28:17.0145760Z ##[endgroup]
2026-02-10T17:28:17.0299190Z [command]/opt/homebrew/bin/git log -1 --format=%H
2026-02-10T17:28:17.0389220Z adc2f215813a0c775243ca501085c28bdb02651f
2026-02-10T17:28:17.0639510Z ##[group]Run actions/setup-python@v5
2026-02-10T17:28:17.0639920Z with:
2026-02-10T17:28:17.0640200Z   python-version: 3.11
2026-02-10T17:28:17.0640780Z   check-latest: false
2026-02-10T17:28:17.0641210Z   token: ***
2026-02-10T17:28:17.0641580Z   update-environment: true
2026-02-10T17:28:17.0641950Z   allow-prereleases: false
2026-02-10T17:28:17.0642250Z   freethreaded: false
2026-02-10T17:28:17.0642520Z ##[endgroup]
2026-02-10T17:28:17.2549740Z ##[group]Installed versions
2026-02-10T17:28:17.2606780Z Successfully set up CPython (3.11.9)
2026-02-10T17:28:17.2608490Z ##[endgroup]
2026-02-10T17:28:17.2703150Z ##[group]Run pipx install poetry
2026-02-10T17:28:17.2703600Z [36;1mpipx install poetry[0m
2026-02-10T17:28:17.2751840Z shell: /bin/bash -e {0}
2026-02-10T17:28:17.2752280Z env:
2026-02-10T17:28:17.2752660Z   pythonLocation: /Users/runner/hostedtoolcache/Python/3.11.9/arm64
2026-02-10T17:28:17.2753230Z   PKG_CONFIG_PATH: /Users/runner/hostedtoolcache/Python/3.11.9/arm64/lib/pkgconfig
2026-02-10T17:28:17.2753770Z   Python_ROOT_DIR: /Users/runner/hostedtoolcache/Python/3.11.9/arm64
2026-02-10T17:28:17.2754270Z   Python2_ROOT_DIR: /Users/runner/hostedtoolcache/Python/3.11.9/arm64
2026-02-10T17:28:17.2754880Z   Python3_ROOT_DIR: /Users/runner/hostedtoolcache/Python/3.11.9/arm64
2026-02-10T17:28:17.2755280Z ##[endgroup]
2026-02-10T17:28:17.7529530Z creating virtual environment...
2026-02-10T17:28:17.8316780Z creating shared libraries...
2026-02-10T17:28:20.9931290Z upgrading shared libraries...
2026-02-10T17:28:23.9044560Z installing poetry...
2026-02-10T17:28:29.7553950Z done! ✨ 🌟 ✨
2026-02-10T17:28:29.7555360Z   installed package poetry 2.3.2, installed using Python 3.14.2
2026-02-10T17:28:29.7555970Z   These apps are now globally available
2026-02-10T17:28:29.7556380Z     - poetry
2026-02-10T17:28:29.7892760Z ##[group]Run poetry install
2026-02-10T17:28:29.7893120Z [36;1mpoetry install[0m
2026-02-10T17:28:29.7938130Z shell: /bin/bash -e {0}
2026-02-10T17:28:29.7938450Z env:
2026-02-10T17:28:29.7938800Z   pythonLocation: /Users/runner/hostedtoolcache/Python/3.11.9/arm64
2026-02-10T17:28:29.7939480Z   PKG_CONFIG_PATH: /Users/runner/hostedtoolcache/Python/3.11.9/arm64/lib/pkgconfig
2026-02-10T17:28:29.7940190Z   Python_ROOT_DIR: /Users/runner/hostedtoolcache/Python/3.11.9/arm64
2026-02-10T17:28:29.7940610Z   Python2_ROOT_DIR: /Users/runner/hostedtoolcache/Python/3.11.9/arm64
2026-02-10T17:28:29.7941120Z   Python3_ROOT_DIR: /Users/runner/hostedtoolcache/Python/3.11.9/arm64
2026-02-10T17:28:29.7941450Z ##[endgroup]
2026-02-10T17:28:30.8157490Z Creating virtualenv basalguard-80myX1_h-py3.11 in /Users/runner/Library/Caches/pypoetry/virtualenvs
2026-02-10T17:28:31.5372960Z Updating dependencies
2026-02-10T17:28:31.5374830Z Resolving dependencies...
2026-02-10T17:28:36.7571950Z 
2026-02-10T17:28:36.7640490Z Package operations: 52 installs, 0 updates, 0 removals
2026-02-10T17:28:36.7742290Z 
2026-02-10T17:28:36.7873110Z   - Installing pycparser (3.0)
2026-02-10T17:28:37.2361790Z   - Installing protobuf (4.25.8)
2026-02-10T17:28:37.2482390Z   - Installing cffi (2.0.0)
2026-02-10T17:28:37.2593320Z   - Installing pyasn1 (0.6.2)
2026-02-10T17:28:37.2711070Z   - Installing typing-extensions (4.15.0)
2026-02-10T17:28:37.3761210Z   - Installing grpcio (1.78.0)
2026-02-10T17:28:37.3863220Z   - Installing charset-normalizer (3.4.4)
2026-02-10T17:28:37.3965090Z   - Installing certifi (2026.1.4)
2026-02-10T17:28:37.4066610Z   - Installing googleapis-common-protos (1.72.0)
2026-02-10T17:28:37.4154160Z   - Installing idna (3.11)
2026-02-10T17:28:37.4255840Z   - Installing cryptography (46.0.4)
2026-02-10T17:28:37.4370380Z   - Installing pyasn1-modules (0.4.2)
2026-02-10T17:28:37.4578990Z   - Installing rsa (4.9.1)
2026-02-10T17:28:37.5220980Z   - Installing urllib3 (2.6.3)
2026-02-10T17:28:38.4212490Z   - Installing google-auth (2.48.0)
2026-02-10T17:28:38.4316000Z   - Installing proto-plus (1.27.1)
2026-02-10T17:28:38.4418350Z   - Installing requests (2.32.5)
2026-02-10T17:28:38.4522060Z   - Installing grpcio-status (1.62.3)
2026-02-10T17:28:38.4623910Z   - Installing h11 (0.16.0)
2026-02-10T17:28:38.4725800Z   - Installing mdurl (0.1.2)
2026-02-10T17:28:38.5450360Z   - Installing annotated-types (0.7.0)
2026-02-10T17:28:38.5577510Z   - Installing anyio (4.12.1)
2026-02-10T17:28:38.5766860Z   - Installing google-api-core (2.29.0)
2026-02-10T17:28:38.5876890Z   - Installing iniconfig (2.3.0)
2026-02-10T17:28:38.5985780Z   - Installing markdown-it-py (4.0.0)
2026-02-10T17:28:38.5990210Z   - Installing packaging (26.0)
2026-02-10T17:28:38.5990550Z   - Installing httpcore (1.0.9)
2026-02-10T17:28:38.6972600Z   - Installing pluggy (1.6.0)
2026-02-10T17:28:38.7277690Z   - Installing pydantic-core (2.41.5)
2026-02-10T17:28:38.7362070Z   - Installing pygments (2.19.2)
2026-02-10T17:28:38.8417840Z   - Installing typing-inspection (0.4.2)
2026-02-10T17:28:39.1043370Z   - Installing coverage (7.13.4)
2026-02-10T17:28:39.1050820Z   - Installing jiter (0.13.0)
2026-02-10T17:28:39.1057760Z   - Installing google-ai-generativelanguage (0.4.0)
2026-02-10T17:28:39.1059740Z   - Installing distro (1.9.0)
2026-02-10T17:28:39.1080220Z   - Installing mypy-extensions (1.1.0)
2026-02-10T17:28:39.1113340Z   - Installing httpx (0.28.1)
2026-02-10T17:28:39.1351910Z   - Installing librt (0.7.8)
2026-02-10T17:28:39.1604670Z   - Installing pathspec (1.0.4)
2026-02-10T17:28:39.2411110Z   - Installing pydantic (2.12.5)
2026-02-10T17:28:39.3429600Z   - Installing pytest (8.4.2)
2026-02-10T17:28:39.3543510Z   - Installing pyyaml (6.0.3)
2026-02-10T17:28:39.3974320Z   - Installing rich (14.3.2)
2026-02-10T17:28:39.4125060Z   - Installing sniffio (1.3.1)
2026-02-10T17:28:39.4622590Z   - Installing stevedore (5.6.0)
2026-02-10T17:28:39.4738170Z   - Installing tqdm (4.67.3)
2026-02-10T17:28:39.6616900Z   - Installing bandit (1.9.3)
2026-02-10T17:28:39.6625440Z   - Installing google-generativeai (0.3.2)
2026-02-10T17:28:39.6627040Z   - Installing openai (1.109.1)
2026-02-10T17:28:39.6630450Z   - Installing pytest-cov (4.1.0)
2026-02-10T17:28:39.6632630Z   - Installing ruff (0.1.15)
2026-02-10T17:28:39.6642640Z   - Installing mypy (1.19.1)
2026-02-10T17:28:41.4625230Z 
2026-02-10T17:28:41.4747640Z Writing lock file
2026-02-10T17:28:41.4749100Z 
2026-02-10T17:28:41.4865690Z Installing the current project: basalguard (0.1.0)
2026-02-10T17:28:42.7736950Z ##[group]Run poetry run pytest tests/ -v
2026-02-10T17:28:42.7737960Z [36;1mpoetry run pytest tests/ -v[0m
2026-02-10T17:28:42.7819860Z shell: /bin/bash -e {0}
2026-02-10T17:28:42.7820110Z env:
2026-02-10T17:28:42.7820480Z   pythonLocation: /Users/runner/hostedtoolcache/Python/3.11.9/arm64
2026-02-10T17:28:42.7820950Z   PKG_CONFIG_PATH: /Users/runner/hostedtoolcache/Python/3.11.9/arm64/lib/pkgconfig
2026-02-10T17:28:42.7821380Z   Python_ROOT_DIR: /Users/runner/hostedtoolcache/Python/3.11.9/arm64
2026-02-10T17:28:42.7821780Z   Python2_ROOT_DIR: /Users/runner/hostedtoolcache/Python/3.11.9/arm64
2026-02-10T17:28:42.7822250Z   Python3_ROOT_DIR: /Users/runner/hostedtoolcache/Python/3.11.9/arm64
2026-02-10T17:28:42.7822560Z ##[endgroup]
2026-02-10T17:28:46.0245120Z ============================= test session starts ==============================
2026-02-10T17:28:46.0247870Z platform darwin -- Python 3.11.9, pytest-8.4.2, pluggy-1.6.0 -- /Users/runner/Library/Caches/pypoetry/virtualenvs/basalguard-80myX1_h-py3.11/bin/python
2026-02-10T17:28:46.0249880Z cachedir: .pytest_cache
2026-02-10T17:28:46.0250820Z rootdir: /Users/runner/work/BasalGuard/BasalGuard
2026-02-10T17:28:46.0251720Z configfile: pyproject.toml
2026-02-10T17:28:46.0252720Z plugins: anyio-4.12.1, cov-4.1.0
2026-02-10T17:28:46.2223730Z collecting ... collected 0 items / 1 error
2026-02-10T17:28:46.2264470Z 
2026-02-10T17:28:46.2266810Z ==================================== ERRORS ====================================
2026-02-10T17:28:46.2267570Z ________________ ERROR collecting tests/test_agent_firewall.py _________________
2026-02-10T17:28:46.2268340Z ImportError while importing test module '/Users/runner/work/BasalGuard/BasalGuard/tests/test_agent_firewall.py'.
2026-02-10T17:28:46.2270140Z Hint: make sure your test modules/packages have valid Python names.
2026-02-10T17:28:46.2270700Z Traceback:
2026-02-10T17:28:46.2271250Z /Library/Frameworks/Python.framework/Versions/3.11/lib/python3.11/importlib/__init__.py:126: in import_module
2026-02-10T17:28:46.2272980Z     return _bootstrap._gcd_import(name[level:], package, level)
2026-02-10T17:28:46.2273480Z            ^^^^^^^^^^^^^^^^^^^^^^^^^^^^^^^^^^^^^^^^^^^^^^^^^^^^
2026-02-10T17:28:46.2273890Z tests/test_agent_firewall.py:21: in <module>
2026-02-10T17:28:46.2274310Z     from basalguard.core.agent_firewall import (
2026-02-10T17:28:46.2274850Z src/basalguard/core/agent_firewall.py:34: in <module>
2026-02-10T17:28:46.2276490Z     from taipanstack.security.guards import (
2026-02-10T17:28:46.2277120Z E   ModuleNotFoundError: No module named 'taipanstack'
2026-02-10T17:28:46.2287520Z =========================== short test summary info ============================
2026-02-10T17:28:46.2298630Z ERROR tests/test_agent_firewall.py
2026-02-10T17:28:46.2300230Z !!!!!!!!!!!!!!!!!!!! Interrupted: 1 error during collection !!!!!!!!!!!!!!!!!!!!
2026-02-10T17:28:46.2300800Z =============================== 1 error in 0.15s ===============================
2026-02-10T17:28:46.2918260Z ##[error]Process completed with exit code 2.
2026-02-10T17:28:46.3127510Z Post job cleanup.
2026-02-10T17:28:46.7023660Z [command]/opt/homebrew/bin/git version
2026-02-10T17:28:46.7380820Z git version 2.52.0
2026-02-10T17:28:46.7464760Z Copying '/Users/runner/.gitconfig' to '/Users/runner/work/_temp/498b0c58-d921-4cff-b610-faebe3877fa7/.gitconfig'
2026-02-10T17:28:46.7480630Z Temporarily overriding HOME='/Users/runner/work/_temp/498b0c58-d921-4cff-b610-faebe3877fa7' before making global git config changes
2026-02-10T17:28:46.7482360Z Adding repository directory to the temporary git global config as a safe directory
2026-02-10T17:28:46.7494520Z [command]/opt/homebrew/bin/git config --global --add safe.directory /Users/runner/work/BasalGuard/BasalGuard
2026-02-10T17:28:46.7601210Z [command]/opt/homebrew/bin/git config --local --name-only --get-regexp core\.sshCommand
2026-02-10T17:28:46.7675370Z [command]/opt/homebrew/bin/git submodule foreach --recursive sh -c "git config --local --name-only --get-regexp 'core\.sshCommand' && git config --local --unset-all 'core.sshCommand' || :"
2026-02-10T17:28:46.9142320Z [command]/opt/homebrew/bin/git config --local --name-only --get-regexp http\.https\:\/\/github\.com\/\.extraheader
2026-02-10T17:28:46.9260990Z http.https://github.com/.extraheader
2026-02-10T17:28:46.9292230Z [command]/opt/homebrew/bin/git config --local --unset-all http.https://github.com/.extraheader
2026-02-10T17:28:46.9439510Z [command]/opt/homebrew/bin/git submodule foreach --recursive sh -c "git config --local --name-only --get-regexp 'http\.https\:\/\/github\.com\/\.extraheader' && git config --local --unset-all 'http.https://github.com/.extraheader' || :"
2026-02-10T17:28:47.0795130Z [command]/opt/homebrew/bin/git config --local --name-only --get-regexp ^includeIf\.gitdir:
2026-02-10T17:28:47.0865780Z [command]/opt/homebrew/bin/git submodule foreach --recursive git config --local --show-origin --name-only --get-regexp remote.origin.url
2026-02-10T17:28:47.2885790Z Cleaning up orphan processes
