2026-02-10T17:28:12.2129414Z Current runner version: '2.331.0'
2026-02-10T17:28:12.2153541Z ##[group]Runner Image Provisioner
2026-02-10T17:28:12.2154277Z Hosted Compute Agent
2026-02-10T17:28:12.2154777Z Version: 20260123.484
2026-02-10T17:28:12.2155330Z Commit: 6bd6555ca37d84114959e1c76d2c01448ff61c5d
2026-02-10T17:28:12.2155981Z Build Date: 2026-01-23T19:41:17Z
2026-02-10T17:28:12.2156569Z Worker ID: {fae648fe-0129-48c0-b319-e0dae675f331}
2026-02-10T17:28:12.2157255Z Azure Region: centralus
2026-02-10T17:28:12.2157772Z ##[endgroup]
2026-02-10T17:28:12.2159061Z ##[group]Operating System
2026-02-10T17:28:12.2159664Z Microsoft Windows Server 2025
2026-02-10T17:28:12.2160153Z 10.0.26100
2026-02-10T17:28:12.2160614Z Datacenter
2026-02-10T17:28:12.2161013Z ##[endgroup]
2026-02-10T17:28:12.2161509Z ##[group]Runner Image
2026-02-10T17:28:12.2162003Z Image: windows-2025
2026-02-10T17:28:12.2162429Z Version: 20260202.17.1
2026-02-10T17:28:12.2163737Z Included Software: https://github.com/actions/runner-images/blob/win25/20260202.17/images/windows/Windows2025-Readme.md
2026-02-10T17:28:12.2165192Z Image Release: https://github.com/actions/runner-images/releases/tag/win25%2F20260202.17
2026-02-10T17:28:12.2166006Z ##[endgroup]
2026-02-10T17:28:12.2167025Z ##[group]GITHUB_TOKEN Permissions
2026-02-10T17:28:12.2169460Z Contents: read
2026-02-10T17:28:12.2169962Z Metadata: read
2026-02-10T17:28:12.2170374Z Packages: read
2026-02-10T17:28:12.2170859Z ##[endgroup]
2026-02-10T17:28:12.2172778Z Secret source: Actions
2026-02-10T17:28:12.2173419Z Prepare workflow directory
2026-02-10T17:28:12.2513474Z Prepare all required actions
2026-02-10T17:28:12.2564431Z Getting action download info
2026-02-10T17:28:12.5925464Z Download action repository 'actions/checkout@v4' (SHA:34e114876b0b11c390a56381ad16ebd13914f8d5)
2026-02-10T17:28:12.7319123Z Download action repository 'actions/setup-python@v5' (SHA:a26af69be951a213d495a4c3e4e4022e16d87065)
2026-02-10T17:28:13.0109915Z Complete job name: Test Python 3.12 on windows-latest
2026-02-10T17:28:13.1456949Z ##[group]Run actions/checkout@v4
2026-02-10T17:28:13.1457878Z with:
2026-02-10T17:28:13.1458251Z   repository: gabrielima7/BasalGuard
2026-02-10T17:28:13.1458974Z   token: ***
2026-02-10T17:28:13.1459393Z   ssh-strict: true
2026-02-10T17:28:13.1460141Z   ssh-user: git
2026-02-10T17:28:13.1460820Z   persist-credentials: true
2026-02-10T17:28:13.1461329Z   clean: true
2026-02-10T17:28:13.1461784Z   sparse-checkout-cone-mode: true
2026-02-10T17:28:13.1462332Z   fetch-depth: 1
2026-02-10T17:28:13.1462761Z   fetch-tags: false
2026-02-10T17:28:13.1463204Z   show-progress: true
2026-02-10T17:28:13.1463664Z   lfs: false
2026-02-10T17:28:13.1464062Z   submodules: false
2026-02-10T17:28:13.1464520Z   set-safe-directory: true
2026-02-10T17:28:13.1465320Z ##[endgroup]
2026-02-10T17:28:13.3181120Z Syncing repository: gabrielima7/BasalGuard
2026-02-10T17:28:13.3182817Z ##[group]Getting Git version info
2026-02-10T17:28:13.3183462Z Working directory is 'D:\a\BasalGuard\BasalGuard'
2026-02-10T17:28:13.4174679Z [command]"C:\Program Files\Git\bin\git.exe" version
2026-02-10T17:28:13.7564562Z git version 2.53.0.windows.1
2026-02-10T17:28:13.7625870Z ##[endgroup]
2026-02-10T17:28:13.7650678Z Temporarily overriding HOME='D:\a\_temp\69cbaa76-2403-4026-8739-15bd397de57b' before making global git config changes
2026-02-10T17:28:13.7653076Z Adding repository directory to the temporary git global config as a safe directory
2026-02-10T17:28:13.7663757Z [command]"C:\Program Files\Git\bin\git.exe" config --global --add safe.directory D:\a\BasalGuard\BasalGuard
2026-02-10T17:28:13.8259592Z Deleting the contents of 'D:\a\BasalGuard\BasalGuard'
2026-02-10T17:28:13.8266444Z ##[group]Initializing the repository
2026-02-10T17:28:13.8277602Z [command]"C:\Program Files\Git\bin\git.exe" init D:\a\BasalGuard\BasalGuard
2026-02-10T17:28:13.9173489Z Initialized empty Git repository in D:/a/BasalGuard/BasalGuard/.git/
2026-02-10T17:28:13.9225621Z [command]"C:\Program Files\Git\bin\git.exe" remote add origin https://github.com/gabrielima7/BasalGuard
2026-02-10T17:28:13.9764501Z ##[endgroup]
2026-02-10T17:28:13.9765772Z ##[group]Disabling automatic garbage collection
2026-02-10T17:28:13.9775384Z [command]"C:\Program Files\Git\bin\git.exe" config --local gc.auto 0
2026-02-10T17:28:14.0091729Z ##[endgroup]
2026-02-10T17:28:14.0092819Z ##[group]Setting up auth
2026-02-10T17:28:14.0110993Z [command]"C:\Program Files\Git\bin\git.exe" config --local --name-only --get-regexp core\.sshCommand
2026-02-10T17:28:14.0439108Z [command]"C:\Program Files\Git\bin\git.exe" submodule foreach --recursive "sh -c \"git config --local --name-only --get-regexp 'core\.sshCommand' && git config --local --unset-all 'core.sshCommand' || :\""
2026-02-10T17:28:15.3672817Z [command]"C:\Program Files\Git\bin\git.exe" config --local --name-only --get-regexp http\.https\:\/\/github\.com\/\.extraheader
2026-02-10T17:28:15.3995673Z [command]"C:\Program Files\Git\bin\git.exe" submodule foreach --recursive "sh -c \"git config --local --name-only --get-regexp 'http\.https\:\/\/github\.com\/\.extraheader' && git config --local --unset-all 'http.https://github.com/.extraheader' || :\""
2026-02-10T17:28:15.9532750Z [command]"C:\Program Files\Git\bin\git.exe" config --local --name-only --get-regexp ^includeIf\.gitdir:
2026-02-10T17:28:15.9858116Z [command]"C:\Program Files\Git\bin\git.exe" submodule foreach --recursive "git config --local --show-origin --name-only --get-regexp remote.origin.url"
2026-02-10T17:28:16.5375316Z [command]"C:\Program Files\Git\bin\git.exe" config --local http.https://github.com/.extraheader "AUTHORIZATION: basic ***"
2026-02-10T17:28:16.5723719Z ##[endgroup]
2026-02-10T17:28:16.5724571Z ##[group]Fetching the repository
2026-02-10T17:28:16.5739382Z [command]"C:\Program Files\Git\bin\git.exe" -c protocol.version=2 fetch --no-tags --prune --no-recurse-submodules --depth=1 origin +adc2f215813a0c775243ca501085c28bdb02651f:refs/remotes/origin/main
2026-02-10T17:28:17.5776094Z From https://github.com/gabrielima7/BasalGuard
2026-02-10T17:28:17.5777016Z  * [new ref]         adc2f215813a0c775243ca501085c28bdb02651f -> origin/main
2026-02-10T17:28:17.6243686Z ##[endgroup]
2026-02-10T17:28:17.6244299Z ##[group]Determining the checkout info
2026-02-10T17:28:17.6246446Z ##[endgroup]
2026-02-10T17:28:17.6259654Z [command]"C:\Program Files\Git\bin\git.exe" sparse-checkout disable
2026-02-10T17:28:17.6723155Z [command]"C:\Program Files\Git\bin\git.exe" config --local --unset-all extensions.worktreeConfig
2026-02-10T17:28:17.7078841Z ##[group]Checking out the ref
2026-02-10T17:28:17.7094041Z [command]"C:\Program Files\Git\bin\git.exe" checkout --progress --force -B main refs/remotes/origin/main
2026-02-10T17:28:17.7985791Z Switched to a new branch 'main'
2026-02-10T17:28:17.8009449Z branch 'main' set up to track 'origin/main'.
2026-02-10T17:28:17.8084661Z ##[endgroup]
2026-02-10T17:28:17.8544212Z [command]"C:\Program Files\Git\bin\git.exe" log -1 --format=%H
2026-02-10T17:28:17.8848630Z adc2f215813a0c775243ca501085c28bdb02651f
2026-02-10T17:28:17.9356913Z ##[group]Run actions/setup-python@v5
2026-02-10T17:28:17.9357249Z with:
2026-02-10T17:28:17.9357430Z   python-version: 3.12
2026-02-10T17:28:17.9357633Z   check-latest: false
2026-02-10T17:28:17.9357955Z   token: ***
2026-02-10T17:28:17.9358128Z   update-environment: true
2026-02-10T17:28:17.9358335Z   allow-prereleases: false
2026-02-10T17:28:17.9358527Z   freethreaded: false
2026-02-10T17:28:17.9358699Z ##[endgroup]
2026-02-10T17:28:18.1954182Z ##[group]Installed versions
2026-02-10T17:28:18.2186634Z Successfully set up CPython (3.12.10)
2026-02-10T17:28:18.2187550Z ##[endgroup]
2026-02-10T17:28:18.2524109Z ##[group]Run pipx install poetry
2026-02-10T17:28:18.2524487Z [36;1mpipx install poetry[0m
2026-02-10T17:28:18.3256226Z shell: C:\Program Files\PowerShell\7\pwsh.EXE -command ". '{0}'"
2026-02-10T17:28:18.3256655Z env:
2026-02-10T17:28:18.3256950Z   pythonLocation: C:\hostedtoolcache\windows\Python\3.12.10\x64
2026-02-10T17:28:18.3257513Z   PKG_CONFIG_PATH: C:\hostedtoolcache\windows\Python\3.12.10\x64/lib/pkgconfig
2026-02-10T17:28:18.3258985Z   Python_ROOT_DIR: C:\hostedtoolcache\windows\Python\3.12.10\x64
2026-02-10T17:28:18.3259453Z   Python2_ROOT_DIR: C:\hostedtoolcache\windows\Python\3.12.10\x64
2026-02-10T17:28:18.3259912Z   Python3_ROOT_DIR: C:\hostedtoolcache\windows\Python\3.12.10\x64
2026-02-10T17:28:18.3260303Z ##[endgroup]
2026-02-10T17:28:24.4022493Z Found a space in the pipx home path. We heavily discourage this, due to
2026-02-10T17:28:24.4023425Z     multiple incompatibilities. Please check our docs for more information on
2026-02-10T17:28:24.4024377Z     this, as well as some pointers on how to migrate to a different home path.
2026-02-10T17:28:25.1487099Z creating virtual environment...
2026-02-10T17:28:25.4237861Z installing poetry...
2026-02-10T17:28:44.6186659Z done! 
2026-02-10T17:28:44.6189521Z   installed package poetry 2.3.2, installed using Python 3.12.10
2026-02-10T17:28:44.6190079Z   These apps are now globally available
2026-02-10T17:28:44.6190403Z     - poetry.exe
2026-02-10T17:28:45.2689756Z ##[group]Run poetry install
2026-02-10T17:28:45.2690090Z [36;1mpoetry install[0m
2026-02-10T17:28:45.2761519Z shell: C:\Program Files\PowerShell\7\pwsh.EXE -command ". '{0}'"
2026-02-10T17:28:45.2761842Z env:
2026-02-10T17:28:45.2762106Z   pythonLocation: C:\hostedtoolcache\windows\Python\3.12.10\x64
2026-02-10T17:28:45.2762551Z   PKG_CONFIG_PATH: C:\hostedtoolcache\windows\Python\3.12.10\x64/lib/pkgconfig
2026-02-10T17:28:45.2762966Z   Python_ROOT_DIR: C:\hostedtoolcache\windows\Python\3.12.10\x64
2026-02-10T17:28:45.2763336Z   Python2_ROOT_DIR: C:\hostedtoolcache\windows\Python\3.12.10\x64
2026-02-10T17:28:45.2763706Z   Python3_ROOT_DIR: C:\hostedtoolcache\windows\Python\3.12.10\x64
2026-02-10T17:28:45.2764000Z ##[endgroup]
2026-02-10T17:28:46.5608038Z Creating virtualenv basalguard-ycvLmXEg-py3.12 in C:\Users\runneradmin\AppData\Local\pypoetry\Cache\virtualenvs
2026-02-10T17:28:48.7936991Z Updating dependencies
2026-02-10T17:28:48.7938447Z Resolving dependencies...
2026-02-10T17:28:59.3156132Z 
2026-02-10T17:28:59.3156722Z Package operations: 53 installs, 0 updates, 0 removals
2026-02-10T17:28:59.3157046Z 
2026-02-10T17:28:59.3163571Z   - Installing pycparser (3.0)
2026-02-10T17:28:59.6575423Z   - Installing cffi (2.0.0)
2026-02-10T17:28:59.6576704Z   - Installing protobuf (4.25.8)
2026-02-10T17:28:59.6583717Z   - Installing pyasn1 (0.6.2)
2026-02-10T17:28:59.6591463Z   - Installing typing-extensions (4.15.0)
2026-02-10T17:29:00.2790631Z   - Installing certifi (2026.1.4)
2026-02-10T17:29:00.2792965Z   - Installing charset-normalizer (3.4.4)
2026-02-10T17:29:00.2800021Z   - Installing cryptography (46.0.4)
2026-02-10T17:29:00.2808869Z   - Installing grpcio (1.78.0)
2026-02-10T17:29:00.2814075Z   - Installing idna (3.11)
2026-02-10T17:29:00.2827579Z   - Installing pyasn1-modules (0.4.2)
2026-02-10T17:29:00.2838410Z   - Installing googleapis-common-protos (1.72.0)
2026-02-10T17:29:00.2841816Z   - Installing rsa (4.9.1)
2026-02-10T17:29:00.4165048Z   - Installing urllib3 (2.6.3)
2026-02-10T17:29:01.4599030Z   - Installing google-auth (2.48.0)
2026-02-10T17:29:01.4602011Z   - Installing grpcio-status (1.62.3)
2026-02-10T17:29:01.4608423Z   - Installing h11 (0.16.0)
2026-02-10T17:29:01.4615582Z   - Installing proto-plus (1.27.1)
2026-02-10T17:29:01.4622516Z   - Installing requests (2.32.5)
2026-02-10T17:29:01.4634861Z   - Installing mdurl (0.1.2)
2026-02-10T17:29:01.6281396Z   - Installing annotated-types (0.7.0)
2026-02-10T17:29:01.6284816Z   - Installing anyio (4.12.1)
2026-02-10T17:29:01.6290570Z   - Installing colorama (0.4.6)
2026-02-10T17:29:01.6356198Z   - Installing httpcore (1.0.9)
2026-02-10T17:29:01.6356665Z   - Installing iniconfig (2.3.0)
2026-02-10T17:29:01.6357158Z   - Installing markdown-it-py (4.0.0)
2026-02-10T17:29:01.6357587Z   - Installing google-api-core (2.29.0)
2026-02-10T17:29:01.6357960Z   - Installing packaging (26.0)
2026-02-10T17:29:01.7352782Z   - Installing pluggy (1.6.0)
2026-02-10T17:29:01.7600804Z   - Installing pydantic-core (2.41.5)
2026-02-10T17:29:01.7867062Z   - Installing pygments (2.19.2)
2026-02-10T17:29:01.8207855Z   - Installing typing-inspection (0.4.2)
2026-02-10T17:29:02.2181951Z   - Installing coverage (7.13.4)
2026-02-10T17:29:02.2184871Z   - Installing distro (1.9.0)
2026-02-10T17:29:02.2190641Z   - Installing google-ai-generativelanguage (0.4.0)
2026-02-10T17:29:02.2198025Z   - Installing jiter (0.13.0)
2026-02-10T17:29:02.2209655Z   - Installing librt (0.7.8)
2026-02-10T17:29:02.2211947Z   - Installing httpx (0.28.1)
2026-02-10T17:29:02.2216847Z   - Installing mypy-extensions (1.1.0)
2026-02-10T17:29:02.2228316Z   - Installing pathspec (1.0.4)
2026-02-10T17:29:02.6361857Z   - Installing pydantic (2.12.5)
2026-02-10T17:29:02.6489974Z   - Installing pytest (8.4.2)
2026-02-10T17:29:02.6562768Z   - Installing pyyaml (6.0.3)
2026-02-10T17:29:02.6818468Z   - Installing rich (14.3.2)
2026-02-10T17:29:02.7491202Z   - Installing sniffio (1.3.1)
2026-02-10T17:29:02.7791912Z   - Installing stevedore (5.6.0)
2026-02-10T17:29:02.8464402Z   - Installing tqdm (4.67.3)
2026-02-10T17:29:03.1223312Z   - Installing bandit (1.9.3)
2026-02-10T17:29:03.1225814Z   - Installing google-generativeai (0.3.2)
2026-02-10T17:29:03.1228479Z   - Installing mypy (1.19.1)
2026-02-10T17:29:03.1243981Z   - Installing openai (1.109.1)
2026-02-10T17:29:03.1245975Z   - Installing ruff (0.1.15)
2026-02-10T17:29:03.1253320Z   - Installing pytest-cov (4.1.0)
2026-02-10T17:29:06.3223208Z 
2026-02-10T17:29:06.3223674Z Writing lock file
2026-02-10T17:29:06.3238142Z 
2026-02-10T17:29:06.3238548Z Installing the current project: basalguard (0.1.0)
2026-02-10T17:29:06.6882794Z ##[group]Run poetry run pytest tests/ -v
2026-02-10T17:29:06.6883150Z [36;1mpoetry run pytest tests/ -v[0m
2026-02-10T17:29:06.6952296Z shell: C:\Program Files\PowerShell\7\pwsh.EXE -command ". '{0}'"
2026-02-10T17:29:06.6952628Z env:
2026-02-10T17:29:06.6952881Z   pythonLocation: C:\hostedtoolcache\windows\Python\3.12.10\x64
2026-02-10T17:29:06.6953337Z   PKG_CONFIG_PATH: C:\hostedtoolcache\windows\Python\3.12.10\x64/lib/pkgconfig
2026-02-10T17:29:06.6953776Z   Python_ROOT_DIR: C:\hostedtoolcache\windows\Python\3.12.10\x64
2026-02-10T17:29:06.6954164Z   Python2_ROOT_DIR: C:\hostedtoolcache\windows\Python\3.12.10\x64
2026-02-10T17:29:06.6954532Z   Python3_ROOT_DIR: C:\hostedtoolcache\windows\Python\3.12.10\x64
2026-02-10T17:29:06.6954824Z ##[endgroup]
2026-02-10T17:29:09.2969686Z ============================= test session starts =============================
2026-02-10T17:29:09.2971465Z platform win32 -- Python 3.12.10, pytest-8.4.2, pluggy-1.6.0 -- C:\Users\runneradmin\AppData\Local\pypoetry\Cache\virtualenvs\basalguard-ycvLmXEg-py3.12\Scripts\python.exe
2026-02-10T17:29:09.2973094Z cachedir: .pytest_cache
2026-02-10T17:29:09.2973492Z rootdir: D:\a\BasalGuard\BasalGuard
2026-02-10T17:29:09.2973894Z configfile: pyproject.toml
2026-02-10T17:29:09.2974325Z plugins: anyio-4.12.1, cov-4.1.0
2026-02-10T17:29:09.5569388Z collecting ... collected 0 items / 1 error
2026-02-10T17:29:09.5569895Z 
2026-02-10T17:29:09.5570137Z =================================== ERRORS ====================================
2026-02-10T17:29:09.5571001Z ________________ ERROR collecting tests/test_agent_firewall.py ________________
2026-02-10T17:29:09.5572178Z ImportError while importing test module 'D:\a\BasalGuard\BasalGuard\tests\test_agent_firewall.py'.
2026-02-10T17:29:09.5573514Z Hint: make sure your test modules/packages have valid Python names.
2026-02-10T17:29:09.5574143Z Traceback:
2026-02-10T17:29:09.5574821Z C:\hostedtoolcache\windows\Python\3.12.10\x64\Lib\importlib\__init__.py:90: in import_module
2026-02-10T17:29:09.5575812Z     return _bootstrap._gcd_import(name[level:], package, level)
2026-02-10T17:29:09.5576514Z            ^^^^^^^^^^^^^^^^^^^^^^^^^^^^^^^^^^^^^^^^^^^^^^^^^^^^
2026-02-10T17:29:09.5577163Z tests\test_agent_firewall.py:21: in <module>
2026-02-10T17:29:09.5577679Z     from basalguard.core.agent_firewall import (
2026-02-10T17:29:09.5578720Z src\basalguard\core\agent_firewall.py:34: in <module>
2026-02-10T17:29:09.5579287Z     from taipanstack.security.guards import (
2026-02-10T17:29:09.5579857Z E   ModuleNotFoundError: No module named 'taipanstack'
2026-02-10T17:29:09.5580473Z =========================== short test summary info ===========================
2026-02-10T17:29:09.5581020Z ERROR tests/test_agent_firewall.py
2026-02-10T17:29:09.5581611Z !!!!!!!!!!!!!!!!!!! Interrupted: 1 error during collection !!!!!!!!!!!!!!!!!!!!
2026-02-10T17:29:09.5582258Z ============================== 1 error in 0.23s ===============================
2026-02-10T17:29:09.7857197Z ##[error]Process completed with exit code 1.
2026-02-10T17:29:09.8087128Z Post job cleanup.
2026-02-10T17:29:10.0605728Z [command]"C:\Program Files\Git\bin\git.exe" version
2026-02-10T17:29:10.0969329Z git version 2.53.0.windows.1
2026-02-10T17:29:10.1071202Z Temporarily overriding HOME='D:\a\_temp\272e7ad8-bfe1-45e6-9ea6-8d8c350e81a3' before making global git config changes
2026-02-10T17:29:10.1072457Z Adding repository directory to the temporary git global config as a safe directory
2026-02-10T17:29:10.1084580Z [command]"C:\Program Files\Git\bin\git.exe" config --global --add safe.directory D:\a\BasalGuard\BasalGuard
2026-02-10T17:29:10.1533502Z [command]"C:\Program Files\Git\bin\git.exe" config --local --name-only --get-regexp core\.sshCommand
2026-02-10T17:29:10.1868960Z [command]"C:\Program Files\Git\bin\git.exe" submodule foreach --recursive "sh -c \"git config --local --name-only --get-regexp 'core\.sshCommand' && git config --local --unset-all 'core.sshCommand' || :\""
2026-02-10T17:29:10.7670268Z [command]"C:\Program Files\Git\bin\git.exe" config --local --name-only --get-regexp http\.https\:\/\/github\.com\/\.extraheader
2026-02-10T17:29:10.7942368Z http.https://github.com/.extraheader
2026-02-10T17:29:10.7992955Z [command]"C:\Program Files\Git\bin\git.exe" config --local --unset-all http.https://github.com/.extraheader
2026-02-10T17:29:10.8310911Z [command]"C:\Program Files\Git\bin\git.exe" submodule foreach --recursive "sh -c \"git config --local --name-only --get-regexp 'http\.https\:\/\/github\.com\/\.extraheader' && git config --local --unset-all 'http.https://github.com/.extraheader' || :\""
2026-02-10T17:29:11.3768009Z [command]"C:\Program Files\Git\bin\git.exe" config --local --name-only --get-regexp ^includeIf\.gitdir:
2026-02-10T17:29:11.4100294Z [command]"C:\Program Files\Git\bin\git.exe" submodule foreach --recursive "git config --local --show-origin --name-only --get-regexp remote.origin.url"
2026-02-10T17:29:11.9909869Z Cleaning up orphan processes
