2026-02-10T17:28:13.7299964Z Current runner version: '2.331.0'
2026-02-10T17:28:13.7676526Z ##[group]Runner Image Provisioner
2026-02-10T17:28:13.7677441Z Hosted Compute Agent
2026-02-10T17:28:13.7677943Z Version: 20260123.484
2026-02-10T17:28:13.7678512Z Commit: 6bd6555ca37d84114959e1c76d2c01448ff61c5d
2026-02-10T17:28:13.7679146Z Build Date: 2026-01-23T19:41:17Z
2026-02-10T17:28:13.7679764Z Worker ID: {f484de6a-41a7-494f-b179-2777dcc6194c}
2026-02-10T17:28:13.7680421Z Azure Region: westus
2026-02-10T17:28:13.7680871Z ##[endgroup]
2026-02-10T17:28:13.7682216Z ##[group]Operating System
2026-02-10T17:28:13.7682767Z Microsoft Windows Server 2025
2026-02-10T17:28:13.7683299Z 10.0.26100
2026-02-10T17:28:13.7683709Z Datacenter
2026-02-10T17:28:13.7684146Z ##[endgroup]
2026-02-10T17:28:13.7684553Z ##[group]Runner Image
2026-02-10T17:28:13.7685075Z Image: windows-2025
2026-02-10T17:28:13.7685541Z Version: 20260202.17.1
2026-02-10T17:28:13.7688508Z Included Software: https://github.com/actions/runner-images/blob/win25/20260202.17/images/windows/Windows2025-Readme.md
2026-02-10T17:28:13.7690728Z Image Release: https://github.com/actions/runner-images/releases/tag/win25%2F20260202.17
2026-02-10T17:28:13.7692024Z ##[endgroup]
2026-02-10T17:28:13.7693144Z ##[group]GITHUB_TOKEN Permissions
2026-02-10T17:28:13.7695060Z Contents: read
2026-02-10T17:28:13.7695580Z Metadata: read
2026-02-10T17:28:13.7696049Z Packages: read
2026-02-10T17:28:13.7696467Z ##[endgroup]
2026-02-10T17:28:13.7698610Z Secret source: Actions
2026-02-10T17:28:13.7699234Z Prepare workflow directory
2026-02-10T17:28:13.8951466Z Prepare all required actions
2026-02-10T17:28:13.8993840Z Getting action download info
2026-02-10T17:28:14.3764704Z Download action repository 'actions/checkout@v4' (SHA:34e114876b0b11c390a56381ad16ebd13914f8d5)
2026-02-10T17:28:14.5754434Z Download action repository 'actions/setup-python@v5' (SHA:a26af69be951a213d495a4c3e4e4022e16d87065)
2026-02-10T17:28:15.2801146Z Complete job name: Test Python 3.11 on windows-latest
2026-02-10T17:28:16.0571071Z ##[group]Run actions/checkout@v4
2026-02-10T17:28:16.0572314Z with:
2026-02-10T17:28:16.0572693Z   repository: gabrielima7/BasalGuard
2026-02-10T17:28:16.0573454Z   token: ***
2026-02-10T17:28:16.0573788Z   ssh-strict: true
2026-02-10T17:28:16.0574141Z   ssh-user: git
2026-02-10T17:28:16.0574502Z   persist-credentials: true
2026-02-10T17:28:16.0574907Z   clean: true
2026-02-10T17:28:16.0575264Z   sparse-checkout-cone-mode: true
2026-02-10T17:28:16.0575696Z   fetch-depth: 1
2026-02-10T17:28:16.0576033Z   fetch-tags: false
2026-02-10T17:28:16.0576398Z   show-progress: true
2026-02-10T17:28:16.0576751Z   lfs: false
2026-02-10T17:28:16.0577085Z   submodules: false
2026-02-10T17:28:16.0577459Z   set-safe-directory: true
2026-02-10T17:28:16.0578083Z ##[endgroup]
2026-02-10T17:28:16.2395740Z Syncing repository: gabrielima7/BasalGuard
2026-02-10T17:28:16.2398537Z ##[group]Getting Git version info
2026-02-10T17:28:16.2399528Z Working directory is 'D:\a\BasalGuard\BasalGuard'
2026-02-10T17:28:16.3681289Z [command]"C:\Program Files\Git\bin\git.exe" version
2026-02-10T17:28:16.7440567Z git version 2.53.0.windows.1
2026-02-10T17:28:16.7505464Z ##[endgroup]
2026-02-10T17:28:16.7527328Z Temporarily overriding HOME='D:\a\_temp\917da7d8-e3c6-4904-89c1-c94615547d5e' before making global git config changes
2026-02-10T17:28:16.7528878Z Adding repository directory to the temporary git global config as a safe directory
2026-02-10T17:28:16.7538529Z [command]"C:\Program Files\Git\bin\git.exe" config --global --add safe.directory D:\a\BasalGuard\BasalGuard
2026-02-10T17:28:16.8165788Z Deleting the contents of 'D:\a\BasalGuard\BasalGuard'
2026-02-10T17:28:16.8174010Z ##[group]Initializing the repository
2026-02-10T17:28:16.8185272Z [command]"C:\Program Files\Git\bin\git.exe" init D:\a\BasalGuard\BasalGuard
2026-02-10T17:28:16.9292654Z Initialized empty Git repository in D:/a/BasalGuard/BasalGuard/.git/
2026-02-10T17:28:16.9357162Z [command]"C:\Program Files\Git\bin\git.exe" remote add origin https://github.com/gabrielima7/BasalGuard
2026-02-10T17:28:17.0040051Z ##[endgroup]
2026-02-10T17:28:17.0043391Z ##[group]Disabling automatic garbage collection
2026-02-10T17:28:17.0045249Z [command]"C:\Program Files\Git\bin\git.exe" config --local gc.auto 0
2026-02-10T17:28:17.0469856Z ##[endgroup]
2026-02-10T17:28:17.0470972Z ##[group]Setting up auth
2026-02-10T17:28:17.0491876Z [command]"C:\Program Files\Git\bin\git.exe" config --local --name-only --get-regexp core\.sshCommand
2026-02-10T17:28:17.0862012Z [command]"C:\Program Files\Git\bin\git.exe" submodule foreach --recursive "sh -c \"git config --local --name-only --get-regexp 'core\.sshCommand' && git config --local --unset-all 'core.sshCommand' || :\""
2026-02-10T17:28:18.7225159Z [command]"C:\Program Files\Git\bin\git.exe" config --local --name-only --get-regexp http\.https\:\/\/github\.com\/\.extraheader
2026-02-10T17:28:18.7602043Z [command]"C:\Program Files\Git\bin\git.exe" submodule foreach --recursive "sh -c \"git config --local --name-only --get-regexp 'http\.https\:\/\/github\.com\/\.extraheader' && git config --local --unset-all 'http.https://github.com/.extraheader' || :\""
2026-02-10T17:28:19.4223375Z [command]"C:\Program Files\Git\bin\git.exe" config --local --name-only --get-regexp ^includeIf\.gitdir:
2026-02-10T17:28:19.4581468Z [command]"C:\Program Files\Git\bin\git.exe" submodule foreach --recursive "git config --local --show-origin --name-only --get-regexp remote.origin.url"
2026-02-10T17:28:20.0297571Z [command]"C:\Program Files\Git\bin\git.exe" config --local http.https://github.com/.extraheader "AUTHORIZATION: basic ***"
2026-02-10T17:28:20.0638899Z ##[endgroup]
2026-02-10T17:28:20.0639533Z ##[group]Fetching the repository
2026-02-10T17:28:20.0653089Z [command]"C:\Program Files\Git\bin\git.exe" -c protocol.version=2 fetch --no-tags --prune --no-recurse-submodules --depth=1 origin +adc2f215813a0c775243ca501085c28bdb02651f:refs/remotes/origin/main
2026-02-10T17:28:22.0464541Z From https://github.com/gabrielima7/BasalGuard
2026-02-10T17:28:22.0990697Z  * [new ref]         adc2f215813a0c775243ca501085c28bdb02651f -> origin/main
2026-02-10T17:28:22.0993009Z ##[endgroup]
2026-02-10T17:28:22.0993576Z ##[group]Determining the checkout info
2026-02-10T17:28:22.0995215Z ##[endgroup]
2026-02-10T17:28:22.1007709Z [command]"C:\Program Files\Git\bin\git.exe" sparse-checkout disable
2026-02-10T17:28:22.1669160Z [command]"C:\Program Files\Git\bin\git.exe" config --local --unset-all extensions.worktreeConfig
2026-02-10T17:28:22.2034700Z ##[group]Checking out the ref
2026-02-10T17:28:22.2050316Z [command]"C:\Program Files\Git\bin\git.exe" checkout --progress --force -B main refs/remotes/origin/main
2026-02-10T17:28:22.3244936Z Switched to a new branch 'main'
2026-02-10T17:28:22.3297034Z branch 'main' set up to track 'origin/main'.
2026-02-10T17:28:22.3350376Z ##[endgroup]
2026-02-10T17:28:22.3932373Z [command]"C:\Program Files\Git\bin\git.exe" log -1 --format=%H
2026-02-10T17:28:22.4228914Z adc2f215813a0c775243ca501085c28bdb02651f
2026-02-10T17:28:22.4715697Z ##[group]Run actions/setup-python@v5
2026-02-10T17:28:22.4716052Z with:
2026-02-10T17:28:22.4716215Z   python-version: 3.11
2026-02-10T17:28:22.4716428Z   check-latest: false
2026-02-10T17:28:22.4716769Z   token: ***
2026-02-10T17:28:22.4716948Z   update-environment: true
2026-02-10T17:28:22.4717154Z   allow-prereleases: false
2026-02-10T17:28:22.4717378Z   freethreaded: false
2026-02-10T17:28:22.4717581Z ##[endgroup]
2026-02-10T17:28:22.7142944Z ##[group]Installed versions
2026-02-10T17:28:22.7499852Z Successfully set up CPython (3.11.9)
2026-02-10T17:28:22.7501110Z ##[endgroup]
2026-02-10T17:28:22.7774052Z ##[group]Run pipx install poetry
2026-02-10T17:28:22.7774439Z [36;1mpipx install poetry[0m
2026-02-10T17:28:23.1901967Z shell: C:\Program Files\PowerShell\7\pwsh.EXE -command ". '{0}'"
2026-02-10T17:28:23.1902446Z env:
2026-02-10T17:28:23.1902771Z   pythonLocation: C:\hostedtoolcache\windows\Python\3.11.9\x64
2026-02-10T17:28:23.1903388Z   PKG_CONFIG_PATH: C:\hostedtoolcache\windows\Python\3.11.9\x64/lib/pkgconfig
2026-02-10T17:28:23.1905236Z   Python_ROOT_DIR: C:\hostedtoolcache\windows\Python\3.11.9\x64
2026-02-10T17:28:23.1905741Z   Python2_ROOT_DIR: C:\hostedtoolcache\windows\Python\3.11.9\x64
2026-02-10T17:28:23.1906243Z   Python3_ROOT_DIR: C:\hostedtoolcache\windows\Python\3.11.9\x64
2026-02-10T17:28:23.1906622Z ##[endgroup]
2026-02-10T17:28:30.4022678Z Found a space in the pipx home path. We heavily discourage this, due to
2026-02-10T17:28:30.4023675Z     multiple incompatibilities. Please check our docs for more information on
2026-02-10T17:28:30.4024646Z     this, as well as some pointers on how to migrate to a different home path.
2026-02-10T17:28:31.1261542Z creating virtual environment...
2026-02-10T17:28:31.4113428Z installing poetry...
2026-02-10T17:28:49.8328839Z done! 
2026-02-10T17:28:49.8332314Z   installed package poetry 2.3.2, installed using Python 3.12.10
2026-02-10T17:28:49.8332923Z   These apps are now globally available
2026-02-10T17:28:49.8333375Z     - poetry.exe
2026-02-10T17:28:50.4644616Z ##[group]Run poetry install
2026-02-10T17:28:50.4644907Z [36;1mpoetry install[0m
2026-02-10T17:28:50.4713993Z shell: C:\Program Files\PowerShell\7\pwsh.EXE -command ". '{0}'"
2026-02-10T17:28:50.4714307Z env:
2026-02-10T17:28:50.4714558Z   pythonLocation: C:\hostedtoolcache\windows\Python\3.11.9\x64
2026-02-10T17:28:50.4714978Z   PKG_CONFIG_PATH: C:\hostedtoolcache\windows\Python\3.11.9\x64/lib/pkgconfig
2026-02-10T17:28:50.4715387Z   Python_ROOT_DIR: C:\hostedtoolcache\windows\Python\3.11.9\x64
2026-02-10T17:28:50.4715757Z   Python2_ROOT_DIR: C:\hostedtoolcache\windows\Python\3.11.9\x64
2026-02-10T17:28:50.4716120Z   Python3_ROOT_DIR: C:\hostedtoolcache\windows\Python\3.11.9\x64
2026-02-10T17:28:50.4716408Z ##[endgroup]
2026-02-10T17:28:53.0294827Z Creating virtualenv basalguard-ycvLmXEg-py3.11 in C:\Users\runneradmin\AppData\Local\pypoetry\Cache\virtualenvs
2026-02-10T17:28:56.0751123Z Updating dependencies
2026-02-10T17:28:56.0753281Z Resolving dependencies...
2026-02-10T17:29:06.5043365Z 
2026-02-10T17:29:06.5044019Z Package operations: 53 installs, 0 updates, 0 removals
2026-02-10T17:29:06.5044580Z 
2026-02-10T17:29:06.5051141Z   - Installing pycparser (3.0)
2026-02-10T17:29:06.8661403Z   - Installing cffi (2.0.0)
2026-02-10T17:29:06.8663986Z   - Installing protobuf (4.25.8)
2026-02-10T17:29:06.8668251Z   - Installing pyasn1 (0.6.2)
2026-02-10T17:29:06.8686863Z   - Installing typing-extensions (4.15.0)
2026-02-10T17:29:07.5939452Z   - Installing certifi (2026.1.4)
2026-02-10T17:29:07.5943491Z   - Installing charset-normalizer (3.4.4)
2026-02-10T17:29:07.5947868Z   - Installing googleapis-common-protos (1.72.0)
2026-02-10T17:29:07.5956515Z   - Installing grpcio (1.78.0)
2026-02-10T17:29:07.5966905Z   - Installing idna (3.11)
2026-02-10T17:29:07.5973185Z   - Installing pyasn1-modules (0.4.2)
2026-02-10T17:29:07.5980900Z   - Installing cryptography (46.0.4)
2026-02-10T17:29:07.6047395Z   - Installing rsa (4.9.1)
2026-02-10T17:29:07.7572427Z   - Installing urllib3 (2.6.3)
2026-02-10T17:29:08.8731722Z   - Installing google-auth (2.48.0)
2026-02-10T17:29:08.8735065Z   - Installing grpcio-status (1.62.3)
2026-02-10T17:29:08.8741293Z   - Installing h11 (0.16.0)
2026-02-10T17:29:08.8749278Z   - Installing proto-plus (1.27.1)
2026-02-10T17:29:08.8751948Z   - Installing requests (2.32.5)
2026-02-10T17:29:08.8762216Z   - Installing mdurl (0.1.2)
2026-02-10T17:29:09.0364169Z   - Installing annotated-types (0.7.0)
2026-02-10T17:29:09.0367597Z   - Installing anyio (4.12.1)
2026-02-10T17:29:09.0373847Z   - Installing colorama (0.4.6)
2026-02-10T17:29:09.0380748Z   - Installing httpcore (1.0.9)
2026-02-10T17:29:09.0392932Z   - Installing iniconfig (2.3.0)
2026-02-10T17:29:09.0399483Z   - Installing google-api-core (2.29.0)
2026-02-10T17:29:09.0408262Z   - Installing markdown-it-py (4.0.0)
2026-02-10T17:29:09.0420663Z   - Installing packaging (26.0)
2026-02-10T17:29:09.1442213Z   - Installing pluggy (1.6.0)
2026-02-10T17:29:09.1698882Z   - Installing pydantic-core (2.41.5)
2026-02-10T17:29:09.2009719Z   - Installing pygments (2.19.2)
2026-02-10T17:29:09.2239386Z   - Installing typing-inspection (0.4.2)
2026-02-10T17:29:09.8392297Z   - Installing coverage (7.13.4)
2026-02-10T17:29:09.8395260Z   - Installing distro (1.9.0)
2026-02-10T17:29:09.8402065Z   - Installing google-ai-generativelanguage (0.4.0)
2026-02-10T17:29:09.8409027Z   - Installing httpx (0.28.1)
2026-02-10T17:29:09.8413167Z   - Installing librt (0.7.8)
2026-02-10T17:29:09.8421924Z   - Installing mypy-extensions (1.1.0)
2026-02-10T17:29:09.8425725Z   - Installing pathspec (1.0.4)
2026-02-10T17:29:09.8442941Z   - Installing jiter (0.13.0)
2026-02-10T17:29:09.9329110Z   - Installing pydantic (2.12.5)
2026-02-10T17:29:09.9765704Z   - Installing pytest (8.4.2)
2026-02-10T17:29:09.9956473Z   - Installing pyyaml (6.0.3)
2026-02-10T17:29:10.0176024Z   - Installing rich (14.3.2)
2026-02-10T17:29:10.0904693Z   - Installing sniffio (1.3.1)
2026-02-10T17:29:10.1161944Z   - Installing stevedore (5.6.0)
2026-02-10T17:29:10.1717715Z   - Installing tqdm (4.67.3)
2026-02-10T17:29:10.4940045Z   - Installing bandit (1.9.3)
2026-02-10T17:29:10.4943079Z   - Installing google-generativeai (0.3.2)
2026-02-10T17:29:10.4946513Z   - Installing mypy (1.19.1)
2026-02-10T17:29:10.4962506Z   - Installing pytest-cov (4.1.0)
2026-02-10T17:29:10.4964998Z   - Installing ruff (0.1.15)
2026-02-10T17:29:10.4973673Z   - Installing openai (1.109.1)
2026-02-10T17:29:13.5447822Z 
2026-02-10T17:29:13.5448265Z Writing lock file
2026-02-10T17:29:13.5463137Z 
2026-02-10T17:29:13.5463499Z Installing the current project: basalguard (0.1.0)
2026-02-10T17:29:14.0089651Z ##[group]Run poetry run pytest tests/ -v
2026-02-10T17:29:14.0090019Z [36;1mpoetry run pytest tests/ -v[0m
2026-02-10T17:29:14.0160412Z shell: C:\Program Files\PowerShell\7\pwsh.EXE -command ". '{0}'"
2026-02-10T17:29:14.0160741Z env:
2026-02-10T17:29:14.0160978Z   pythonLocation: C:\hostedtoolcache\windows\Python\3.11.9\x64
2026-02-10T17:29:14.0161405Z   PKG_CONFIG_PATH: C:\hostedtoolcache\windows\Python\3.11.9\x64/lib/pkgconfig
2026-02-10T17:29:14.0161837Z   Python_ROOT_DIR: C:\hostedtoolcache\windows\Python\3.11.9\x64
2026-02-10T17:29:14.0162208Z   Python2_ROOT_DIR: C:\hostedtoolcache\windows\Python\3.11.9\x64
2026-02-10T17:29:14.0162581Z   Python3_ROOT_DIR: C:\hostedtoolcache\windows\Python\3.11.9\x64
2026-02-10T17:29:14.0162864Z ##[endgroup]
2026-02-10T17:29:17.5187740Z ============================= test session starts =============================
2026-02-10T17:29:17.5188788Z platform win32 -- Python 3.11.9, pytest-8.4.2, pluggy-1.6.0 -- C:\Users\runneradmin\AppData\Local\pypoetry\Cache\virtualenvs\basalguard-ycvLmXEg-py3.11\Scripts\python.exe
2026-02-10T17:29:17.5189620Z cachedir: .pytest_cache
2026-02-10T17:29:17.5189860Z rootdir: D:\a\BasalGuard\BasalGuard
2026-02-10T17:29:17.5190131Z configfile: pyproject.toml
2026-02-10T17:29:17.5190407Z plugins: anyio-4.12.1, cov-4.1.0
2026-02-10T17:29:17.7870875Z collecting ... collected 0 items / 1 error
2026-02-10T17:29:17.7871271Z 
2026-02-10T17:29:17.7871745Z =================================== ERRORS ====================================
2026-02-10T17:29:17.7872897Z ________________ ERROR collecting tests/test_agent_firewall.py ________________
2026-02-10T17:29:17.7873828Z ImportError while importing test module 'D:\a\BasalGuard\BasalGuard\tests\test_agent_firewall.py'.
2026-02-10T17:29:17.7874737Z Hint: make sure your test modules/packages have valid Python names.
2026-02-10T17:29:17.7875247Z Traceback:
2026-02-10T17:29:17.7875816Z C:\hostedtoolcache\windows\Python\3.11.9\x64\Lib\importlib\__init__.py:126: in import_module
2026-02-10T17:29:17.7876481Z     return _bootstrap._gcd_import(name[level:], package, level)
2026-02-10T17:29:17.7876864Z            ^^^^^^^^^^^^^^^^^^^^^^^^^^^^^^^^^^^^^^^^^^^^^^^^^^^^
2026-02-10T17:29:17.7877224Z tests\test_agent_firewall.py:21: in <module>
2026-02-10T17:29:17.7877558Z     from basalguard.core.agent_firewall import (
2026-02-10T17:29:17.7878293Z src\basalguard\core\agent_firewall.py:34: in <module>
2026-02-10T17:29:17.7879083Z     from taipanstack.security.guards import (
2026-02-10T17:29:17.7879441Z E   ModuleNotFoundError: No module named 'taipanstack'
2026-02-10T17:29:17.7879834Z =========================== short test summary info ===========================
2026-02-10T17:29:17.7880189Z ERROR tests/test_agent_firewall.py
2026-02-10T17:29:17.7880537Z !!!!!!!!!!!!!!!!!!! Interrupted: 1 error during collection !!!!!!!!!!!!!!!!!!!!
2026-02-10T17:29:17.7880950Z ============================== 1 error in 0.25s ===============================
2026-02-10T17:29:18.0364802Z ##[error]Process completed with exit code 1.
2026-02-10T17:29:18.0573953Z Post job cleanup.
2026-02-10T17:29:18.2977315Z [command]"C:\Program Files\Git\bin\git.exe" version
2026-02-10T17:29:18.3258437Z git version 2.53.0.windows.1
2026-02-10T17:29:18.3337996Z Temporarily overriding HOME='D:\a\_temp\775e2119-5e45-4559-92f8-4e89e08d1dd2' before making global git config changes
2026-02-10T17:29:18.3339117Z Adding repository directory to the temporary git global config as a safe directory
2026-02-10T17:29:18.3350320Z [command]"C:\Program Files\Git\bin\git.exe" config --global --add safe.directory D:\a\BasalGuard\BasalGuard
2026-02-10T17:29:18.3684990Z [command]"C:\Program Files\Git\bin\git.exe" config --local --name-only --get-regexp core\.sshCommand
2026-02-10T17:29:18.4006928Z [command]"C:\Program Files\Git\bin\git.exe" submodule foreach --recursive "sh -c \"git config --local --name-only --get-regexp 'core\.sshCommand' && git config --local --unset-all 'core.sshCommand' || :\""
2026-02-10T17:29:18.9924599Z [command]"C:\Program Files\Git\bin\git.exe" config --local --name-only --get-regexp http\.https\:\/\/github\.com\/\.extraheader
2026-02-10T17:29:19.0204127Z http.https://github.com/.extraheader
2026-02-10T17:29:19.0258191Z [command]"C:\Program Files\Git\bin\git.exe" config --local --unset-all http.https://github.com/.extraheader
2026-02-10T17:29:19.0596521Z [command]"C:\Program Files\Git\bin\git.exe" submodule foreach --recursive "sh -c \"git config --local --name-only --get-regexp 'http\.https\:\/\/github\.com\/\.extraheader' && git config --local --unset-all 'http.https://github.com/.extraheader' || :\""
2026-02-10T17:29:19.6600256Z [command]"C:\Program Files\Git\bin\git.exe" config --local --name-only --get-regexp ^includeIf\.gitdir:
2026-02-10T17:29:19.6938500Z [command]"C:\Program Files\Git\bin\git.exe" submodule foreach --recursive "git config --local --show-origin --name-only --get-regexp remote.origin.url"
2026-02-10T17:29:20.3006113Z Cleaning up orphan processes
