2026-02-10T17:28:10.6632704Z Current runner version: '2.331.0'
2026-02-10T17:28:10.6663725Z ##[group]Runner Image Provisioner
2026-02-10T17:28:10.6665052Z Hosted Compute Agent
2026-02-10T17:28:10.6665964Z Version: 20260123.484
2026-02-10T17:28:10.6666940Z Commit: 6bd6555ca37d84114959e1c76d2c01448ff61c5d
2026-02-10T17:28:10.6668046Z Build Date: 2026-01-23T19:41:17Z
2026-02-10T17:28:10.6669341Z Worker ID: {602f1618-c6d7-484b-8dfa-08bd24e70470}
2026-02-10T17:28:10.6670667Z Azure Region: eastus2
2026-02-10T17:28:10.6671577Z ##[endgroup]
2026-02-10T17:28:10.6673901Z ##[group]Operating System
2026-02-10T17:28:10.6674847Z Ubuntu
2026-02-10T17:28:10.6675854Z 24.04.3
2026-02-10T17:28:10.6676595Z LTS
2026-02-10T17:28:10.6677347Z ##[endgroup]
2026-02-10T17:28:10.6678256Z ##[group]Runner Image
2026-02-10T17:28:10.6679134Z Image: ubuntu-24.04
2026-02-10T17:28:10.6680197Z Version: 20260201.15.1
2026-02-10T17:28:10.6682283Z Included Software: https://github.com/actions/runner-images/blob/ubuntu24/20260201.15/images/ubuntu/Ubuntu2404-Readme.md
2026-02-10T17:28:10.6684897Z Image Release: https://github.com/actions/runner-images/releases/tag/ubuntu24%2F20260201.15
2026-02-10T17:28:10.6686539Z ##[endgroup]
2026-02-10T17:28:10.6688483Z ##[group]GITHUB_TOKEN Permissions
2026-02-10T17:28:10.6691287Z Contents: read
2026-02-10T17:28:10.6692085Z Metadata: read
2026-02-10T17:28:10.6693077Z Packages: read
2026-02-10T17:28:10.6694372Z ##[endgroup]
2026-02-10T17:28:10.6697239Z Secret source: Actions
2026-02-10T17:28:10.6698656Z Prepare workflow directory
2026-02-10T17:28:10.7162798Z Prepare all required actions
2026-02-10T17:28:10.7219021Z Getting action download info
2026-02-10T17:28:10.9824991Z Download action repository 'actions/checkout@v4' (SHA:34e114876b0b11c390a56381ad16ebd13914f8d5)
2026-02-10T17:28:11.0937110Z Download action repository 'actions/setup-python@v5' (SHA:a26af69be951a213d495a4c3e4e4022e16d87065)
2026-02-10T17:28:11.2802655Z Complete job name: Test Python 3.12 on ubuntu-latest
2026-02-10T17:28:11.3400249Z ##[group]Run actions/checkout@v4
2026-02-10T17:28:11.3401141Z with:
2026-02-10T17:28:11.3401561Z   repository: gabrielima7/BasalGuard
2026-02-10T17:28:11.3402241Z   token: ***
2026-02-10T17:28:11.3402633Z   ssh-strict: true
2026-02-10T17:28:11.3403017Z   ssh-user: git
2026-02-10T17:28:11.3403425Z   persist-credentials: true
2026-02-10T17:28:11.3403869Z   clean: true
2026-02-10T17:28:11.3404267Z   sparse-checkout-cone-mode: true
2026-02-10T17:28:11.3404740Z   fetch-depth: 1
2026-02-10T17:28:11.3405122Z   fetch-tags: false
2026-02-10T17:28:11.3405522Z   show-progress: true
2026-02-10T17:28:11.3405919Z   lfs: false
2026-02-10T17:28:11.3406302Z   submodules: false
2026-02-10T17:28:11.3406706Z   set-safe-directory: true
2026-02-10T17:28:11.3407348Z ##[endgroup]
2026-02-10T17:28:11.4453131Z Syncing repository: gabrielima7/BasalGuard
2026-02-10T17:28:11.4454786Z ##[group]Getting Git version info
2026-02-10T17:28:11.4455493Z Working directory is '/home/runner/work/BasalGuard/BasalGuard'
2026-02-10T17:28:11.4456525Z [command]/usr/bin/git version
2026-02-10T17:28:11.4532036Z git version 2.52.0
2026-02-10T17:28:11.4557915Z ##[endgroup]
2026-02-10T17:28:11.4571567Z Temporarily overriding HOME='/home/runner/work/_temp/a75cbb61-4c41-4701-aa25-2c33f4bcc924' before making global git config changes
2026-02-10T17:28:11.4573708Z Adding repository directory to the temporary git global config as a safe directory
2026-02-10T17:28:11.4584165Z [command]/usr/bin/git config --global --add safe.directory /home/runner/work/BasalGuard/BasalGuard
2026-02-10T17:28:11.4620625Z Deleting the contents of '/home/runner/work/BasalGuard/BasalGuard'
2026-02-10T17:28:11.4624040Z ##[group]Initializing the repository
2026-02-10T17:28:11.4627710Z [command]/usr/bin/git init /home/runner/work/BasalGuard/BasalGuard
2026-02-10T17:28:11.4735866Z hint: Using 'master' as the name for the initial branch. This default branch name
2026-02-10T17:28:11.4737675Z hint: will change to "main" in Git 3.0. To configure the initial branch name
2026-02-10T17:28:11.4739214Z hint: to use in all of your new repositories, which will suppress this warning,
2026-02-10T17:28:11.4740825Z hint: call:
2026-02-10T17:28:11.4741417Z hint:
2026-02-10T17:28:11.4742127Z hint: 	git config --global init.defaultBranch <name>
2026-02-10T17:28:11.4742724Z hint:
2026-02-10T17:28:11.4743290Z hint: Names commonly chosen instead of 'master' are 'main', 'trunk' and
2026-02-10T17:28:11.4744203Z hint: 'development'. The just-created branch can be renamed via this command:
2026-02-10T17:28:11.4744926Z hint:
2026-02-10T17:28:11.4745312Z hint: 	git branch -m <name>
2026-02-10T17:28:11.4745831Z hint:
2026-02-10T17:28:11.4746762Z hint: Disable this message with "git config set advice.defaultBranchName false"
2026-02-10T17:28:11.4747751Z Initialized empty Git repository in /home/runner/work/BasalGuard/BasalGuard/.git/
2026-02-10T17:28:11.4751713Z [command]/usr/bin/git remote add origin https://github.com/gabrielima7/BasalGuard
2026-02-10T17:28:11.4783780Z ##[endgroup]
2026-02-10T17:28:11.4784527Z ##[group]Disabling automatic garbage collection
2026-02-10T17:28:11.4787542Z [command]/usr/bin/git config --local gc.auto 0
2026-02-10T17:28:11.4815074Z ##[endgroup]
2026-02-10T17:28:11.4815736Z ##[group]Setting up auth
2026-02-10T17:28:11.4821476Z [command]/usr/bin/git config --local --name-only --get-regexp core\.sshCommand
2026-02-10T17:28:11.4850071Z [command]/usr/bin/git submodule foreach --recursive sh -c "git config --local --name-only --get-regexp 'core\.sshCommand' && git config --local --unset-all 'core.sshCommand' || :"
2026-02-10T17:28:11.5206782Z [command]/usr/bin/git config --local --name-only --get-regexp http\.https\:\/\/github\.com\/\.extraheader
2026-02-10T17:28:11.5235326Z [command]/usr/bin/git submodule foreach --recursive sh -c "git config --local --name-only --get-regexp 'http\.https\:\/\/github\.com\/\.extraheader' && git config --local --unset-all 'http.https://github.com/.extraheader' || :"
2026-02-10T17:28:11.5452718Z [command]/usr/bin/git config --local --name-only --get-regexp ^includeIf\.gitdir:
2026-02-10T17:28:11.5480845Z [command]/usr/bin/git submodule foreach --recursive git config --local --show-origin --name-only --get-regexp remote.origin.url
2026-02-10T17:28:11.5706340Z [command]/usr/bin/git config --local http.https://github.com/.extraheader AUTHORIZATION: basic ***
2026-02-10T17:28:11.5737448Z ##[endgroup]
2026-02-10T17:28:11.5746024Z ##[group]Fetching the repository
2026-02-10T17:28:11.5747411Z [command]/usr/bin/git -c protocol.version=2 fetch --no-tags --prune --no-recurse-submodules --depth=1 origin +adc2f215813a0c775243ca501085c28bdb02651f:refs/remotes/origin/main
2026-02-10T17:28:11.8066105Z From https://github.com/gabrielima7/BasalGuard
2026-02-10T17:28:11.8067407Z  * [new ref]         adc2f215813a0c775243ca501085c28bdb02651f -> origin/main
2026-02-10T17:28:11.8097914Z ##[endgroup]
2026-02-10T17:28:11.8098976Z ##[group]Determining the checkout info
2026-02-10T17:28:11.8100478Z ##[endgroup]
2026-02-10T17:28:11.8105317Z [command]/usr/bin/git sparse-checkout disable
2026-02-10T17:28:11.8145327Z [command]/usr/bin/git config --local --unset-all extensions.worktreeConfig
2026-02-10T17:28:11.8169553Z ##[group]Checking out the ref
2026-02-10T17:28:11.8173338Z [command]/usr/bin/git checkout --progress --force -B main refs/remotes/origin/main
2026-02-10T17:28:11.8282075Z Switched to a new branch 'main'
2026-02-10T17:28:11.8284777Z branch 'main' set up to track 'origin/main'.
2026-02-10T17:28:11.8291287Z ##[endgroup]
2026-02-10T17:28:11.8323051Z [command]/usr/bin/git log -1 --format=%H
2026-02-10T17:28:11.8343589Z adc2f215813a0c775243ca501085c28bdb02651f
2026-02-10T17:28:11.8582300Z ##[group]Run actions/setup-python@v5
2026-02-10T17:28:11.8582849Z with:
2026-02-10T17:28:11.8583206Z   python-version: 3.12
2026-02-10T17:28:11.8583628Z   check-latest: false
2026-02-10T17:28:11.8584186Z   token: ***
2026-02-10T17:28:11.8584578Z   update-environment: true
2026-02-10T17:28:11.8585024Z   allow-prereleases: false
2026-02-10T17:28:11.8585444Z   freethreaded: false
2026-02-10T17:28:11.8585840Z ##[endgroup]
2026-02-10T17:28:12.0207316Z ##[group]Installed versions
2026-02-10T17:28:12.0319425Z Successfully set up CPython (3.12.12)
2026-02-10T17:28:12.0321175Z ##[endgroup]
2026-02-10T17:28:12.0441111Z ##[group]Run pipx install poetry
2026-02-10T17:28:12.0441701Z [36;1mpipx install poetry[0m
2026-02-10T17:28:12.0491012Z shell: /usr/bin/bash -e {0}
2026-02-10T17:28:12.0491512Z env:
2026-02-10T17:28:12.0491983Z   pythonLocation: /opt/hostedtoolcache/Python/3.12.12/x64
2026-02-10T17:28:12.0492769Z   PKG_CONFIG_PATH: /opt/hostedtoolcache/Python/3.12.12/x64/lib/pkgconfig
2026-02-10T17:28:12.0493549Z   Python_ROOT_DIR: /opt/hostedtoolcache/Python/3.12.12/x64
2026-02-10T17:28:12.0494234Z   Python2_ROOT_DIR: /opt/hostedtoolcache/Python/3.12.12/x64
2026-02-10T17:28:12.0494932Z   Python3_ROOT_DIR: /opt/hostedtoolcache/Python/3.12.12/x64
2026-02-10T17:28:12.0495650Z   LD_LIBRARY_PATH: /opt/hostedtoolcache/Python/3.12.12/x64/lib
2026-02-10T17:28:12.0496238Z ##[endgroup]
2026-02-10T17:28:12.3721250Z creating virtual environment...
2026-02-10T17:28:12.5149336Z installing poetry...
2026-02-10T17:28:19.5579587Z done! ✨ 🌟 ✨
2026-02-10T17:28:19.5582288Z   installed package poetry 2.3.2, installed using Python 3.12.3
2026-02-10T17:28:19.5584925Z   These apps are now globally available
2026-02-10T17:28:19.5585461Z     - poetry
2026-02-10T17:28:19.5799229Z ##[group]Run poetry install
2026-02-10T17:28:19.5799566Z [36;1mpoetry install[0m
2026-02-10T17:28:19.5832808Z shell: /usr/bin/bash -e {0}
2026-02-10T17:28:19.5833094Z env:
2026-02-10T17:28:19.5833387Z   pythonLocation: /opt/hostedtoolcache/Python/3.12.12/x64
2026-02-10T17:28:19.5833853Z   PKG_CONFIG_PATH: /opt/hostedtoolcache/Python/3.12.12/x64/lib/pkgconfig
2026-02-10T17:28:19.5834305Z   Python_ROOT_DIR: /opt/hostedtoolcache/Python/3.12.12/x64
2026-02-10T17:28:19.5834694Z   Python2_ROOT_DIR: /opt/hostedtoolcache/Python/3.12.12/x64
2026-02-10T17:28:19.5835099Z   Python3_ROOT_DIR: /opt/hostedtoolcache/Python/3.12.12/x64
2026-02-10T17:28:19.5835536Z   LD_LIBRARY_PATH: /opt/hostedtoolcache/Python/3.12.12/x64/lib
2026-02-10T17:28:19.5835924Z ##[endgroup]
2026-02-10T17:28:20.1523340Z Creating virtualenv basalguard-GmF7fbRV-py3.12 in /home/runner/.cache/pypoetry/virtualenvs
2026-02-10T17:28:20.7180403Z Updating dependencies
2026-02-10T17:28:20.7181063Z Resolving dependencies...
2026-02-10T17:28:25.8821965Z 
2026-02-10T17:28:25.8822604Z Package operations: 52 installs, 0 updates, 0 removals
2026-02-10T17:28:25.8823086Z 
2026-02-10T17:28:25.8826263Z   - Installing pycparser (3.0)
2026-02-10T17:28:25.9481303Z   - Installing cffi (2.0.0)
2026-02-10T17:28:25.9485308Z   - Installing protobuf (4.25.8)
2026-02-10T17:28:25.9493964Z   - Installing pyasn1 (0.6.2)
2026-02-10T17:28:25.9499141Z   - Installing typing-extensions (4.15.0)
2026-02-10T17:28:26.0810408Z   - Installing certifi (2026.1.4)
2026-02-10T17:28:26.0811533Z   - Installing charset-normalizer (3.4.4)
2026-02-10T17:28:26.0824356Z   - Installing cryptography (46.0.4)
2026-02-10T17:28:26.0834171Z   - Installing googleapis-common-protos (1.72.0)
2026-02-10T17:28:26.0852511Z   - Installing idna (3.11)
2026-02-10T17:28:26.0866036Z   - Installing grpcio (1.78.0)
2026-02-10T17:28:26.0874809Z   - Installing rsa (4.9.1)
2026-02-10T17:28:26.0880887Z   - Installing pyasn1-modules (0.4.2)
2026-02-10T17:28:26.1510648Z   - Installing urllib3 (2.6.3)
2026-02-10T17:28:26.5797239Z   - Installing google-auth (2.48.0)
2026-02-10T17:28:26.5802196Z   - Installing grpcio-status (1.62.3)
2026-02-10T17:28:26.5802937Z   - Installing h11 (0.16.0)
2026-02-10T17:28:26.5808234Z   - Installing mdurl (0.1.2)
2026-02-10T17:28:26.5813768Z   - Installing proto-plus (1.27.1)
2026-02-10T17:28:26.5843684Z   - Installing requests (2.32.5)
2026-02-10T17:28:26.6646485Z   - Installing annotated-types (0.7.0)
2026-02-10T17:28:26.6651051Z   - Installing anyio (4.12.1)
2026-02-10T17:28:26.6657402Z   - Installing google-api-core (2.29.0)
2026-02-10T17:28:26.6666941Z   - Installing httpcore (1.0.9)
2026-02-10T17:28:26.6679161Z   - Installing iniconfig (2.3.0)
2026-02-10T17:28:26.6684115Z   - Installing markdown-it-py (4.0.0)
2026-02-10T17:28:26.6697471Z   - Installing packaging (26.0)
2026-02-10T17:28:26.6709184Z   - Installing pluggy (1.6.0)
2026-02-10T17:28:26.7217946Z   - Installing pydantic-core (2.41.5)
2026-02-10T17:28:26.7472859Z   - Installing pygments (2.19.2)
2026-02-10T17:28:26.7578800Z   - Installing typing-inspection (0.4.2)
2026-02-10T17:28:26.9796093Z   - Installing coverage (7.13.4)
2026-02-10T17:28:26.9800834Z   - Installing distro (1.9.0)
2026-02-10T17:28:26.9802773Z   - Installing google-ai-generativelanguage (0.4.0)
2026-02-10T17:28:26.9808825Z   - Installing httpx (0.28.1)
2026-02-10T17:28:26.9824672Z   - Installing jiter (0.13.0)
2026-02-10T17:28:26.9835430Z   - Installing librt (0.7.8)
2026-02-10T17:28:26.9835942Z   - Installing mypy-extensions (1.1.0)
2026-02-10T17:28:26.9857786Z   - Installing pathspec (1.0.4)
2026-02-10T17:28:27.0685594Z   - Installing pydantic (2.12.5)
2026-02-10T17:28:27.0853873Z   - Installing pytest (8.4.2)
2026-02-10T17:28:27.1346846Z   - Installing pyyaml (6.0.3)
2026-02-10T17:28:27.1493333Z   - Installing rich (14.3.2)
2026-02-10T17:28:27.1559561Z   - Installing sniffio (1.3.1)
2026-02-10T17:28:27.1913924Z   - Installing stevedore (5.6.0)
2026-02-10T17:28:27.2180080Z   - Installing tqdm (4.67.3)
2026-02-10T17:28:27.4105821Z   - Installing bandit (1.9.3)
2026-02-10T17:28:27.4106583Z   - Installing google-generativeai (0.3.2)
2026-02-10T17:28:27.4112409Z   - Installing mypy (1.19.1)
2026-02-10T17:28:27.4117342Z   - Installing openai (1.109.1)
2026-02-10T17:28:27.4129983Z   - Installing pytest-cov (4.1.0)
2026-02-10T17:28:27.4135200Z   - Installing ruff (0.1.15)
2026-02-10T17:28:28.6024910Z 
2026-02-10T17:28:28.6025340Z Writing lock file
2026-02-10T17:28:28.6026167Z 
2026-02-10T17:28:28.6026878Z Installing the current project: basalguard (0.1.0)
2026-02-10T17:28:29.0048364Z ##[group]Run poetry run pytest tests/ -v
2026-02-10T17:28:29.0048705Z [36;1mpoetry run pytest tests/ -v[0m
2026-02-10T17:28:29.0082643Z shell: /usr/bin/bash -e {0}
2026-02-10T17:28:29.0082862Z env:
2026-02-10T17:28:29.0083114Z   pythonLocation: /opt/hostedtoolcache/Python/3.12.12/x64
2026-02-10T17:28:29.0083519Z   PKG_CONFIG_PATH: /opt/hostedtoolcache/Python/3.12.12/x64/lib/pkgconfig
2026-02-10T17:28:29.0083941Z   Python_ROOT_DIR: /opt/hostedtoolcache/Python/3.12.12/x64
2026-02-10T17:28:29.0084287Z   Python2_ROOT_DIR: /opt/hostedtoolcache/Python/3.12.12/x64
2026-02-10T17:28:29.0084643Z   Python3_ROOT_DIR: /opt/hostedtoolcache/Python/3.12.12/x64
2026-02-10T17:28:29.0084997Z   LD_LIBRARY_PATH: /opt/hostedtoolcache/Python/3.12.12/x64/lib
2026-02-10T17:28:29.0085284Z ##[endgroup]
2026-02-10T17:28:30.5577231Z ============================= test session starts ==============================
2026-02-10T17:28:30.5578679Z platform linux -- Python 3.12.12, pytest-8.4.2, pluggy-1.6.0 -- /home/runner/.cache/pypoetry/virtualenvs/basalguard-GmF7fbRV-py3.12/bin/python
2026-02-10T17:28:30.5580006Z cachedir: .pytest_cache
2026-02-10T17:28:30.5580462Z rootdir: /home/runner/work/BasalGuard/BasalGuard
2026-02-10T17:28:30.5580968Z configfile: pyproject.toml
2026-02-10T17:28:30.5581410Z plugins: anyio-4.12.1, cov-4.1.0
2026-02-10T17:28:30.7466834Z collecting ... collected 0 items / 1 error
2026-02-10T17:28:30.7467275Z 
2026-02-10T17:28:30.7468805Z ==================================== ERRORS ====================================
2026-02-10T17:28:30.7469497Z ________________ ERROR collecting tests/test_agent_firewall.py _________________
2026-02-10T17:28:30.7470694Z ImportError while importing test module '/home/runner/work/BasalGuard/BasalGuard/tests/test_agent_firewall.py'.
2026-02-10T17:28:30.7471721Z Hint: make sure your test modules/packages have valid Python names.
2026-02-10T17:28:30.7472352Z Traceback:
2026-02-10T17:28:30.7472999Z /opt/hostedtoolcache/Python/3.12.12/x64/lib/python3.12/importlib/__init__.py:90: in import_module
2026-02-10T17:28:30.7473870Z     return _bootstrap._gcd_import(name[level:], package, level)
2026-02-10T17:28:30.7474546Z            ^^^^^^^^^^^^^^^^^^^^^^^^^^^^^^^^^^^^^^^^^^^^^^^^^^^^
2026-02-10T17:28:30.7475029Z tests/test_agent_firewall.py:21: in <module>
2026-02-10T17:28:30.7475880Z     from basalguard.core.agent_firewall import (
2026-02-10T17:28:30.7476427Z src/basalguard/core/agent_firewall.py:34: in <module>
2026-02-10T17:28:30.7476954Z     from taipanstack.security.guards import (
2026-02-10T17:28:30.7477672Z E   ModuleNotFoundError: No module named 'taipanstack'
2026-02-10T17:28:30.7478276Z =========================== short test summary info ============================
2026-02-10T17:28:30.7478823Z ERROR tests/test_agent_firewall.py
2026-02-10T17:28:30.7479344Z !!!!!!!!!!!!!!!!!!!! Interrupted: 1 error during collection !!!!!!!!!!!!!!!!!!!!
2026-02-10T17:28:30.7480149Z =============================== 1 error in 0.17s ===============================
2026-02-10T17:28:30.7820745Z ##[error]Process completed with exit code 2.
2026-02-10T17:28:30.7920612Z Post job cleanup.
2026-02-10T17:28:30.8846710Z [command]/usr/bin/git version
2026-02-10T17:28:30.8881551Z git version 2.52.0
2026-02-10T17:28:30.8922889Z Temporarily overriding HOME='/home/runner/work/_temp/3e1ca237-aacf-41c6-a47e-05d4384059fe' before making global git config changes
2026-02-10T17:28:30.8924099Z Adding repository directory to the temporary git global config as a safe directory
2026-02-10T17:28:30.8934762Z [command]/usr/bin/git config --global --add safe.directory /home/runner/work/BasalGuard/BasalGuard
2026-02-10T17:28:30.8967679Z [command]/usr/bin/git config --local --name-only --get-regexp core\.sshCommand
2026-02-10T17:28:30.8999279Z [command]/usr/bin/git submodule foreach --recursive sh -c "git config --local --name-only --get-regexp 'core\.sshCommand' && git config --local --unset-all 'core.sshCommand' || :"
2026-02-10T17:28:30.9226178Z [command]/usr/bin/git config --local --name-only --get-regexp http\.https\:\/\/github\.com\/\.extraheader
2026-02-10T17:28:30.9246397Z http.https://github.com/.extraheader
2026-02-10T17:28:30.9258450Z [command]/usr/bin/git config --local --unset-all http.https://github.com/.extraheader
2026-02-10T17:28:30.9287839Z [command]/usr/bin/git submodule foreach --recursive sh -c "git config --local --name-only --get-regexp 'http\.https\:\/\/github\.com\/\.extraheader' && git config --local --unset-all 'http.https://github.com/.extraheader' || :"
2026-02-10T17:28:30.9505550Z [command]/usr/bin/git config --local --name-only --get-regexp ^includeIf\.gitdir:
2026-02-10T17:28:30.9535882Z [command]/usr/bin/git submodule foreach --recursive git config --local --show-origin --name-only --get-regexp remote.origin.url
2026-02-10T17:28:30.9866462Z Cleaning up orphan processes
