2026-02-10T17:28:10.6975540Z Current runner version: '2.331.0'
2026-02-10T17:28:10.6999467Z ##[group]Runner Image Provisioner
2026-02-10T17:28:10.7000353Z Hosted Compute Agent
2026-02-10T17:28:10.7000940Z Version: 20260123.484
2026-02-10T17:28:10.7001514Z Commit: 6bd6555ca37d84114959e1c76d2c01448ff61c5d
2026-02-10T17:28:10.7002246Z Build Date: 2026-01-23T19:41:17Z
2026-02-10T17:28:10.7002874Z Worker ID: {2853fc60-e592-4606-b93e-17aad7d25db4}
2026-02-10T17:28:10.7003580Z Azure Region: westus3
2026-02-10T17:28:10.7004155Z ##[endgroup]
2026-02-10T17:28:10.7005477Z ##[group]Operating System
2026-02-10T17:28:10.7006081Z Ubuntu
2026-02-10T17:28:10.7006498Z 24.04.3
2026-02-10T17:28:10.7007048Z LTS
2026-02-10T17:28:10.7007517Z ##[endgroup]
2026-02-10T17:28:10.7008017Z ##[group]Runner Image
2026-02-10T17:28:10.7008916Z Image: ubuntu-24.04
2026-02-10T17:28:10.7009452Z Version: 20260201.15.1
2026-02-10T17:28:10.7010663Z Included Software: https://github.com/actions/runner-images/blob/ubuntu24/20260201.15/images/ubuntu/Ubuntu2404-Readme.md
2026-02-10T17:28:10.7012128Z Image Release: https://github.com/actions/runner-images/releases/tag/ubuntu24%2F20260201.15
2026-02-10T17:28:10.7012986Z ##[endgroup]
2026-02-10T17:28:10.7014096Z ##[group]GITHUB_TOKEN Permissions
2026-02-10T17:28:10.7015848Z Contents: read
2026-02-10T17:28:10.7016498Z Metadata: read
2026-02-10T17:28:10.7017023Z Packages: read
2026-02-10T17:28:10.7017524Z ##[endgroup]
2026-02-10T17:28:10.7019794Z Secret source: Actions
2026-02-10T17:28:10.7020525Z Prepare workflow directory
2026-02-10T17:28:10.7336649Z Prepare all required actions
2026-02-10T17:28:10.7374944Z Getting action download info
2026-02-10T17:28:11.1660524Z Download action repository 'actions/checkout@v4' (SHA:34e114876b0b11c390a56381ad16ebd13914f8d5)
2026-02-10T17:28:11.2768359Z Download action repository 'actions/setup-python@v5' (SHA:a26af69be951a213d495a4c3e4e4022e16d87065)
2026-02-10T17:28:11.4545630Z Complete job name: Code Quality (Ruff)
2026-02-10T17:28:11.5215905Z ##[group]Run actions/checkout@v4
2026-02-10T17:28:11.5216731Z with:
2026-02-10T17:28:11.5217134Z   repository: gabrielima7/BasalGuard
2026-02-10T17:28:11.5217788Z   token: ***
2026-02-10T17:28:11.5218425Z   ssh-strict: true
2026-02-10T17:28:11.5218949Z   ssh-user: git
2026-02-10T17:28:11.5219355Z   persist-credentials: true
2026-02-10T17:28:11.5219783Z   clean: true
2026-02-10T17:28:11.5220197Z   sparse-checkout-cone-mode: true
2026-02-10T17:28:11.5220668Z   fetch-depth: 1
2026-02-10T17:28:11.5221050Z   fetch-tags: false
2026-02-10T17:28:11.5221438Z   show-progress: true
2026-02-10T17:28:11.5221833Z   lfs: false
2026-02-10T17:28:11.5222195Z   submodules: false
2026-02-10T17:28:11.5222586Z   set-safe-directory: true
2026-02-10T17:28:11.5223464Z ##[endgroup]
2026-02-10T17:28:11.6269272Z Syncing repository: gabrielima7/BasalGuard
2026-02-10T17:28:11.6271039Z ##[group]Getting Git version info
2026-02-10T17:28:11.6271830Z Working directory is '/home/runner/work/BasalGuard/BasalGuard'
2026-02-10T17:28:11.6272866Z [command]/usr/bin/git version
2026-02-10T17:28:11.6335296Z git version 2.52.0
2026-02-10T17:28:11.6360719Z ##[endgroup]
2026-02-10T17:28:11.6380309Z Temporarily overriding HOME='/home/runner/work/_temp/f024ae1b-fef0-4386-9e4f-28fbbf2720e9' before making global git config changes
2026-02-10T17:28:11.6381668Z Adding repository directory to the temporary git global config as a safe directory
2026-02-10T17:28:11.6385137Z [command]/usr/bin/git config --global --add safe.directory /home/runner/work/BasalGuard/BasalGuard
2026-02-10T17:28:11.6423306Z Deleting the contents of '/home/runner/work/BasalGuard/BasalGuard'
2026-02-10T17:28:11.6426729Z ##[group]Initializing the repository
2026-02-10T17:28:11.6430803Z [command]/usr/bin/git init /home/runner/work/BasalGuard/BasalGuard
2026-02-10T17:28:11.6526180Z hint: Using 'master' as the name for the initial branch. This default branch name
2026-02-10T17:28:11.6527392Z hint: will change to "main" in Git 3.0. To configure the initial branch name
2026-02-10T17:28:11.6528550Z hint: to use in all of your new repositories, which will suppress this warning,
2026-02-10T17:28:11.6529651Z hint: call:
2026-02-10T17:28:11.6530239Z hint:
2026-02-10T17:28:11.6531028Z hint: 	git config --global init.defaultBranch <name>
2026-02-10T17:28:11.6531620Z hint:
2026-02-10T17:28:11.6532165Z hint: Names commonly chosen instead of 'master' are 'main', 'trunk' and
2026-02-10T17:28:11.6533044Z hint: 'development'. The just-created branch can be renamed via this command:
2026-02-10T17:28:11.6533726Z hint:
2026-02-10T17:28:11.6534103Z hint: 	git branch -m <name>
2026-02-10T17:28:11.6534533Z hint:
2026-02-10T17:28:11.6535507Z hint: Disable this message with "git config set advice.defaultBranchName false"
2026-02-10T17:28:11.6536511Z Initialized empty Git repository in /home/runner/work/BasalGuard/BasalGuard/.git/
2026-02-10T17:28:11.6541038Z [command]/usr/bin/git remote add origin https://github.com/gabrielima7/BasalGuard
2026-02-10T17:28:11.6573202Z ##[endgroup]
2026-02-10T17:28:11.6573928Z ##[group]Disabling automatic garbage collection
2026-02-10T17:28:11.6577226Z [command]/usr/bin/git config --local gc.auto 0
2026-02-10T17:28:11.6604057Z ##[endgroup]
2026-02-10T17:28:11.6604721Z ##[group]Setting up auth
2026-02-10T17:28:11.6610856Z [command]/usr/bin/git config --local --name-only --get-regexp core\.sshCommand
2026-02-10T17:28:11.6639384Z [command]/usr/bin/git submodule foreach --recursive sh -c "git config --local --name-only --get-regexp 'core\.sshCommand' && git config --local --unset-all 'core.sshCommand' || :"
2026-02-10T17:28:11.6974864Z [command]/usr/bin/git config --local --name-only --get-regexp http\.https\:\/\/github\.com\/\.extraheader
2026-02-10T17:28:11.7005971Z [command]/usr/bin/git submodule foreach --recursive sh -c "git config --local --name-only --get-regexp 'http\.https\:\/\/github\.com\/\.extraheader' && git config --local --unset-all 'http.https://github.com/.extraheader' || :"
2026-02-10T17:28:11.7222229Z [command]/usr/bin/git config --local --name-only --get-regexp ^includeIf\.gitdir:
2026-02-10T17:28:11.7252129Z [command]/usr/bin/git submodule foreach --recursive git config --local --show-origin --name-only --get-regexp remote.origin.url
2026-02-10T17:28:11.7474870Z [command]/usr/bin/git config --local http.https://github.com/.extraheader AUTHORIZATION: basic ***
2026-02-10T17:28:11.7511509Z ##[endgroup]
2026-02-10T17:28:11.7523348Z ##[group]Fetching the repository
2026-02-10T17:28:11.7524705Z [command]/usr/bin/git -c protocol.version=2 fetch --no-tags --prune --no-recurse-submodules --depth=1 origin +adc2f215813a0c775243ca501085c28bdb02651f:refs/remotes/origin/main
2026-02-10T17:28:12.3130986Z From https://github.com/gabrielima7/BasalGuard
2026-02-10T17:28:12.3133259Z  * [new ref]         adc2f215813a0c775243ca501085c28bdb02651f -> origin/main
2026-02-10T17:28:12.3165985Z ##[endgroup]
2026-02-10T17:28:12.3167275Z ##[group]Determining the checkout info
2026-02-10T17:28:12.3169187Z ##[endgroup]
2026-02-10T17:28:12.3173497Z [command]/usr/bin/git sparse-checkout disable
2026-02-10T17:28:12.3211991Z [command]/usr/bin/git config --local --unset-all extensions.worktreeConfig
2026-02-10T17:28:12.3240295Z ##[group]Checking out the ref
2026-02-10T17:28:12.3242840Z [command]/usr/bin/git checkout --progress --force -B main refs/remotes/origin/main
2026-02-10T17:28:12.3351403Z Switched to a new branch 'main'
2026-02-10T17:28:12.3353433Z branch 'main' set up to track 'origin/main'.
2026-02-10T17:28:12.3361304Z ##[endgroup]
2026-02-10T17:28:12.3394401Z [command]/usr/bin/git log -1 --format=%H
2026-02-10T17:28:12.3415636Z adc2f215813a0c775243ca501085c28bdb02651f
2026-02-10T17:28:12.3715461Z ##[group]Run actions/setup-python@v5
2026-02-10T17:28:12.3716552Z with:
2026-02-10T17:28:12.3717250Z   python-version: 3.11
2026-02-10T17:28:12.3718084Z   check-latest: false
2026-02-10T17:28:12.3719506Z   token: ***
2026-02-10T17:28:12.3720247Z   update-environment: true
2026-02-10T17:28:12.3721142Z   allow-prereleases: false
2026-02-10T17:28:12.3722014Z   freethreaded: false
2026-02-10T17:28:12.3722801Z ##[endgroup]
2026-02-10T17:28:12.5353444Z ##[group]Installed versions
2026-02-10T17:28:12.5488003Z Successfully set up CPython (3.11.14)
2026-02-10T17:28:12.5490601Z ##[endgroup]
2026-02-10T17:28:12.5632219Z ##[group]Run pip install ruff
2026-02-10T17:28:12.5633232Z [36;1mpip install ruff[0m
2026-02-10T17:28:12.5680477Z shell: /usr/bin/bash -e {0}
2026-02-10T17:28:12.5681342Z env:
2026-02-10T17:28:12.5682253Z   pythonLocation: /opt/hostedtoolcache/Python/3.11.14/x64
2026-02-10T17:28:12.5683931Z   PKG_CONFIG_PATH: /opt/hostedtoolcache/Python/3.11.14/x64/lib/pkgconfig
2026-02-10T17:28:12.5685595Z   Python_ROOT_DIR: /opt/hostedtoolcache/Python/3.11.14/x64
2026-02-10T17:28:12.5687087Z   Python2_ROOT_DIR: /opt/hostedtoolcache/Python/3.11.14/x64
2026-02-10T17:28:12.5688739Z   Python3_ROOT_DIR: /opt/hostedtoolcache/Python/3.11.14/x64
2026-02-10T17:28:12.5690249Z   LD_LIBRARY_PATH: /opt/hostedtoolcache/Python/3.11.14/x64/lib
2026-02-10T17:28:12.5691488Z ##[endgroup]
2026-02-10T17:28:13.9849383Z Collecting ruff
2026-02-10T17:28:14.0594490Z   Downloading ruff-0.15.0-py3-none-manylinux_2_17_x86_64.manylinux2014_x86_64.whl.metadata (26 kB)
2026-02-10T17:28:14.0832341Z Downloading ruff-0.15.0-py3-none-manylinux_2_17_x86_64.manylinux2014_x86_64.whl (11.1 MB)
2026-02-10T17:28:14.1750913Z    ━━━━━━━━━━━━━━━━━━━━━━━━━━━━━━━━━━━━━━━━ 11.1/11.1 MB 160.3 MB/s  0:00:00
2026-02-10T17:28:14.2136485Z Installing collected packages: ruff
2026-02-10T17:28:14.3394894Z Successfully installed ruff-0.15.0
2026-02-10T17:28:14.4527838Z 
2026-02-10T17:28:14.4528430Z [notice] A new release of pip is available: 26.0 -> 26.0.1
2026-02-10T17:28:14.4529106Z [notice] To update, run: pip install --upgrade pip
2026-02-10T17:28:14.5180748Z ##[group]Run ruff check src/ tests/
2026-02-10T17:28:14.5181086Z [36;1mruff check src/ tests/[0m
2026-02-10T17:28:14.5214952Z shell: /usr/bin/bash -e {0}
2026-02-10T17:28:14.5215184Z env:
2026-02-10T17:28:14.5215425Z   pythonLocation: /opt/hostedtoolcache/Python/3.11.14/x64
2026-02-10T17:28:14.5215855Z   PKG_CONFIG_PATH: /opt/hostedtoolcache/Python/3.11.14/x64/lib/pkgconfig
2026-02-10T17:28:14.5216300Z   Python_ROOT_DIR: /opt/hostedtoolcache/Python/3.11.14/x64
2026-02-10T17:28:14.5216654Z   Python2_ROOT_DIR: /opt/hostedtoolcache/Python/3.11.14/x64
2026-02-10T17:28:14.5217018Z   Python3_ROOT_DIR: /opt/hostedtoolcache/Python/3.11.14/x64
2026-02-10T17:28:14.5217384Z   LD_LIBRARY_PATH: /opt/hostedtoolcache/Python/3.11.14/x64/lib
2026-02-10T17:28:14.5217680Z ##[endgroup]
2026-02-10T17:28:14.5528068Z F401 [*] `os` imported but unused
2026-02-10T17:28:14.5528822Z   --> tests/test_agent_firewall.py:15:8
2026-02-10T17:28:14.5529264Z    |
2026-02-10T17:28:14.5529686Z 13 | from __future__ import annotations
2026-02-10T17:28:14.5530088Z 14 |
2026-02-10T17:28:14.5530374Z 15 | import os
2026-02-10T17:28:14.5530696Z    |        ^^
2026-02-10T17:28:14.5531030Z 16 | from pathlib import Path
2026-02-10T17:28:14.5531440Z 17 | from unittest.mock import patch
2026-02-10T17:28:14.5531866Z    |
2026-02-10T17:28:14.5532168Z help: Remove unused import: `os`
2026-02-10T17:28:14.5532490Z 
2026-02-10T17:28:14.5532731Z F401 [*] `unittest.mock.patch` imported but unused
2026-02-10T17:28:14.5533200Z   --> tests/test_agent_firewall.py:17:27
2026-02-10T17:28:14.5533449Z    |
2026-02-10T17:28:14.5533608Z 15 | import os
2026-02-10T17:28:14.5533802Z 16 | from pathlib import Path
2026-02-10T17:28:14.5534043Z 17 | from unittest.mock import patch
2026-02-10T17:28:14.5534279Z    |                           ^^^^^
2026-02-10T17:28:14.5534669Z 18 |
2026-02-10T17:28:14.5534859Z 19 | import pytest
2026-02-10T17:28:14.5535028Z    |
2026-02-10T17:28:14.5535239Z help: Remove unused import: `unittest.mock.patch`
2026-02-10T17:28:14.5535456Z 
2026-02-10T17:28:14.5535723Z F401 [*] `basalguard.core.agent_firewall.DEFAULT_COMMAND_ALLOWLIST` imported but unused
2026-02-10T17:28:14.5536164Z   --> tests/test_agent_firewall.py:22:5
2026-02-10T17:28:14.5536395Z    |
2026-02-10T17:28:14.5536602Z 21 | from basalguard.core.agent_firewall import (
2026-02-10T17:28:14.5536889Z 22 |     DEFAULT_COMMAND_ALLOWLIST,
2026-02-10T17:28:14.5537116Z    |     ^^^^^^^^^^^^^^^^^^^^^^^^^
2026-02-10T17:28:14.5537672Z 23 |     BasalGuardCore,
2026-02-10T17:28:14.5537861Z 24 | )
2026-02-10T17:28:14.5538112Z    |
2026-02-10T17:28:14.5538791Z help: Remove unused import: `basalguard.core.agent_firewall.DEFAULT_COMMAND_ALLOWLIST`
2026-02-10T17:28:14.5539388Z 
2026-02-10T17:28:14.5539507Z Found 3 errors.
2026-02-10T17:28:14.5539836Z [*] 3 fixable with the `--fix` option.
2026-02-10T17:28:14.5552514Z ##[error]Process completed with exit code 1.
2026-02-10T17:28:14.5736925Z Post job cleanup.
2026-02-10T17:28:14.6660776Z [command]/usr/bin/git version
2026-02-10T17:28:14.6695476Z git version 2.52.0
2026-02-10T17:28:14.6736987Z Temporarily overriding HOME='/home/runner/work/_temp/7bc04b37-ac79-44c2-9785-5aa5b9eb14ea' before making global git config changes
2026-02-10T17:28:14.6738311Z Adding repository directory to the temporary git global config as a safe directory
2026-02-10T17:28:14.6749341Z [command]/usr/bin/git config --global --add safe.directory /home/runner/work/BasalGuard/BasalGuard
2026-02-10T17:28:14.6781993Z [command]/usr/bin/git config --local --name-only --get-regexp core\.sshCommand
2026-02-10T17:28:14.6813327Z [command]/usr/bin/git submodule foreach --recursive sh -c "git config --local --name-only --get-regexp 'core\.sshCommand' && git config --local --unset-all 'core.sshCommand' || :"
2026-02-10T17:28:14.7038585Z [command]/usr/bin/git config --local --name-only --get-regexp http\.https\:\/\/github\.com\/\.extraheader
2026-02-10T17:28:14.7058627Z http.https://github.com/.extraheader
2026-02-10T17:28:14.7070602Z [command]/usr/bin/git config --local --unset-all http.https://github.com/.extraheader
2026-02-10T17:28:14.7100144Z [command]/usr/bin/git submodule foreach --recursive sh -c "git config --local --name-only --get-regexp 'http\.https\:\/\/github\.com\/\.extraheader' && git config --local --unset-all 'http.https://github.com/.extraheader' || :"
2026-02-10T17:28:14.7315160Z [command]/usr/bin/git config --local --name-only --get-regexp ^includeIf\.gitdir:
2026-02-10T17:28:14.7344716Z [command]/usr/bin/git submodule foreach --recursive git config --local --show-origin --name-only --get-regexp remote.origin.url
2026-02-10T17:28:14.7660595Z Cleaning up orphan processes
