2026-02-10T17:28:11.1570565Z Current runner version: '2.331.0'
2026-02-10T17:28:11.1597141Z ##[group]Runner Image Provisioner
2026-02-10T17:28:11.1598047Z Hosted Compute Agent
2026-02-10T17:28:11.1598557Z Version: 20260123.484
2026-02-10T17:28:11.1599142Z Commit: 6bd6555ca37d84114959e1c76d2c01448ff61c5d
2026-02-10T17:28:11.1599841Z Build Date: 2026-01-23T19:41:17Z
2026-02-10T17:28:11.1600505Z Worker ID: {7669bbc1-ba62-46e3-baf4-02f11003cc61}
2026-02-10T17:28:11.1601304Z Azure Region: northcentralus
2026-02-10T17:28:11.1601897Z ##[endgroup]
2026-02-10T17:28:11.1603313Z ##[group]Operating System
2026-02-10T17:28:11.1603868Z Ubuntu
2026-02-10T17:28:11.1604474Z 24.04.3
2026-02-10T17:28:11.1604906Z LTS
2026-02-10T17:28:11.1605571Z ##[endgroup]
2026-02-10T17:28:11.1606031Z ##[group]Runner Image
2026-02-10T17:28:11.1606661Z Image: ubuntu-24.04
2026-02-10T17:28:11.1607130Z Version: 20260201.15.1
2026-02-10T17:28:11.1608385Z Included Software: https://github.com/actions/runner-images/blob/ubuntu24/20260201.15/images/ubuntu/Ubuntu2404-Readme.md
2026-02-10T17:28:11.1609834Z Image Release: https://github.com/actions/runner-images/releases/tag/ubuntu24%2F20260201.15
2026-02-10T17:28:11.1610892Z ##[endgroup]
2026-02-10T17:28:11.1611963Z ##[group]GITHUB_TOKEN Permissions
2026-02-10T17:28:11.1613997Z Contents: read
2026-02-10T17:28:11.1614631Z Metadata: read
2026-02-10T17:28:11.1615143Z Packages: read
2026-02-10T17:28:11.1615758Z ##[endgroup]
2026-02-10T17:28:11.1617969Z Secret source: Actions
2026-02-10T17:28:11.1619068Z Prepare workflow directory
2026-02-10T17:28:11.1953100Z Prepare all required actions
2026-02-10T17:28:11.1993464Z Getting action download info
2026-02-10T17:28:11.5623209Z Download action repository 'actions/checkout@v4' (SHA:34e114876b0b11c390a56381ad16ebd13914f8d5)
2026-02-10T17:28:11.6940498Z Download action repository 'actions/setup-python@v5' (SHA:a26af69be951a213d495a4c3e4e4022e16d87065)
2026-02-10T17:28:11.8857731Z Complete job name: Security Scan (Bandit)
2026-02-10T17:28:11.9591776Z ##[group]Run actions/checkout@v4
2026-02-10T17:28:11.9592741Z with:
2026-02-10T17:28:11.9593183Z   repository: gabrielima7/BasalGuard
2026-02-10T17:28:11.9593966Z   token: ***
2026-02-10T17:28:11.9594378Z   ssh-strict: true
2026-02-10T17:28:11.9594800Z   ssh-user: git
2026-02-10T17:28:11.9595400Z   persist-credentials: true
2026-02-10T17:28:11.9595895Z   clean: true
2026-02-10T17:28:11.9596338Z   sparse-checkout-cone-mode: true
2026-02-10T17:28:11.9596858Z   fetch-depth: 1
2026-02-10T17:28:11.9597282Z   fetch-tags: false
2026-02-10T17:28:11.9597733Z   show-progress: true
2026-02-10T17:28:11.9598185Z   lfs: false
2026-02-10T17:28:11.9598582Z   submodules: false
2026-02-10T17:28:11.9599012Z   set-safe-directory: true
2026-02-10T17:28:11.9599756Z ##[endgroup]
2026-02-10T17:28:12.0690861Z Syncing repository: gabrielima7/BasalGuard
2026-02-10T17:28:12.0693028Z ##[group]Getting Git version info
2026-02-10T17:28:12.0693814Z Working directory is '/home/runner/work/BasalGuard/BasalGuard'
2026-02-10T17:28:12.0694995Z [command]/usr/bin/git version
2026-02-10T17:28:12.0783648Z git version 2.52.0
2026-02-10T17:28:12.0810846Z ##[endgroup]
2026-02-10T17:28:12.0825966Z Temporarily overriding HOME='/home/runner/work/_temp/42923068-3ba6-439e-a1c8-84818b1f241a' before making global git config changes
2026-02-10T17:28:12.0827785Z Adding repository directory to the temporary git global config as a safe directory
2026-02-10T17:28:12.0839365Z [command]/usr/bin/git config --global --add safe.directory /home/runner/work/BasalGuard/BasalGuard
2026-02-10T17:28:12.0881943Z Deleting the contents of '/home/runner/work/BasalGuard/BasalGuard'
2026-02-10T17:28:12.0885633Z ##[group]Initializing the repository
2026-02-10T17:28:12.0890011Z [command]/usr/bin/git init /home/runner/work/BasalGuard/BasalGuard
2026-02-10T17:28:12.1037817Z hint: Using 'master' as the name for the initial branch. This default branch name
2026-02-10T17:28:12.1040042Z hint: will change to "main" in Git 3.0. To configure the initial branch name
2026-02-10T17:28:12.1042112Z hint: to use in all of your new repositories, which will suppress this warning,
2026-02-10T17:28:12.1043654Z hint: call:
2026-02-10T17:28:12.1044084Z hint:
2026-02-10T17:28:12.1044956Z hint: 	git config --global init.defaultBranch <name>
2026-02-10T17:28:12.1045867Z hint:
2026-02-10T17:28:12.1046457Z hint: Names commonly chosen instead of 'master' are 'main', 'trunk' and
2026-02-10T17:28:12.1047441Z hint: 'development'. The just-created branch can be renamed via this command:
2026-02-10T17:28:12.1048728Z hint:
2026-02-10T17:28:12.1049161Z hint: 	git branch -m <name>
2026-02-10T17:28:12.1049625Z hint:
2026-02-10T17:28:12.1050259Z hint: Disable this message with "git config set advice.defaultBranchName false"
2026-02-10T17:28:12.1051471Z Initialized empty Git repository in /home/runner/work/BasalGuard/BasalGuard/.git/
2026-02-10T17:28:12.1054195Z [command]/usr/bin/git remote add origin https://github.com/gabrielima7/BasalGuard
2026-02-10T17:28:12.1091897Z ##[endgroup]
2026-02-10T17:28:12.1092726Z ##[group]Disabling automatic garbage collection
2026-02-10T17:28:12.1096230Z [command]/usr/bin/git config --local gc.auto 0
2026-02-10T17:28:12.1124243Z ##[endgroup]
2026-02-10T17:28:12.1124968Z ##[group]Setting up auth
2026-02-10T17:28:12.1131424Z [command]/usr/bin/git config --local --name-only --get-regexp core\.sshCommand
2026-02-10T17:28:12.1163707Z [command]/usr/bin/git submodule foreach --recursive sh -c "git config --local --name-only --get-regexp 'core\.sshCommand' && git config --local --unset-all 'core.sshCommand' || :"
2026-02-10T17:28:12.1550927Z [command]/usr/bin/git config --local --name-only --get-regexp http\.https\:\/\/github\.com\/\.extraheader
2026-02-10T17:28:12.1582029Z [command]/usr/bin/git submodule foreach --recursive sh -c "git config --local --name-only --get-regexp 'http\.https\:\/\/github\.com\/\.extraheader' && git config --local --unset-all 'http.https://github.com/.extraheader' || :"
2026-02-10T17:28:12.1813901Z [command]/usr/bin/git config --local --name-only --get-regexp ^includeIf\.gitdir:
2026-02-10T17:28:12.1851783Z [command]/usr/bin/git submodule foreach --recursive git config --local --show-origin --name-only --get-regexp remote.origin.url
2026-02-10T17:28:12.2114321Z [command]/usr/bin/git config --local http.https://github.com/.extraheader AUTHORIZATION: basic ***
2026-02-10T17:28:12.2150465Z ##[endgroup]
2026-02-10T17:28:12.2151898Z ##[group]Fetching the repository
2026-02-10T17:28:12.2159995Z [command]/usr/bin/git -c protocol.version=2 fetch --no-tags --prune --no-recurse-submodules --depth=1 origin +adc2f215813a0c775243ca501085c28bdb02651f:refs/remotes/origin/main
2026-02-10T17:28:12.5231598Z From https://github.com/gabrielima7/BasalGuard
2026-02-10T17:28:12.5232657Z  * [new ref]         adc2f215813a0c775243ca501085c28bdb02651f -> origin/main
2026-02-10T17:28:12.5263385Z ##[endgroup]
2026-02-10T17:28:12.5264851Z ##[group]Determining the checkout info
2026-02-10T17:28:12.5267106Z ##[endgroup]
2026-02-10T17:28:12.5272612Z [command]/usr/bin/git sparse-checkout disable
2026-02-10T17:28:12.5316167Z [command]/usr/bin/git config --local --unset-all extensions.worktreeConfig
2026-02-10T17:28:12.5343225Z ##[group]Checking out the ref
2026-02-10T17:28:12.5348043Z [command]/usr/bin/git checkout --progress --force -B main refs/remotes/origin/main
2026-02-10T17:28:12.5461893Z Switched to a new branch 'main'
2026-02-10T17:28:12.5463437Z branch 'main' set up to track 'origin/main'.
2026-02-10T17:28:12.5471400Z ##[endgroup]
2026-02-10T17:28:12.5508984Z [command]/usr/bin/git log -1 --format=%H
2026-02-10T17:28:12.5531676Z adc2f215813a0c775243ca501085c28bdb02651f
2026-02-10T17:28:12.5791269Z ##[group]Run actions/setup-python@v5
2026-02-10T17:28:12.5791895Z with:
2026-02-10T17:28:12.5792286Z   python-version: 3.11
2026-02-10T17:28:12.5792748Z   check-latest: false
2026-02-10T17:28:12.5793360Z   token: ***
2026-02-10T17:28:12.5793778Z   update-environment: true
2026-02-10T17:28:12.5794274Z   allow-prereleases: false
2026-02-10T17:28:12.5794743Z   freethreaded: false
2026-02-10T17:28:12.5795161Z ##[endgroup]
2026-02-10T17:28:12.7486397Z ##[group]Installed versions
2026-02-10T17:28:12.7648056Z Successfully set up CPython (3.11.14)
2026-02-10T17:28:12.7649758Z ##[endgroup]
2026-02-10T17:28:12.7782010Z ##[group]Run pip install bandit
2026-02-10T17:28:12.7782630Z [36;1mpip install bandit[0m
2026-02-10T17:28:12.7832272Z shell: /usr/bin/bash -e {0}
2026-02-10T17:28:12.7832770Z env:
2026-02-10T17:28:12.7833255Z   pythonLocation: /opt/hostedtoolcache/Python/3.11.14/x64
2026-02-10T17:28:12.7834061Z   PKG_CONFIG_PATH: /opt/hostedtoolcache/Python/3.11.14/x64/lib/pkgconfig
2026-02-10T17:28:12.7834866Z   Python_ROOT_DIR: /opt/hostedtoolcache/Python/3.11.14/x64
2026-02-10T17:28:12.7835742Z   Python2_ROOT_DIR: /opt/hostedtoolcache/Python/3.11.14/x64
2026-02-10T17:28:12.7836497Z   Python3_ROOT_DIR: /opt/hostedtoolcache/Python/3.11.14/x64
2026-02-10T17:28:12.7837224Z   LD_LIBRARY_PATH: /opt/hostedtoolcache/Python/3.11.14/x64/lib
2026-02-10T17:28:12.7837825Z ##[endgroup]
2026-02-10T17:28:13.6368782Z Collecting bandit
2026-02-10T17:28:13.7313418Z   Downloading bandit-1.9.3-py3-none-any.whl.metadata (7.1 kB)
2026-02-10T17:28:13.7831909Z Collecting PyYAML>=5.3.1 (from bandit)
2026-02-10T17:28:13.8202575Z   Downloading pyyaml-6.0.3-cp311-cp311-manylinux2014_x86_64.manylinux_2_17_x86_64.manylinux_2_28_x86_64.whl.metadata (2.4 kB)
2026-02-10T17:28:13.8472507Z Collecting stevedore>=1.20.0 (from bandit)
2026-02-10T17:28:13.8626481Z   Downloading stevedore-5.6.0-py3-none-any.whl.metadata (2.3 kB)
2026-02-10T17:28:13.9151193Z Collecting rich (from bandit)
2026-02-10T17:28:13.9307806Z   Downloading rich-14.3.2-py3-none-any.whl.metadata (18 kB)
2026-02-10T17:28:13.9547670Z Collecting markdown-it-py>=2.2.0 (from rich->bandit)
2026-02-10T17:28:13.9700150Z   Downloading markdown_it_py-4.0.0-py3-none-any.whl.metadata (7.3 kB)
2026-02-10T17:28:13.9905400Z Collecting pygments<3.0.0,>=2.13.0 (from rich->bandit)
2026-02-10T17:28:14.0054948Z   Downloading pygments-2.19.2-py3-none-any.whl.metadata (2.5 kB)
2026-02-10T17:28:14.0170244Z Collecting mdurl~=0.1 (from markdown-it-py>=2.2.0->rich->bandit)
2026-02-10T17:28:14.0315178Z   Downloading mdurl-0.1.2-py3-none-any.whl.metadata (1.6 kB)
2026-02-10T17:28:14.0506611Z Downloading bandit-1.9.3-py3-none-any.whl (134 kB)
2026-02-10T17:28:14.0974176Z Downloading pyyaml-6.0.3-cp311-cp311-manylinux2014_x86_64.manylinux_2_17_x86_64.manylinux_2_28_x86_64.whl (806 kB)
2026-02-10T17:28:14.1363942Z    ━━━━━━━━━━━━━━━━━━━━━━━━━━━━━━━━━━━━━━━━ 806.6/806.6 kB 25.4 MB/s  0:00:00
2026-02-10T17:28:14.1543372Z Downloading stevedore-5.6.0-py3-none-any.whl (54 kB)
2026-02-10T17:28:14.1725149Z Downloading rich-14.3.2-py3-none-any.whl (309 kB)
2026-02-10T17:28:14.1937573Z Downloading pygments-2.19.2-py3-none-any.whl (1.2 MB)
2026-02-10T17:28:14.2159389Z    ━━━━━━━━━━━━━━━━━━━━━━━━━━━━━━━━━━━━━━━━ 1.2/1.2 MB 50.0 MB/s  0:00:00
2026-02-10T17:28:14.2342023Z Downloading markdown_it_py-4.0.0-py3-none-any.whl (87 kB)
2026-02-10T17:28:14.2530354Z Downloading mdurl-0.1.2-py3-none-any.whl (10.0 kB)
2026-02-10T17:28:14.2881389Z Installing collected packages: stevedore, PyYAML, pygments, mdurl, markdown-it-py, rich, bandit
2026-02-10T17:28:15.3944458Z 
2026-02-10T17:28:15.3960322Z Successfully installed PyYAML-6.0.3 bandit-1.9.3 markdown-it-py-4.0.0 mdurl-0.1.2 pygments-2.19.2 rich-14.3.2 stevedore-5.6.0
2026-02-10T17:28:15.4971035Z 
2026-02-10T17:28:15.4971645Z [notice] A new release of pip is available: 26.0 -> 26.0.1
2026-02-10T17:28:15.4972291Z [notice] To update, run: pip install --upgrade pip
2026-02-10T17:28:15.5629240Z ##[group]Run bandit -r src/ -ll
2026-02-10T17:28:15.5629576Z [36;1mbandit -r src/ -ll[0m
2026-02-10T17:28:15.5663845Z shell: /usr/bin/bash -e {0}
2026-02-10T17:28:15.5664106Z env:
2026-02-10T17:28:15.5664363Z   pythonLocation: /opt/hostedtoolcache/Python/3.11.14/x64
2026-02-10T17:28:15.5664810Z   PKG_CONFIG_PATH: /opt/hostedtoolcache/Python/3.11.14/x64/lib/pkgconfig
2026-02-10T17:28:15.5665503Z   Python_ROOT_DIR: /opt/hostedtoolcache/Python/3.11.14/x64
2026-02-10T17:28:15.5665914Z   Python2_ROOT_DIR: /opt/hostedtoolcache/Python/3.11.14/x64
2026-02-10T17:28:15.5666301Z   Python3_ROOT_DIR: /opt/hostedtoolcache/Python/3.11.14/x64
2026-02-10T17:28:15.5666930Z   LD_LIBRARY_PATH: /opt/hostedtoolcache/Python/3.11.14/x64/lib
2026-02-10T17:28:15.5667287Z ##[endgroup]
2026-02-10T17:28:15.7341860Z [main]	INFO	profile include tests: None
2026-02-10T17:28:15.7342654Z [main]	INFO	profile exclude tests: None
2026-02-10T17:28:15.7343215Z [main]	INFO	cli include tests: None
2026-02-10T17:28:15.7343846Z [main]	INFO	cli exclude tests: None
2026-02-10T17:28:15.7345112Z [main]	INFO	running on Python 3.11.14
2026-02-10T17:28:16.5225010Z Working... ━━━━━━━━━━━━━━━━━━━━━━━━━━━━━━━━━━━━━━━━ 100% 0:00:00
2026-02-10T17:28:16.5230729Z Run started:2026-02-10 17:28:16.522665+00:00
2026-02-10T17:28:16.5231191Z 
2026-02-10T17:28:16.5231343Z Test results:
2026-02-10T17:28:16.5231699Z 	No issues identified.
2026-02-10T17:28:16.5231926Z 
2026-02-10T17:28:16.5232075Z Code scanned:
2026-02-10T17:28:16.5232424Z 	Total lines of code: 10397
2026-02-10T17:28:16.5233626Z 	Total lines skipped (#nosec): 0
2026-02-10T17:28:16.5234533Z 	Total potential issues skipped due to specifically being disabled (e.g., #nosec BXXX): 0
2026-02-10T17:28:16.5235484Z 
2026-02-10T17:28:16.5235636Z Run metrics:
2026-02-10T17:28:16.5235998Z 	Total issues (by severity):
2026-02-10T17:28:16.5236396Z 		Undefined: 0
2026-02-10T17:28:16.5236760Z 		Low: 813
2026-02-10T17:28:16.5237058Z 		Medium: 0
2026-02-10T17:28:16.5237352Z 		High: 0
2026-02-10T17:28:16.5237711Z 	Total issues (by confidence):
2026-02-10T17:28:16.5238111Z 		Undefined: 0
2026-02-10T17:28:16.5238446Z 		Low: 0
2026-02-10T17:28:16.5238732Z 		Medium: 2
2026-02-10T17:28:16.5239017Z 		High: 811
2026-02-10T17:28:16.5239321Z Files skipped (0):
2026-02-10T17:28:16.5948893Z Post job cleanup.
2026-02-10T17:28:16.7621225Z Post job cleanup.
2026-02-10T17:28:16.8587867Z [command]/usr/bin/git version
2026-02-10T17:28:16.8627453Z git version 2.52.0
2026-02-10T17:28:16.8672762Z Temporarily overriding HOME='/home/runner/work/_temp/5dae4e50-01e2-4c3b-b37d-c83e83876f8f' before making global git config changes
2026-02-10T17:28:16.8674204Z Adding repository directory to the temporary git global config as a safe directory
2026-02-10T17:28:16.8687374Z [command]/usr/bin/git config --global --add safe.directory /home/runner/work/BasalGuard/BasalGuard
2026-02-10T17:28:16.8724086Z [command]/usr/bin/git config --local --name-only --get-regexp core\.sshCommand
2026-02-10T17:28:16.8758492Z [command]/usr/bin/git submodule foreach --recursive sh -c "git config --local --name-only --get-regexp 'core\.sshCommand' && git config --local --unset-all 'core.sshCommand' || :"
2026-02-10T17:28:16.9003625Z [command]/usr/bin/git config --local --name-only --get-regexp http\.https\:\/\/github\.com\/\.extraheader
2026-02-10T17:28:16.9028023Z http.https://github.com/.extraheader
2026-02-10T17:28:16.9041577Z [command]/usr/bin/git config --local --unset-all http.https://github.com/.extraheader
2026-02-10T17:28:16.9075862Z [command]/usr/bin/git submodule foreach --recursive sh -c "git config --local --name-only --get-regexp 'http\.https\:\/\/github\.com\/\.extraheader' && git config --local --unset-all 'http.https://github.com/.extraheader' || :"
2026-02-10T17:28:16.9314749Z [command]/usr/bin/git config --local --name-only --get-regexp ^includeIf\.gitdir:
2026-02-10T17:28:16.9351814Z [command]/usr/bin/git submodule foreach --recursive git config --local --show-origin --name-only --get-regexp remote.origin.url
2026-02-10T17:28:16.9703716Z Cleaning up orphan processes
