2026-02-10T17:28:10.1296310Z Current runner version: '2.331.0'
2026-02-10T17:28:10.1312880Z ##[group]Runner Image Provisioner
2026-02-10T17:28:10.1313590Z Hosted Compute Agent
2026-02-10T17:28:10.1313950Z Version: 20260123.484
2026-02-10T17:28:10.1314340Z Commit: 6bd6555ca37d84114959e1c76d2c01448ff61c5d
2026-02-10T17:28:10.1314820Z Build Date: 2026-01-23T19:41:17Z
2026-02-10T17:28:10.1315290Z Worker ID: {e5d58f61-e372-4f85-9fd6-167a0e4b1a98}
2026-02-10T17:28:10.1315750Z Azure Region: westus
2026-02-10T17:28:10.1316090Z ##[endgroup]
2026-02-10T17:28:10.1317070Z ##[group]Operating System
2026-02-10T17:28:10.1317440Z macOS
2026-02-10T17:28:10.1317750Z 15.7.3
2026-02-10T17:28:10.1318030Z 24G419
2026-02-10T17:28:10.1318320Z ##[endgroup]
2026-02-10T17:28:10.1318640Z ##[group]Runner Image
2026-02-10T17:28:10.1318980Z Image: macos-15-arm64
2026-02-10T17:28:10.1319320Z Version: 20260127.0129.1
2026-02-10T17:28:10.1320140Z Included Software: https://github.com/actions/runner-images/blob/macos-15-arm64/20260127.0129/images/macos/macos-15-arm64-Readme.md
2026-02-10T17:28:10.1321150Z Image Release: https://github.com/actions/runner-images/releases/tag/macos-15-arm64%2F20260127.0129
2026-02-10T17:28:10.1321750Z ##[endgroup]
2026-02-10T17:28:10.1322470Z ##[group]GITHUB_TOKEN Permissions
2026-02-10T17:28:10.1323680Z Contents: read
2026-02-10T17:28:10.1324000Z Metadata: read
2026-02-10T17:28:10.1324300Z Packages: read
2026-02-10T17:28:10.1324610Z ##[endgroup]
2026-02-10T17:28:10.1326260Z Secret source: Actions
2026-02-10T17:28:10.1326670Z Prepare workflow directory
2026-02-10T17:28:10.1630890Z Prepare all required actions
2026-02-10T17:28:10.1658080Z Getting action download info
2026-02-10T17:28:10.4578390Z Download action repository 'actions/checkout@v4' (SHA:34e114876b0b11c390a56381ad16ebd13914f8d5)
2026-02-10T17:28:11.2262370Z Download action repository 'actions/setup-python@v5' (SHA:a26af69be951a213d495a4c3e4e4022e16d87065)
2026-02-10T17:28:11.5328950Z Complete job name: Test Python 3.12 on macos-latest
2026-02-10T17:28:11.5859110Z ##[group]Run actions/checkout@v4
2026-02-10T17:28:11.5859730Z with:
2026-02-10T17:28:11.5860030Z   repository: gabrielima7/BasalGuard
2026-02-10T17:28:11.5860570Z   token: ***
2026-02-10T17:28:11.5860860Z   ssh-strict: true
2026-02-10T17:28:11.5861130Z   ssh-user: git
2026-02-10T17:28:11.5861410Z   persist-credentials: true
2026-02-10T17:28:11.5861730Z   clean: true
2026-02-10T17:28:11.5862010Z   sparse-checkout-cone-mode: true
2026-02-10T17:28:11.5862350Z   fetch-depth: 1
2026-02-10T17:28:11.5862650Z   fetch-tags: false
2026-02-10T17:28:11.5862960Z   show-progress: true
2026-02-10T17:28:11.5863250Z   lfs: false
2026-02-10T17:28:11.5863520Z   submodules: false
2026-02-10T17:28:11.5863800Z   set-safe-directory: true
2026-02-10T17:28:11.5864220Z ##[endgroup]
2026-02-10T17:28:12.0435800Z Syncing repository: gabrielima7/BasalGuard
2026-02-10T17:28:12.0437230Z ##[group]Getting Git version info
2026-02-10T17:28:12.0438810Z Working directory is '/Users/runner/work/BasalGuard/BasalGuard'
2026-02-10T17:28:12.0439730Z [command]/opt/homebrew/bin/git version
2026-02-10T17:28:12.1084200Z git version 2.52.0
2026-02-10T17:28:12.1109280Z ##[endgroup]
2026-02-10T17:28:12.1117510Z Copying '/Users/runner/.gitconfig' to '/Users/runner/work/_temp/1ab53dda-91a6-4bba-8821-b29c975eebcb/.gitconfig'
2026-02-10T17:28:12.1130730Z Temporarily overriding HOME='/Users/runner/work/_temp/1ab53dda-91a6-4bba-8821-b29c975eebcb' before making global git config changes
2026-02-10T17:28:12.1131830Z Adding repository directory to the temporary git global config as a safe directory
2026-02-10T17:28:12.1134510Z [command]/opt/homebrew/bin/git config --global --add safe.directory /Users/runner/work/BasalGuard/BasalGuard
2026-02-10T17:28:12.1250600Z Deleting the contents of '/Users/runner/work/BasalGuard/BasalGuard'
2026-02-10T17:28:12.1251780Z ##[group]Initializing the repository
2026-02-10T17:28:12.1252760Z [command]/opt/homebrew/bin/git init /Users/runner/work/BasalGuard/BasalGuard
2026-02-10T17:28:12.1469250Z hint: Using 'master' as the name for the initial branch. This default branch name
2026-02-10T17:28:12.1470950Z hint: will change to "main" in Git 3.0. To configure the initial branch name
2026-02-10T17:28:12.1471860Z hint: to use in all of your new repositories, which will suppress this warning,
2026-02-10T17:28:12.1472540Z hint: call:
2026-02-10T17:28:12.1473860Z hint:
2026-02-10T17:28:12.1474380Z hint: 	git config --global init.defaultBranch <name>
2026-02-10T17:28:12.1475440Z hint:
2026-02-10T17:28:12.1476000Z hint: Names commonly chosen instead of 'master' are 'main', 'trunk' and
2026-02-10T17:28:12.1476940Z hint: 'development'. The just-created branch can be renamed via this command:
2026-02-10T17:28:12.1477540Z hint:
2026-02-10T17:28:12.1477890Z hint: 	git branch -m <name>
2026-02-10T17:28:12.1478290Z hint:
2026-02-10T17:28:12.1478780Z hint: Disable this message with "git config set advice.defaultBranchName false"
2026-02-10T17:28:12.1479690Z Initialized empty Git repository in /Users/runner/work/BasalGuard/BasalGuard/.git/
2026-02-10T17:28:12.1482580Z [command]/opt/homebrew/bin/git remote add origin https://github.com/gabrielima7/BasalGuard
2026-02-10T17:28:12.1567070Z ##[endgroup]
2026-02-10T17:28:12.1569040Z ##[group]Disabling automatic garbage collection
2026-02-10T17:28:12.1570750Z [command]/opt/homebrew/bin/git config --local gc.auto 0
2026-02-10T17:28:12.1689340Z ##[endgroup]
2026-02-10T17:28:12.1690370Z ##[group]Setting up auth
2026-02-10T17:28:12.1691630Z [command]/opt/homebrew/bin/git config --local --name-only --get-regexp core\.sshCommand
2026-02-10T17:28:12.1718830Z [command]/opt/homebrew/bin/git submodule foreach --recursive sh -c "git config --local --name-only --get-regexp 'core\.sshCommand' && git config --local --unset-all 'core.sshCommand' || :"
2026-02-10T17:28:12.3704800Z [command]/opt/homebrew/bin/git config --local --name-only --get-regexp http\.https\:\/\/github\.com\/\.extraheader
2026-02-10T17:28:12.3709050Z [command]/opt/homebrew/bin/git submodule foreach --recursive sh -c "git config --local --name-only --get-regexp 'http\.https\:\/\/github\.com\/\.extraheader' && git config --local --unset-all 'http.https://github.com/.extraheader' || :"
2026-02-10T17:28:12.5074970Z [command]/opt/homebrew/bin/git config --local --name-only --get-regexp ^includeIf\.gitdir:
2026-02-10T17:28:12.5164850Z [command]/opt/homebrew/bin/git submodule foreach --recursive git config --local --show-origin --name-only --get-regexp remote.origin.url
2026-02-10T17:28:12.6513610Z [command]/opt/homebrew/bin/git config --local http.https://github.com/.extraheader AUTHORIZATION: basic ***
2026-02-10T17:28:12.6608070Z ##[endgroup]
2026-02-10T17:28:12.6610150Z ##[group]Fetching the repository
2026-02-10T17:28:12.6613650Z [command]/opt/homebrew/bin/git -c protocol.version=2 fetch --no-tags --prune --no-recurse-submodules --depth=1 origin +adc2f215813a0c775243ca501085c28bdb02651f:refs/remotes/origin/main
2026-02-10T17:28:12.9341410Z From https://github.com/gabrielima7/BasalGuard
2026-02-10T17:28:12.9343410Z  * [new ref]         adc2f215813a0c775243ca501085c28bdb02651f -> origin/main
2026-02-10T17:28:12.9524800Z ##[endgroup]
2026-02-10T17:28:12.9528250Z ##[group]Determining the checkout info
2026-02-10T17:28:12.9531050Z ##[endgroup]
2026-02-10T17:28:12.9532960Z [command]/opt/homebrew/bin/git sparse-checkout disable
2026-02-10T17:28:12.9685740Z [command]/opt/homebrew/bin/git config --local --unset-all extensions.worktreeConfig
2026-02-10T17:28:12.9784730Z ##[group]Checking out the ref
2026-02-10T17:28:12.9787060Z [command]/opt/homebrew/bin/git checkout --progress --force -B main refs/remotes/origin/main
2026-02-10T17:28:13.0000470Z Switched to a new branch 'main'
2026-02-10T17:28:13.0015580Z branch 'main' set up to track 'origin/main'.
2026-02-10T17:28:13.0019470Z ##[endgroup]
2026-02-10T17:28:13.0093870Z [command]/opt/homebrew/bin/git log -1 --format=%H
2026-02-10T17:28:13.0193840Z adc2f215813a0c775243ca501085c28bdb02651f
2026-02-10T17:28:13.0816600Z ##[group]Run actions/setup-python@v5
2026-02-10T17:28:13.0817390Z with:
2026-02-10T17:28:13.0817890Z   python-version: 3.12
2026-02-10T17:28:13.0818810Z   check-latest: false
2026-02-10T17:28:13.0819600Z   token: ***
2026-02-10T17:28:13.0820140Z   update-environment: true
2026-02-10T17:28:13.0820790Z   allow-prereleases: false
2026-02-10T17:28:13.0821420Z   freethreaded: false
2026-02-10T17:28:13.0822000Z ##[endgroup]
2026-02-10T17:28:13.2996460Z ##[group]Installed versions
2026-02-10T17:28:13.3062290Z Successfully set up CPython (3.12.10)
2026-02-10T17:28:13.3063970Z ##[endgroup]
2026-02-10T17:28:13.3199650Z ##[group]Run pipx install poetry
2026-02-10T17:28:13.3200500Z [36;1mpipx install poetry[0m
2026-02-10T17:28:13.3258570Z shell: /bin/bash -e {0}
2026-02-10T17:28:13.3259240Z env:
2026-02-10T17:28:13.3260020Z   pythonLocation: /Users/runner/hostedtoolcache/Python/3.12.10/arm64
2026-02-10T17:28:13.3261450Z   PKG_CONFIG_PATH: /Users/runner/hostedtoolcache/Python/3.12.10/arm64/lib/pkgconfig
2026-02-10T17:28:13.3262980Z   Python_ROOT_DIR: /Users/runner/hostedtoolcache/Python/3.12.10/arm64
2026-02-10T17:28:13.3264230Z   Python2_ROOT_DIR: /Users/runner/hostedtoolcache/Python/3.12.10/arm64
2026-02-10T17:28:13.3265630Z   Python3_ROOT_DIR: /Users/runner/hostedtoolcache/Python/3.12.10/arm64
2026-02-10T17:28:13.3266750Z ##[endgroup]
2026-02-10T17:28:13.9592300Z creating virtual environment...
2026-02-10T17:28:14.0526790Z creating shared libraries...
2026-02-10T17:28:17.0983930Z upgrading shared libraries...
2026-02-10T17:28:18.6127150Z installing poetry...
2026-02-10T17:28:23.2661520Z done! ✨ 🌟 ✨
2026-02-10T17:28:23.2662970Z   installed package poetry 2.3.2, installed using Python 3.14.2
2026-02-10T17:28:23.2694480Z   These apps are now globally available
2026-02-10T17:28:23.2730400Z     - poetry
2026-02-10T17:28:23.2960130Z ##[group]Run poetry install
2026-02-10T17:28:23.2960420Z [36;1mpoetry install[0m
2026-02-10T17:28:23.3029360Z shell: /bin/bash -e {0}
2026-02-10T17:28:23.3029820Z env:
2026-02-10T17:28:23.3030250Z   pythonLocation: /Users/runner/hostedtoolcache/Python/3.12.10/arm64
2026-02-10T17:28:23.3030820Z   PKG_CONFIG_PATH: /Users/runner/hostedtoolcache/Python/3.12.10/arm64/lib/pkgconfig
2026-02-10T17:28:23.3031510Z   Python_ROOT_DIR: /Users/runner/hostedtoolcache/Python/3.12.10/arm64
2026-02-10T17:28:23.3032000Z   Python2_ROOT_DIR: /Users/runner/hostedtoolcache/Python/3.12.10/arm64
2026-02-10T17:28:23.3032820Z   Python3_ROOT_DIR: /Users/runner/hostedtoolcache/Python/3.12.10/arm64
2026-02-10T17:28:23.3033230Z ##[endgroup]
2026-02-10T17:28:24.1371250Z Creating virtualenv basalguard-80myX1_h-py3.12 in /Users/runner/Library/Caches/pypoetry/virtualenvs
2026-02-10T17:28:24.8014370Z Updating dependencies
2026-02-10T17:28:24.8015980Z Resolving dependencies...
2026-02-10T17:28:29.3064690Z 
2026-02-10T17:28:29.3083970Z Package operations: 52 installs, 0 updates, 0 removals
2026-02-10T17:28:29.3138050Z 
2026-02-10T17:28:29.3139490Z   - Installing pycparser (3.0)
2026-02-10T17:28:29.7758300Z   - Installing protobuf (4.25.8)
2026-02-10T17:28:29.7871970Z   - Installing cffi (2.0.0)
2026-02-10T17:28:29.7879900Z   - Installing pyasn1 (0.6.2)
2026-02-10T17:28:29.8016350Z   - Installing typing-extensions (4.15.0)
2026-02-10T17:28:29.8920900Z   - Installing certifi (2026.1.4)
2026-02-10T17:28:29.9017390Z   - Installing googleapis-common-protos (1.72.0)
2026-02-10T17:28:29.9119080Z   - Installing grpcio (1.78.0)
2026-02-10T17:28:29.9150170Z   - Installing charset-normalizer (3.4.4)
2026-02-10T17:28:29.9233610Z   - Installing cryptography (46.0.4)
2026-02-10T17:28:29.9233940Z   - Installing idna (3.11)
2026-02-10T17:28:29.9779440Z   - Installing pyasn1-modules (0.4.2)
2026-02-10T17:28:29.9780390Z   - Installing rsa (4.9.1)
2026-02-10T17:28:30.0280750Z   - Installing urllib3 (2.6.3)
2026-02-10T17:28:30.7088530Z   - Installing grpcio-status (1.62.3)
2026-02-10T17:28:30.7096440Z   - Installing h11 (0.16.0)
2026-02-10T17:28:30.7136870Z   - Installing proto-plus (1.27.1)
2026-02-10T17:28:30.7170350Z   - Installing requests (2.32.5)
2026-02-10T17:28:30.7249410Z   - Installing google-auth (2.48.0)
2026-02-10T17:28:30.7304400Z   - Installing mdurl (0.1.2)
2026-02-10T17:28:30.8383160Z   - Installing annotated-types (0.7.0)
2026-02-10T17:28:30.8496940Z   - Installing anyio (4.12.1)
2026-02-10T17:28:30.8599720Z   - Installing google-api-core (2.29.0)
2026-02-10T17:28:30.8623240Z   - Installing httpcore (1.0.9)
2026-02-10T17:28:30.8623760Z   - Installing iniconfig (2.3.0)
2026-02-10T17:28:30.8624280Z   - Installing markdown-it-py (4.0.0)
2026-02-10T17:28:30.8638660Z   - Installing packaging (26.0)
2026-02-10T17:28:30.9233540Z   - Installing pluggy (1.6.0)
2026-02-10T17:28:30.9334660Z   - Installing pydantic-core (2.41.5)
2026-02-10T17:28:30.9929220Z   - Installing pygments (2.19.2)
2026-02-10T17:28:31.0031950Z   - Installing typing-inspection (0.4.2)
2026-02-10T17:28:31.2498720Z   - Installing coverage (7.13.4)
2026-02-10T17:28:31.2605700Z   - Installing jiter (0.13.0)
2026-02-10T17:28:31.2606220Z   - Installing mypy-extensions (1.1.0)
2026-02-10T17:28:31.2606700Z   - Installing librt (0.7.8)
2026-02-10T17:28:31.2607100Z   - Installing httpx (0.28.1)
2026-02-10T17:28:31.2617010Z   - Installing distro (1.9.0)
2026-02-10T17:28:31.2617450Z   - Installing google-ai-generativelanguage (0.4.0)
2026-02-10T17:28:31.3791880Z   - Installing pathspec (1.0.4)
2026-02-10T17:28:31.4115690Z   - Installing pydantic (2.12.5)
2026-02-10T17:28:31.4205800Z   - Installing pytest (8.4.2)
2026-02-10T17:28:31.4409690Z   - Installing pyyaml (6.0.3)
2026-02-10T17:28:31.4875800Z   - Installing rich (14.3.2)
2026-02-10T17:28:31.5998060Z   - Installing sniffio (1.3.1)
2026-02-10T17:28:31.6091170Z   - Installing stevedore (5.6.0)
2026-02-10T17:28:31.6288230Z   - Installing tqdm (4.67.3)
2026-02-10T17:28:31.8185470Z   - Installing bandit (1.9.3)
2026-02-10T17:28:31.8210270Z   - Installing openai (1.109.1)
2026-02-10T17:28:31.8212330Z   - Installing google-generativeai (0.3.2)
2026-02-10T17:28:31.8213140Z   - Installing mypy (1.19.1)
2026-02-10T17:28:31.8242560Z   - Installing ruff (0.1.15)
2026-02-10T17:28:31.8252330Z   - Installing pytest-cov (4.1.0)
2026-02-10T17:28:33.5455630Z 
2026-02-10T17:28:33.5563330Z Writing lock file
2026-02-10T17:28:33.5665220Z 
2026-02-10T17:28:33.5766260Z Installing the current project: basalguard (0.1.0)
2026-02-10T17:28:34.8207580Z ##[group]Run poetry run pytest tests/ -v
2026-02-10T17:28:34.8208110Z [36;1mpoetry run pytest tests/ -v[0m
2026-02-10T17:28:34.8306510Z shell: /bin/bash -e {0}
2026-02-10T17:28:34.8306800Z env:
2026-02-10T17:28:34.8307170Z   pythonLocation: /Users/runner/hostedtoolcache/Python/3.12.10/arm64
2026-02-10T17:28:34.8307710Z   PKG_CONFIG_PATH: /Users/runner/hostedtoolcache/Python/3.12.10/arm64/lib/pkgconfig
2026-02-10T17:28:34.8308200Z   Python_ROOT_DIR: /Users/runner/hostedtoolcache/Python/3.12.10/arm64
2026-02-10T17:28:34.8308590Z   Python2_ROOT_DIR: /Users/runner/hostedtoolcache/Python/3.12.10/arm64
2026-02-10T17:28:34.8309100Z   Python3_ROOT_DIR: /Users/runner/hostedtoolcache/Python/3.12.10/arm64
2026-02-10T17:28:34.8309490Z ##[endgroup]
2026-02-10T17:28:37.5802130Z ============================= test session starts ==============================
2026-02-10T17:28:37.5806870Z platform darwin -- Python 3.12.10, pytest-8.4.2, pluggy-1.6.0 -- /Users/runner/Library/Caches/pypoetry/virtualenvs/basalguard-80myX1_h-py3.12/bin/python
2026-02-10T17:28:37.5809560Z cachedir: .pytest_cache
2026-02-10T17:28:37.5810420Z rootdir: /Users/runner/work/BasalGuard/BasalGuard
2026-02-10T17:28:37.5811440Z configfile: pyproject.toml
2026-02-10T17:28:37.5817240Z plugins: anyio-4.12.1, cov-4.1.0
2026-02-10T17:28:37.9128940Z collecting ... collected 0 items / 1 error
2026-02-10T17:28:37.9246420Z 
2026-02-10T17:28:37.9359420Z ==================================== ERRORS ====================================
2026-02-10T17:28:37.9465140Z ________________ ERROR collecting tests/test_agent_firewall.py _________________
2026-02-10T17:28:37.9569230Z ImportError while importing test module '/Users/runner/work/BasalGuard/BasalGuard/tests/test_agent_firewall.py'.
2026-02-10T17:28:37.9670360Z Hint: make sure your test modules/packages have valid Python names.
2026-02-10T17:28:37.9774460Z Traceback:
2026-02-10T17:28:37.9897370Z /Library/Frameworks/Python.framework/Versions/3.12/lib/python3.12/importlib/__init__.py:90: in import_module
2026-02-10T17:28:37.9999630Z     return _bootstrap._gcd_import(name[level:], package, level)
2026-02-10T17:28:38.0101440Z            ^^^^^^^^^^^^^^^^^^^^^^^^^^^^^^^^^^^^^^^^^^^^^^^^^^^^
2026-02-10T17:28:38.0202980Z tests/test_agent_firewall.py:21: in <module>
2026-02-10T17:28:38.0304750Z     from basalguard.core.agent_firewall import (
2026-02-10T17:28:38.0408170Z src/basalguard/core/agent_firewall.py:34: in <module>
2026-02-10T17:28:38.0460120Z     from taipanstack.security.guards import (
2026-02-10T17:28:38.0538930Z E   ModuleNotFoundError: No module named 'taipanstack'
2026-02-10T17:28:38.0641820Z =========================== short test summary info ============================
2026-02-10T17:28:38.0745800Z ERROR tests/test_agent_firewall.py
2026-02-10T17:28:38.0860740Z !!!!!!!!!!!!!!!!!!!! Interrupted: 1 error during collection !!!!!!!!!!!!!!!!!!!!
2026-02-10T17:28:38.0965930Z =============================== 1 error in 0.24s ===============================
2026-02-10T17:28:38.1063110Z ##[error]Process completed with exit code 2.
2026-02-10T17:28:38.1862390Z Post job cleanup.
2026-02-10T17:28:39.3894360Z [command]/opt/homebrew/bin/git version
2026-02-10T17:28:39.5012490Z git version 2.52.0
2026-02-10T17:28:39.5473060Z Copying '/Users/runner/.gitconfig' to '/Users/runner/work/_temp/1046cd3e-f595-4154-be3d-b6c889a0b521/.gitconfig'
2026-02-10T17:28:39.5575230Z Temporarily overriding HOME='/Users/runner/work/_temp/1046cd3e-f595-4154-be3d-b6c889a0b521' before making global git config changes
2026-02-10T17:28:39.5678990Z Adding repository directory to the temporary git global config as a safe directory
2026-02-10T17:28:39.5786070Z [command]/opt/homebrew/bin/git config --global --add safe.directory /Users/runner/work/BasalGuard/BasalGuard
2026-02-10T17:28:39.6074090Z [command]/opt/homebrew/bin/git config --local --name-only --get-regexp core\.sshCommand
2026-02-10T17:28:39.6415960Z [command]/opt/homebrew/bin/git submodule foreach --recursive sh -c "git config --local --name-only --get-regexp 'core\.sshCommand' && git config --local --unset-all 'core.sshCommand' || :"
2026-02-10T17:28:39.9035880Z [command]/opt/homebrew/bin/git config --local --name-only --get-regexp http\.https\:\/\/github\.com\/\.extraheader
2026-02-10T17:28:39.9137660Z http.https://github.com/.extraheader
2026-02-10T17:28:39.9470190Z [command]/opt/homebrew/bin/git config --local --unset-all http.https://github.com/.extraheader
2026-02-10T17:28:39.9852430Z [command]/opt/homebrew/bin/git submodule foreach --recursive sh -c "git config --local --name-only --get-regexp 'http\.https\:\/\/github\.com\/\.extraheader' && git config --local --unset-all 'http.https://github.com/.extraheader' || :"
2026-02-10T17:28:40.2062250Z [command]/opt/homebrew/bin/git config --local --name-only --get-regexp ^includeIf\.gitdir:
2026-02-10T17:28:40.2370190Z [command]/opt/homebrew/bin/git submodule foreach --recursive git config --local --show-origin --name-only --get-regexp remote.origin.url
2026-02-10T17:28:40.4471130Z Cleaning up orphan processes
