2026-02-10T17:28:10.5231409Z Current runner version: '2.331.0'
2026-02-10T17:28:10.5256841Z ##[group]Runner Image Provisioner
2026-02-10T17:28:10.5257753Z Hosted Compute Agent
2026-02-10T17:28:10.5258313Z Version: 20260123.484
2026-02-10T17:28:10.5258872Z Commit: 6bd6555ca37d84114959e1c76d2c01448ff61c5d
2026-02-10T17:28:10.5259654Z Build Date: 2026-01-23T19:41:17Z
2026-02-10T17:28:10.5260270Z Worker ID: {178547d0-72f3-4bb7-ab8f-ef4fea5fe7ef}
2026-02-10T17:28:10.5260965Z Azure Region: northcentralus
2026-02-10T17:28:10.5261549Z ##[endgroup]
2026-02-10T17:28:10.5262971Z ##[group]Operating System
2026-02-10T17:28:10.5263573Z Ubuntu
2026-02-10T17:28:10.5264106Z 24.04.3
2026-02-10T17:28:10.5264585Z LTS
2026-02-10T17:28:10.5265003Z ##[endgroup]
2026-02-10T17:28:10.5265841Z ##[group]Runner Image
2026-02-10T17:28:10.5266396Z Image: ubuntu-24.04
2026-02-10T17:28:10.5266905Z Version: 20260201.15.1
2026-02-10T17:28:10.5268148Z Included Software: https://github.com/actions/runner-images/blob/ubuntu24/20260201.15/images/ubuntu/Ubuntu2404-Readme.md
2026-02-10T17:28:10.5269574Z Image Release: https://github.com/actions/runner-images/releases/tag/ubuntu24%2F20260201.15
2026-02-10T17:28:10.5270503Z ##[endgroup]
2026-02-10T17:28:10.5271578Z ##[group]GITHUB_TOKEN Permissions
2026-02-10T17:28:10.5273493Z Contents: read
2026-02-10T17:28:10.5274135Z Metadata: read
2026-02-10T17:28:10.5274645Z Packages: read
2026-02-10T17:28:10.5275128Z ##[endgroup]
2026-02-10T17:28:10.5277676Z Secret source: Actions
2026-02-10T17:28:10.5278385Z Prepare workflow directory
2026-02-10T17:28:10.5719242Z Prepare all required actions
2026-02-10T17:28:10.5776937Z Getting action download info
2026-02-10T17:28:10.9523101Z Download action repository 'actions/checkout@v4' (SHA:34e114876b0b11c390a56381ad16ebd13914f8d5)
2026-02-10T17:28:11.0503507Z Download action repository 'actions/setup-python@v5' (SHA:a26af69be951a213d495a4c3e4e4022e16d87065)
2026-02-10T17:28:11.2563909Z Complete job name: Test Python 3.11 on ubuntu-latest
2026-02-10T17:28:11.3234721Z ##[group]Run actions/checkout@v4
2026-02-10T17:28:11.3235875Z with:
2026-02-10T17:28:11.3236344Z   repository: gabrielima7/BasalGuard
2026-02-10T17:28:11.3237102Z   token: ***
2026-02-10T17:28:11.3237539Z   ssh-strict: true
2026-02-10T17:28:11.3237975Z   ssh-user: git
2026-02-10T17:28:11.3238423Z   persist-credentials: true
2026-02-10T17:28:11.3238909Z   clean: true
2026-02-10T17:28:11.3239347Z   sparse-checkout-cone-mode: true
2026-02-10T17:28:11.3239869Z   fetch-depth: 1
2026-02-10T17:28:11.3240296Z   fetch-tags: false
2026-02-10T17:28:11.3240735Z   show-progress: true
2026-02-10T17:28:11.3241185Z   lfs: false
2026-02-10T17:28:11.3241618Z   submodules: false
2026-02-10T17:28:11.3242054Z   set-safe-directory: true
2026-02-10T17:28:11.3242790Z ##[endgroup]
2026-02-10T17:28:11.4351029Z Syncing repository: gabrielima7/BasalGuard
2026-02-10T17:28:11.4353362Z ##[group]Getting Git version info
2026-02-10T17:28:11.4354159Z Working directory is '/home/runner/work/BasalGuard/BasalGuard'
2026-02-10T17:28:11.4355590Z [command]/usr/bin/git version
2026-02-10T17:28:11.4411449Z git version 2.52.0
2026-02-10T17:28:11.4438795Z ##[endgroup]
2026-02-10T17:28:11.4454070Z Temporarily overriding HOME='/home/runner/work/_temp/f2c21595-06ef-499d-848f-a28c31b3556e' before making global git config changes
2026-02-10T17:28:11.4455862Z Adding repository directory to the temporary git global config as a safe directory
2026-02-10T17:28:11.4467878Z [command]/usr/bin/git config --global --add safe.directory /home/runner/work/BasalGuard/BasalGuard
2026-02-10T17:28:11.4509050Z Deleting the contents of '/home/runner/work/BasalGuard/BasalGuard'
2026-02-10T17:28:11.4512619Z ##[group]Initializing the repository
2026-02-10T17:28:11.4517285Z [command]/usr/bin/git init /home/runner/work/BasalGuard/BasalGuard
2026-02-10T17:28:11.4607111Z hint: Using 'master' as the name for the initial branch. This default branch name
2026-02-10T17:28:11.4609072Z hint: will change to "main" in Git 3.0. To configure the initial branch name
2026-02-10T17:28:11.4611100Z hint: to use in all of your new repositories, which will suppress this warning,
2026-02-10T17:28:11.4612664Z hint: call:
2026-02-10T17:28:11.4613072Z hint:
2026-02-10T17:28:11.4613913Z hint: 	git config --global init.defaultBranch <name>
2026-02-10T17:28:11.4614576Z hint:
2026-02-10T17:28:11.4615421Z hint: Names commonly chosen instead of 'master' are 'main', 'trunk' and
2026-02-10T17:28:11.4616586Z hint: 'development'. The just-created branch can be renamed via this command:
2026-02-10T17:28:11.4617797Z hint:
2026-02-10T17:28:11.4618336Z hint: 	git branch -m <name>
2026-02-10T17:28:11.4618832Z hint:
2026-02-10T17:28:11.4619463Z hint: Disable this message with "git config set advice.defaultBranchName false"
2026-02-10T17:28:11.4620532Z Initialized empty Git repository in /home/runner/work/BasalGuard/BasalGuard/.git/
2026-02-10T17:28:11.4623577Z [command]/usr/bin/git remote add origin https://github.com/gabrielima7/BasalGuard
2026-02-10T17:28:11.4659200Z ##[endgroup]
2026-02-10T17:28:11.4660059Z ##[group]Disabling automatic garbage collection
2026-02-10T17:28:11.4663315Z [command]/usr/bin/git config --local gc.auto 0
2026-02-10T17:28:11.4692852Z ##[endgroup]
2026-02-10T17:28:11.4693571Z ##[group]Setting up auth
2026-02-10T17:28:11.4700687Z [command]/usr/bin/git config --local --name-only --get-regexp core\.sshCommand
2026-02-10T17:28:11.4732309Z [command]/usr/bin/git submodule foreach --recursive sh -c "git config --local --name-only --get-regexp 'core\.sshCommand' && git config --local --unset-all 'core.sshCommand' || :"
2026-02-10T17:28:11.5084006Z [command]/usr/bin/git config --local --name-only --get-regexp http\.https\:\/\/github\.com\/\.extraheader
2026-02-10T17:28:11.5117851Z [command]/usr/bin/git submodule foreach --recursive sh -c "git config --local --name-only --get-regexp 'http\.https\:\/\/github\.com\/\.extraheader' && git config --local --unset-all 'http.https://github.com/.extraheader' || :"
2026-02-10T17:28:11.5370692Z [command]/usr/bin/git config --local --name-only --get-regexp ^includeIf\.gitdir:
2026-02-10T17:28:11.5410247Z [command]/usr/bin/git submodule foreach --recursive git config --local --show-origin --name-only --get-regexp remote.origin.url
2026-02-10T17:28:11.5678337Z [command]/usr/bin/git config --local http.https://github.com/.extraheader AUTHORIZATION: basic ***
2026-02-10T17:28:11.5717240Z ##[endgroup]
2026-02-10T17:28:11.5718697Z ##[group]Fetching the repository
2026-02-10T17:28:11.5726809Z [command]/usr/bin/git -c protocol.version=2 fetch --no-tags --prune --no-recurse-submodules --depth=1 origin +adc2f215813a0c775243ca501085c28bdb02651f:refs/remotes/origin/main
2026-02-10T17:28:11.8475604Z From https://github.com/gabrielima7/BasalGuard
2026-02-10T17:28:11.8476749Z  * [new ref]         adc2f215813a0c775243ca501085c28bdb02651f -> origin/main
2026-02-10T17:28:11.8509099Z ##[endgroup]
2026-02-10T17:28:11.8510498Z ##[group]Determining the checkout info
2026-02-10T17:28:11.8512147Z ##[endgroup]
2026-02-10T17:28:11.8518008Z [command]/usr/bin/git sparse-checkout disable
2026-02-10T17:28:11.8560168Z [command]/usr/bin/git config --local --unset-all extensions.worktreeConfig
2026-02-10T17:28:11.8588030Z ##[group]Checking out the ref
2026-02-10T17:28:11.8592301Z [command]/usr/bin/git checkout --progress --force -B main refs/remotes/origin/main
2026-02-10T17:28:11.8700678Z Switched to a new branch 'main'
2026-02-10T17:28:11.8703622Z branch 'main' set up to track 'origin/main'.
2026-02-10T17:28:11.8710358Z ##[endgroup]
2026-02-10T17:28:11.8744862Z [command]/usr/bin/git log -1 --format=%H
2026-02-10T17:28:11.8766905Z adc2f215813a0c775243ca501085c28bdb02651f
2026-02-10T17:28:11.9026298Z ##[group]Run actions/setup-python@v5
2026-02-10T17:28:11.9026975Z with:
2026-02-10T17:28:11.9027372Z   python-version: 3.11
2026-02-10T17:28:11.9027828Z   check-latest: false
2026-02-10T17:28:11.9028422Z   token: ***
2026-02-10T17:28:11.9028836Z   update-environment: true
2026-02-10T17:28:11.9029323Z   allow-prereleases: false
2026-02-10T17:28:11.9029783Z   freethreaded: false
2026-02-10T17:28:11.9030204Z ##[endgroup]
2026-02-10T17:28:12.0716320Z ##[group]Installed versions
2026-02-10T17:28:12.0820882Z Successfully set up CPython (3.11.14)
2026-02-10T17:28:12.0822734Z ##[endgroup]
2026-02-10T17:28:12.0967654Z ##[group]Run pipx install poetry
2026-02-10T17:28:12.0969012Z [36;1mpipx install poetry[0m
2026-02-10T17:28:12.1016127Z shell: /usr/bin/bash -e {0}
2026-02-10T17:28:12.1017294Z env:
2026-02-10T17:28:12.1018458Z   pythonLocation: /opt/hostedtoolcache/Python/3.11.14/x64
2026-02-10T17:28:12.1020480Z   PKG_CONFIG_PATH: /opt/hostedtoolcache/Python/3.11.14/x64/lib/pkgconfig
2026-02-10T17:28:12.1022468Z   Python_ROOT_DIR: /opt/hostedtoolcache/Python/3.11.14/x64
2026-02-10T17:28:12.1024224Z   Python2_ROOT_DIR: /opt/hostedtoolcache/Python/3.11.14/x64
2026-02-10T17:28:12.1026182Z   Python3_ROOT_DIR: /opt/hostedtoolcache/Python/3.11.14/x64
2026-02-10T17:28:12.1027975Z   LD_LIBRARY_PATH: /opt/hostedtoolcache/Python/3.11.14/x64/lib
2026-02-10T17:28:12.1029472Z ##[endgroup]
2026-02-10T17:28:12.4196631Z creating virtual environment...
2026-02-10T17:28:12.5602658Z installing poetry...
2026-02-10T17:28:20.7226870Z done! ✨ 🌟 ✨
2026-02-10T17:28:20.7227905Z   installed package poetry 2.3.2, installed using Python 3.12.3
2026-02-10T17:28:20.7228573Z   These apps are now globally available
2026-02-10T17:28:20.7229066Z     - poetry
2026-02-10T17:28:20.7461588Z ##[group]Run poetry install
2026-02-10T17:28:20.7461947Z [36;1mpoetry install[0m
2026-02-10T17:28:20.7496952Z shell: /usr/bin/bash -e {0}
2026-02-10T17:28:20.7497234Z env:
2026-02-10T17:28:20.7497520Z   pythonLocation: /opt/hostedtoolcache/Python/3.11.14/x64
2026-02-10T17:28:20.7497998Z   PKG_CONFIG_PATH: /opt/hostedtoolcache/Python/3.11.14/x64/lib/pkgconfig
2026-02-10T17:28:20.7498487Z   Python_ROOT_DIR: /opt/hostedtoolcache/Python/3.11.14/x64
2026-02-10T17:28:20.7498898Z   Python2_ROOT_DIR: /opt/hostedtoolcache/Python/3.11.14/x64
2026-02-10T17:28:20.7499312Z   Python3_ROOT_DIR: /opt/hostedtoolcache/Python/3.11.14/x64
2026-02-10T17:28:20.7499717Z   LD_LIBRARY_PATH: /opt/hostedtoolcache/Python/3.11.14/x64/lib
2026-02-10T17:28:20.7500114Z ##[endgroup]
2026-02-10T17:28:21.2782154Z Creating virtualenv basalguard-GmF7fbRV-py3.11 in /home/runner/.cache/pypoetry/virtualenvs
2026-02-10T17:28:21.6724064Z Updating dependencies
2026-02-10T17:28:21.6724761Z Resolving dependencies...
2026-02-10T17:28:26.3843700Z 
2026-02-10T17:28:26.3844319Z Package operations: 52 installs, 0 updates, 0 removals
2026-02-10T17:28:26.3844782Z 
2026-02-10T17:28:26.3847851Z   - Installing pycparser (3.0)
2026-02-10T17:28:26.4372904Z   - Installing cffi (2.0.0)
2026-02-10T17:28:26.4373935Z   - Installing protobuf (4.25.8)
2026-02-10T17:28:26.4383729Z   - Installing pyasn1 (0.6.2)
2026-02-10T17:28:26.4389970Z   - Installing typing-extensions (4.15.0)
2026-02-10T17:28:26.5717653Z   - Installing certifi (2026.1.4)
2026-02-10T17:28:26.5723631Z   - Installing charset-normalizer (3.4.4)
2026-02-10T17:28:26.5730334Z   - Installing cryptography (46.0.4)
2026-02-10T17:28:26.5744790Z   - Installing googleapis-common-protos (1.72.0)
2026-02-10T17:28:26.5766115Z   - Installing idna (3.11)
2026-02-10T17:28:26.5772277Z   - Installing grpcio (1.78.0)
2026-02-10T17:28:26.5784799Z   - Installing pyasn1-modules (0.4.2)
2026-02-10T17:28:26.5890491Z   - Installing rsa (4.9.1)
2026-02-10T17:28:26.6791582Z   - Installing urllib3 (2.6.3)
2026-02-10T17:28:27.0971667Z   - Installing google-auth (2.48.0)
2026-02-10T17:28:27.0976566Z   - Installing grpcio-status (1.62.3)
2026-02-10T17:28:27.0978648Z   - Installing h11 (0.16.0)
2026-02-10T17:28:27.0989234Z   - Installing mdurl (0.1.2)
2026-02-10T17:28:27.0994019Z   - Installing proto-plus (1.27.1)
2026-02-10T17:28:27.1012936Z   - Installing requests (2.32.5)
2026-02-10T17:28:27.1866024Z   - Installing annotated-types (0.7.0)
2026-02-10T17:28:27.1868841Z   - Installing anyio (4.12.1)
2026-02-10T17:28:27.1874860Z   - Installing google-api-core (2.29.0)
2026-02-10T17:28:27.1889869Z   - Installing httpcore (1.0.9)
2026-02-10T17:28:27.1915770Z   - Installing iniconfig (2.3.0)
2026-02-10T17:28:27.1920412Z   - Installing markdown-it-py (4.0.0)
2026-02-10T17:28:27.1949212Z   - Installing packaging (26.0)
2026-02-10T17:28:27.1971244Z   - Installing pluggy (1.6.0)
2026-02-10T17:28:27.2452673Z   - Installing pydantic-core (2.41.5)
2026-02-10T17:28:27.2744566Z   - Installing pygments (2.19.2)
2026-02-10T17:28:27.2980457Z   - Installing typing-inspection (0.4.2)
2026-02-10T17:28:27.4973821Z   - Installing coverage (7.13.4)
2026-02-10T17:28:27.4978642Z   - Installing distro (1.9.0)
2026-02-10T17:28:27.4983679Z   - Installing google-ai-generativelanguage (0.4.0)
2026-02-10T17:28:27.4990994Z   - Installing httpx (0.28.1)
2026-02-10T17:28:27.4996282Z   - Installing jiter (0.13.0)
2026-02-10T17:28:27.5001574Z   - Installing librt (0.7.8)
2026-02-10T17:28:27.5005786Z   - Installing mypy-extensions (1.1.0)
2026-02-10T17:28:27.5036051Z   - Installing pathspec (1.0.4)
2026-02-10T17:28:27.5768548Z   - Installing pydantic (2.12.5)
2026-02-10T17:28:27.6009577Z   - Installing pytest (8.4.2)
2026-02-10T17:28:27.6508234Z   - Installing pyyaml (6.0.3)
2026-02-10T17:28:27.6679331Z   - Installing rich (14.3.2)
2026-02-10T17:28:27.6754618Z   - Installing sniffio (1.3.1)
2026-02-10T17:28:27.7000173Z   - Installing stevedore (5.6.0)
2026-02-10T17:28:27.7361948Z   - Installing tqdm (4.67.3)
2026-02-10T17:28:27.9298917Z   - Installing bandit (1.9.3)
2026-02-10T17:28:27.9303843Z   - Installing google-generativeai (0.3.2)
2026-02-10T17:28:27.9308752Z   - Installing mypy (1.19.1)
2026-02-10T17:28:27.9318493Z   - Installing openai (1.109.1)
2026-02-10T17:28:27.9323481Z   - Installing pytest-cov (4.1.0)
2026-02-10T17:28:27.9347565Z   - Installing ruff (0.1.15)
2026-02-10T17:28:29.1454994Z 
2026-02-10T17:28:29.1456010Z Writing lock file
2026-02-10T17:28:29.1456610Z 
2026-02-10T17:28:29.1457588Z Installing the current project: basalguard (0.1.0)
2026-02-10T17:28:29.5630467Z ##[group]Run poetry run pytest tests/ -v
2026-02-10T17:28:29.5630824Z [36;1mpoetry run pytest tests/ -v[0m
2026-02-10T17:28:29.5663862Z shell: /usr/bin/bash -e {0}
2026-02-10T17:28:29.5664094Z env:
2026-02-10T17:28:29.5664364Z   pythonLocation: /opt/hostedtoolcache/Python/3.11.14/x64
2026-02-10T17:28:29.5664788Z   PKG_CONFIG_PATH: /opt/hostedtoolcache/Python/3.11.14/x64/lib/pkgconfig
2026-02-10T17:28:29.5665423Z   Python_ROOT_DIR: /opt/hostedtoolcache/Python/3.11.14/x64
2026-02-10T17:28:29.5665798Z   Python2_ROOT_DIR: /opt/hostedtoolcache/Python/3.11.14/x64
2026-02-10T17:28:29.5666161Z   Python3_ROOT_DIR: /opt/hostedtoolcache/Python/3.11.14/x64
2026-02-10T17:28:29.5666521Z   LD_LIBRARY_PATH: /opt/hostedtoolcache/Python/3.11.14/x64/lib
2026-02-10T17:28:29.5666821Z ##[endgroup]
2026-02-10T17:28:31.1520372Z ============================= test session starts ==============================
2026-02-10T17:28:31.1521638Z platform linux -- Python 3.11.14, pytest-8.4.2, pluggy-1.6.0 -- /home/runner/.cache/pypoetry/virtualenvs/basalguard-GmF7fbRV-py3.11/bin/python
2026-02-10T17:28:31.1522392Z cachedir: .pytest_cache
2026-02-10T17:28:31.1522707Z rootdir: /home/runner/work/BasalGuard/BasalGuard
2026-02-10T17:28:31.1523067Z configfile: pyproject.toml
2026-02-10T17:28:31.1523374Z plugins: anyio-4.12.1, cov-4.1.0
2026-02-10T17:28:31.3381779Z collecting ... collected 0 items / 1 error
2026-02-10T17:28:31.3382191Z 
2026-02-10T17:28:31.3382413Z ==================================== ERRORS ====================================
2026-02-10T17:28:31.3383117Z ________________ ERROR collecting tests/test_agent_firewall.py _________________
2026-02-10T17:28:31.3384155Z ImportError while importing test module '/home/runner/work/BasalGuard/BasalGuard/tests/test_agent_firewall.py'.
2026-02-10T17:28:31.3385157Z Hint: make sure your test modules/packages have valid Python names.
2026-02-10T17:28:31.3386005Z Traceback:
2026-02-10T17:28:31.3386699Z /opt/hostedtoolcache/Python/3.11.14/x64/lib/python3.11/importlib/__init__.py:126: in import_module
2026-02-10T17:28:31.3387647Z     return _bootstrap._gcd_import(name[level:], package, level)
2026-02-10T17:28:31.3388259Z            ^^^^^^^^^^^^^^^^^^^^^^^^^^^^^^^^^^^^^^^^^^^^^^^^^^^^
2026-02-10T17:28:31.3388779Z tests/test_agent_firewall.py:21: in <module>
2026-02-10T17:28:31.3389685Z     from basalguard.core.agent_firewall import (
2026-02-10T17:28:31.3390388Z src/basalguard/core/agent_firewall.py:34: in <module>
2026-02-10T17:28:31.3390976Z     from taipanstack.security.guards import (
2026-02-10T17:28:31.3391549Z E   ModuleNotFoundError: No module named 'taipanstack'
2026-02-10T17:28:31.3392188Z =========================== short test summary info ============================
2026-02-10T17:28:31.3392769Z ERROR tests/test_agent_firewall.py
2026-02-10T17:28:31.3393335Z !!!!!!!!!!!!!!!!!!!! Interrupted: 1 error during collection !!!!!!!!!!!!!!!!!!!!
2026-02-10T17:28:31.3394002Z =============================== 1 error in 0.16s ===============================
2026-02-10T17:28:31.3737860Z ##[error]Process completed with exit code 2.
2026-02-10T17:28:31.3842365Z Post job cleanup.
2026-02-10T17:28:31.4782957Z [command]/usr/bin/git version
2026-02-10T17:28:31.4819793Z git version 2.52.0
2026-02-10T17:28:31.4862472Z Temporarily overriding HOME='/home/runner/work/_temp/8b26503a-08ae-4dc2-b48d-4ed86bfb0b8a' before making global git config changes
2026-02-10T17:28:31.4863823Z Adding repository directory to the temporary git global config as a safe directory
2026-02-10T17:28:31.4875044Z [command]/usr/bin/git config --global --add safe.directory /home/runner/work/BasalGuard/BasalGuard
2026-02-10T17:28:31.4911742Z [command]/usr/bin/git config --local --name-only --get-regexp core\.sshCommand
2026-02-10T17:28:31.4945081Z [command]/usr/bin/git submodule foreach --recursive sh -c "git config --local --name-only --get-regexp 'core\.sshCommand' && git config --local --unset-all 'core.sshCommand' || :"
2026-02-10T17:28:31.5176605Z [command]/usr/bin/git config --local --name-only --get-regexp http\.https\:\/\/github\.com\/\.extraheader
2026-02-10T17:28:31.5197594Z http.https://github.com/.extraheader
2026-02-10T17:28:31.5209988Z [command]/usr/bin/git config --local --unset-all http.https://github.com/.extraheader
2026-02-10T17:28:31.5240266Z [command]/usr/bin/git submodule foreach --recursive sh -c "git config --local --name-only --get-regexp 'http\.https\:\/\/github\.com\/\.extraheader' && git config --local --unset-all 'http.https://github.com/.extraheader' || :"
2026-02-10T17:28:31.5469680Z [command]/usr/bin/git config --local --name-only --get-regexp ^includeIf\.gitdir:
2026-02-10T17:28:31.5501287Z [command]/usr/bin/git submodule foreach --recursive git config --local --show-origin --name-only --get-regexp remote.origin.url
2026-02-10T17:28:31.5838925Z Cleaning up orphan processes
