2026-02-10T17:28:10.5218187Z Current runner version: '2.331.0'
2026-02-10T17:28:10.5241710Z ##[group]Runner Image Provisioner
2026-02-10T17:28:10.5242565Z Hosted Compute Agent
2026-02-10T17:28:10.5243101Z Version: 20260123.484
2026-02-10T17:28:10.5243698Z Commit: 6bd6555ca37d84114959e1c76d2c01448ff61c5d
2026-02-10T17:28:10.5244371Z Build Date: 2026-01-23T19:41:17Z
2026-02-10T17:28:10.5245082Z Worker ID: {d3b2f89a-1d7d-4843-9d7a-448650719178}
2026-02-10T17:28:10.5245756Z Azure Region: northcentralus
2026-02-10T17:28:10.5246282Z ##[endgroup]
2026-02-10T17:28:10.5247929Z ##[group]Operating System
2026-02-10T17:28:10.5248485Z Ubuntu
2026-02-10T17:28:10.5248965Z 24.04.3
2026-02-10T17:28:10.5249488Z LTS
2026-02-10T17:28:10.5249941Z ##[endgroup]
2026-02-10T17:28:10.5250391Z ##[group]Runner Image
2026-02-10T17:28:10.5250968Z Image: ubuntu-24.04
2026-02-10T17:28:10.5251473Z Version: 20260201.15.1
2026-02-10T17:28:10.5252668Z Included Software: https://github.com/actions/runner-images/blob/ubuntu24/20260201.15/images/ubuntu/Ubuntu2404-Readme.md
2026-02-10T17:28:10.5254094Z Image Release: https://github.com/actions/runner-images/releases/tag/ubuntu24%2F20260201.15
2026-02-10T17:28:10.5254948Z ##[endgroup]
2026-02-10T17:28:10.5256052Z ##[group]GITHUB_TOKEN Permissions
2026-02-10T17:28:10.5258190Z Contents: read
2026-02-10T17:28:10.5258765Z Metadata: read
2026-02-10T17:28:10.5259304Z Packages: read
2026-02-10T17:28:10.5259756Z ##[endgroup]
2026-02-10T17:28:10.5261906Z Secret source: Actions
2026-02-10T17:28:10.5262591Z Prepare workflow directory
2026-02-10T17:28:10.5599923Z Prepare all required actions
2026-02-10T17:28:10.5640031Z Getting action download info
2026-02-10T17:28:10.9367370Z Download action repository 'actions/checkout@v4' (SHA:34e114876b0b11c390a56381ad16ebd13914f8d5)
2026-02-10T17:28:11.0407179Z Download action repository 'actions/setup-python@v5' (SHA:a26af69be951a213d495a4c3e4e4022e16d87065)
2026-02-10T17:28:11.2427891Z Complete job name: Test Python 3.10 on ubuntu-latest
2026-02-10T17:28:11.3074635Z ##[group]Run actions/checkout@v4
2026-02-10T17:28:11.3075556Z with:
2026-02-10T17:28:11.3076001Z   repository: gabrielima7/BasalGuard
2026-02-10T17:28:11.3076702Z   token: ***
2026-02-10T17:28:11.3077324Z   ssh-strict: true
2026-02-10T17:28:11.3077743Z   ssh-user: git
2026-02-10T17:28:11.3078168Z   persist-credentials: true
2026-02-10T17:28:11.3078642Z   clean: true
2026-02-10T17:28:11.3079061Z   sparse-checkout-cone-mode: true
2026-02-10T17:28:11.3079560Z   fetch-depth: 1
2026-02-10T17:28:11.3079961Z   fetch-tags: false
2026-02-10T17:28:11.3080391Z   show-progress: true
2026-02-10T17:28:11.3080819Z   lfs: false
2026-02-10T17:28:11.3081222Z   submodules: false
2026-02-10T17:28:11.3081643Z   set-safe-directory: true
2026-02-10T17:28:11.3082370Z ##[endgroup]
2026-02-10T17:28:11.4219168Z Syncing repository: gabrielima7/BasalGuard
2026-02-10T17:28:11.4222296Z ##[group]Getting Git version info
2026-02-10T17:28:11.4223607Z Working directory is '/home/runner/work/BasalGuard/BasalGuard'
2026-02-10T17:28:11.4225654Z [command]/usr/bin/git version
2026-02-10T17:28:11.4319453Z git version 2.52.0
2026-02-10T17:28:11.4347426Z ##[endgroup]
2026-02-10T17:28:11.4364215Z Temporarily overriding HOME='/home/runner/work/_temp/4864e713-85c4-4781-8995-9d3e81096a4f' before making global git config changes
2026-02-10T17:28:11.4367105Z Adding repository directory to the temporary git global config as a safe directory
2026-02-10T17:28:11.4380353Z [command]/usr/bin/git config --global --add safe.directory /home/runner/work/BasalGuard/BasalGuard
2026-02-10T17:28:11.4421617Z Deleting the contents of '/home/runner/work/BasalGuard/BasalGuard'
2026-02-10T17:28:11.4425656Z ##[group]Initializing the repository
2026-02-10T17:28:11.4430750Z [command]/usr/bin/git init /home/runner/work/BasalGuard/BasalGuard
2026-02-10T17:28:11.4541645Z hint: Using 'master' as the name for the initial branch. This default branch name
2026-02-10T17:28:11.4543180Z hint: will change to "main" in Git 3.0. To configure the initial branch name
2026-02-10T17:28:11.4544513Z hint: to use in all of your new repositories, which will suppress this warning,
2026-02-10T17:28:11.4546047Z hint: call:
2026-02-10T17:28:11.4546619Z hint:
2026-02-10T17:28:11.4548043Z hint: 	git config --global init.defaultBranch <name>
2026-02-10T17:28:11.4549330Z hint:
2026-02-10T17:28:11.4550529Z hint: Names commonly chosen instead of 'master' are 'main', 'trunk' and
2026-02-10T17:28:11.4552476Z hint: 'development'. The just-created branch can be renamed via this command:
2026-02-10T17:28:11.4554090Z hint:
2026-02-10T17:28:11.4554965Z hint: 	git branch -m <name>
2026-02-10T17:28:11.4555888Z hint:
2026-02-10T17:28:11.4557386Z hint: Disable this message with "git config set advice.defaultBranchName false"
2026-02-10T17:28:11.4559687Z Initialized empty Git repository in /home/runner/work/BasalGuard/BasalGuard/.git/
2026-02-10T17:28:11.4562886Z [command]/usr/bin/git remote add origin https://github.com/gabrielima7/BasalGuard
2026-02-10T17:28:11.4594924Z ##[endgroup]
2026-02-10T17:28:11.4596307Z ##[group]Disabling automatic garbage collection
2026-02-10T17:28:11.4600134Z [command]/usr/bin/git config --local gc.auto 0
2026-02-10T17:28:11.4629416Z ##[endgroup]
2026-02-10T17:28:11.4630800Z ##[group]Setting up auth
2026-02-10T17:28:11.4637387Z [command]/usr/bin/git config --local --name-only --get-regexp core\.sshCommand
2026-02-10T17:28:11.4668754Z [command]/usr/bin/git submodule foreach --recursive sh -c "git config --local --name-only --get-regexp 'core\.sshCommand' && git config --local --unset-all 'core.sshCommand' || :"
2026-02-10T17:28:11.5031095Z [command]/usr/bin/git config --local --name-only --get-regexp http\.https\:\/\/github\.com\/\.extraheader
2026-02-10T17:28:11.5063568Z [command]/usr/bin/git submodule foreach --recursive sh -c "git config --local --name-only --get-regexp 'http\.https\:\/\/github\.com\/\.extraheader' && git config --local --unset-all 'http.https://github.com/.extraheader' || :"
2026-02-10T17:28:11.5294656Z [command]/usr/bin/git config --local --name-only --get-regexp ^includeIf\.gitdir:
2026-02-10T17:28:11.5337038Z [command]/usr/bin/git submodule foreach --recursive git config --local --show-origin --name-only --get-regexp remote.origin.url
2026-02-10T17:28:11.5591132Z [command]/usr/bin/git config --local http.https://github.com/.extraheader AUTHORIZATION: basic ***
2026-02-10T17:28:11.5632632Z ##[endgroup]
2026-02-10T17:28:11.5633429Z ##[group]Fetching the repository
2026-02-10T17:28:11.5645519Z [command]/usr/bin/git -c protocol.version=2 fetch --no-tags --prune --no-recurse-submodules --depth=1 origin +adc2f215813a0c775243ca501085c28bdb02651f:refs/remotes/origin/main
2026-02-10T17:28:11.8564552Z From https://github.com/gabrielima7/BasalGuard
2026-02-10T17:28:11.8566284Z  * [new ref]         adc2f215813a0c775243ca501085c28bdb02651f -> origin/main
2026-02-10T17:28:11.8599497Z ##[endgroup]
2026-02-10T17:28:11.8601434Z ##[group]Determining the checkout info
2026-02-10T17:28:11.8603719Z ##[endgroup]
2026-02-10T17:28:11.8609110Z [command]/usr/bin/git sparse-checkout disable
2026-02-10T17:28:11.8653261Z [command]/usr/bin/git config --local --unset-all extensions.worktreeConfig
2026-02-10T17:28:11.8680818Z ##[group]Checking out the ref
2026-02-10T17:28:11.8685694Z [command]/usr/bin/git checkout --progress --force -B main refs/remotes/origin/main
2026-02-10T17:28:11.8799895Z Switched to a new branch 'main'
2026-02-10T17:28:11.8801420Z branch 'main' set up to track 'origin/main'.
2026-02-10T17:28:11.8810027Z ##[endgroup]
2026-02-10T17:28:11.8849129Z [command]/usr/bin/git log -1 --format=%H
2026-02-10T17:28:11.8872694Z adc2f215813a0c775243ca501085c28bdb02651f
2026-02-10T17:28:11.9135514Z ##[group]Run actions/setup-python@v5
2026-02-10T17:28:11.9136102Z with:
2026-02-10T17:28:11.9136480Z   python-version: 3.10
2026-02-10T17:28:11.9137063Z   check-latest: false
2026-02-10T17:28:11.9137640Z   token: ***
2026-02-10T17:28:11.9138041Z   update-environment: true
2026-02-10T17:28:11.9138510Z   allow-prereleases: false
2026-02-10T17:28:11.9138961Z   freethreaded: false
2026-02-10T17:28:11.9139379Z ##[endgroup]
2026-02-10T17:28:12.0864115Z ##[group]Installed versions
2026-02-10T17:28:12.0982461Z Successfully set up CPython (3.10.19)
2026-02-10T17:28:12.0984582Z ##[endgroup]
2026-02-10T17:28:12.1144010Z ##[group]Run pipx install poetry
2026-02-10T17:28:12.1145372Z [36;1mpipx install poetry[0m
2026-02-10T17:28:12.1194461Z shell: /usr/bin/bash -e {0}
2026-02-10T17:28:12.1195639Z env:
2026-02-10T17:28:12.1196986Z   pythonLocation: /opt/hostedtoolcache/Python/3.10.19/x64
2026-02-10T17:28:12.1199015Z   PKG_CONFIG_PATH: /opt/hostedtoolcache/Python/3.10.19/x64/lib/pkgconfig
2026-02-10T17:28:12.1201014Z   Python_ROOT_DIR: /opt/hostedtoolcache/Python/3.10.19/x64
2026-02-10T17:28:12.1202789Z   Python2_ROOT_DIR: /opt/hostedtoolcache/Python/3.10.19/x64
2026-02-10T17:28:12.1204611Z   Python3_ROOT_DIR: /opt/hostedtoolcache/Python/3.10.19/x64
2026-02-10T17:28:12.1206452Z   LD_LIBRARY_PATH: /opt/hostedtoolcache/Python/3.10.19/x64/lib
2026-02-10T17:28:12.1208060Z ##[endgroup]
2026-02-10T17:28:12.3677033Z creating virtual environment...
2026-02-10T17:28:12.5171116Z installing poetry...
2026-02-10T17:28:21.2100266Z done! ✨ 🌟 ✨
2026-02-10T17:28:21.2101279Z   installed package poetry 2.3.2, installed using Python 3.12.3
2026-02-10T17:28:21.2102122Z   These apps are now globally available
2026-02-10T17:28:21.2102671Z     - poetry
2026-02-10T17:28:21.2315352Z ##[group]Run poetry install
2026-02-10T17:28:21.2315690Z [36;1mpoetry install[0m
2026-02-10T17:28:21.2350047Z shell: /usr/bin/bash -e {0}
2026-02-10T17:28:21.2350329Z env:
2026-02-10T17:28:21.2350619Z   pythonLocation: /opt/hostedtoolcache/Python/3.10.19/x64
2026-02-10T17:28:21.2351091Z   PKG_CONFIG_PATH: /opt/hostedtoolcache/Python/3.10.19/x64/lib/pkgconfig
2026-02-10T17:28:21.2351556Z   Python_ROOT_DIR: /opt/hostedtoolcache/Python/3.10.19/x64
2026-02-10T17:28:21.2351970Z   Python2_ROOT_DIR: /opt/hostedtoolcache/Python/3.10.19/x64
2026-02-10T17:28:21.2352382Z   Python3_ROOT_DIR: /opt/hostedtoolcache/Python/3.10.19/x64
2026-02-10T17:28:21.2352804Z   LD_LIBRARY_PATH: /opt/hostedtoolcache/Python/3.10.19/x64/lib
2026-02-10T17:28:21.2353183Z ##[endgroup]
2026-02-10T17:28:21.7241441Z Creating virtualenv basalguard-GmF7fbRV-py3.10 in /home/runner/.cache/pypoetry/virtualenvs
2026-02-10T17:28:23.5535978Z Updating dependencies
2026-02-10T17:28:23.5536622Z Resolving dependencies...
2026-02-10T17:28:28.2130206Z 
2026-02-10T17:28:28.2131147Z Package operations: 54 installs, 0 updates, 0 removals
2026-02-10T17:28:28.2133064Z 
2026-02-10T17:28:28.2133758Z   - Installing pycparser (3.0)
2026-02-10T17:28:28.2651693Z   - Installing cffi (2.0.0)
2026-02-10T17:28:28.2656091Z   - Installing protobuf (4.25.8)
2026-02-10T17:28:28.2665578Z   - Installing pyasn1 (0.6.2)
2026-02-10T17:28:28.2692021Z   - Installing typing-extensions (4.15.0)
2026-02-10T17:28:28.3898782Z   - Installing certifi (2026.1.4)
2026-02-10T17:28:28.3905923Z   - Installing charset-normalizer (3.4.4)
2026-02-10T17:28:28.3910260Z   - Installing cryptography (46.0.4)
2026-02-10T17:28:28.3911609Z   - Installing googleapis-common-protos (1.72.0)
2026-02-10T17:28:28.3914620Z   - Installing grpcio (1.78.0)
2026-02-10T17:28:28.3931024Z   - Installing idna (3.11)
2026-02-10T17:28:28.3940620Z   - Installing pyasn1-modules (0.4.2)
2026-02-10T17:28:28.3949662Z   - Installing rsa (4.9.1)
2026-02-10T17:28:28.4898511Z   - Installing urllib3 (2.6.3)
2026-02-10T17:28:28.9296372Z   - Installing exceptiongroup (1.3.1)
2026-02-10T17:28:28.9297528Z   - Installing google-auth (2.48.0)
2026-02-10T17:28:28.9307308Z   - Installing grpcio-status (1.62.3)
2026-02-10T17:28:28.9317092Z   - Installing h11 (0.16.0)
2026-02-10T17:28:28.9342865Z   - Installing mdurl (0.1.2)
2026-02-10T17:28:28.9348046Z   - Installing proto-plus (1.27.1)
2026-02-10T17:28:28.9352467Z   - Installing requests (2.32.5)
2026-02-10T17:28:29.0270729Z   - Installing annotated-types (0.7.0)
2026-02-10T17:28:29.0283993Z   - Installing anyio (4.12.1)
2026-02-10T17:28:29.0305234Z   - Installing httpcore (1.0.9)
2026-02-10T17:28:29.0310152Z   - Installing iniconfig (2.3.0)
2026-02-10T17:28:29.0316505Z   - Installing packaging (26.0)
2026-02-10T17:28:29.0325966Z   - Installing markdown-it-py (4.0.0)
2026-02-10T17:28:29.0335922Z   - Installing google-api-core (2.29.0)
2026-02-10T17:28:29.0346732Z   - Installing pluggy (1.6.0)
2026-02-10T17:28:29.0824270Z   - Installing pydantic-core (2.41.5)
2026-02-10T17:28:29.1103143Z   - Installing pygments (2.19.2)
2026-02-10T17:28:29.1230127Z   - Installing tomli (2.4.0)
2026-02-10T17:28:29.1769101Z   - Installing typing-inspection (0.4.2)
2026-02-10T17:28:29.3451261Z   - Installing coverage (7.13.4)
2026-02-10T17:28:29.3457367Z   - Installing distro (1.9.0)
2026-02-10T17:28:29.3461531Z   - Installing google-ai-generativelanguage (0.4.0)
2026-02-10T17:28:29.3466154Z   - Installing httpx (0.28.1)
2026-02-10T17:28:29.3472024Z   - Installing jiter (0.13.0)
2026-02-10T17:28:29.3476638Z   - Installing librt (0.7.8)
2026-02-10T17:28:29.3500351Z   - Installing mypy-extensions (1.1.0)
2026-02-10T17:28:29.3512394Z   - Installing pathspec (1.0.4)
2026-02-10T17:28:29.4283141Z   - Installing pydantic (2.12.5)
2026-02-10T17:28:29.4399809Z   - Installing pytest (8.4.2)
2026-02-10T17:28:29.4976282Z   - Installing pyyaml (6.0.3)
2026-02-10T17:28:29.5077851Z   - Installing rich (14.3.2)
2026-02-10T17:28:29.5106462Z   - Installing sniffio (1.3.1)
2026-02-10T17:28:29.5430520Z   - Installing stevedore (5.6.0)
2026-02-10T17:28:29.5601875Z   - Installing tqdm (4.67.3)
2026-02-10T17:28:29.7788300Z   - Installing bandit (1.9.3)
2026-02-10T17:28:29.7793517Z   - Installing google-generativeai (0.3.2)
2026-02-10T17:28:29.7812670Z   - Installing mypy (1.19.1)
2026-02-10T17:28:29.7820377Z   - Installing openai (1.109.1)
2026-02-10T17:28:29.7828994Z   - Installing pytest-cov (4.1.0)
2026-02-10T17:28:29.7876476Z   - Installing ruff (0.1.15)
2026-02-10T17:28:31.0194048Z 
2026-02-10T17:28:31.0194737Z Writing lock file
2026-02-10T17:28:31.0195337Z 
2026-02-10T17:28:31.0195826Z Installing the current project: basalguard (0.1.0)
2026-02-10T17:28:31.4837640Z ##[group]Run poetry run pytest tests/ -v
2026-02-10T17:28:31.4838026Z [36;1mpoetry run pytest tests/ -v[0m
2026-02-10T17:28:31.4870076Z shell: /usr/bin/bash -e {0}
2026-02-10T17:28:31.4870341Z env:
2026-02-10T17:28:31.4870617Z   pythonLocation: /opt/hostedtoolcache/Python/3.10.19/x64
2026-02-10T17:28:31.4871096Z   PKG_CONFIG_PATH: /opt/hostedtoolcache/Python/3.10.19/x64/lib/pkgconfig
2026-02-10T17:28:31.4871565Z   Python_ROOT_DIR: /opt/hostedtoolcache/Python/3.10.19/x64
2026-02-10T17:28:31.4871983Z   Python2_ROOT_DIR: /opt/hostedtoolcache/Python/3.10.19/x64
2026-02-10T17:28:31.4872395Z   Python3_ROOT_DIR: /opt/hostedtoolcache/Python/3.10.19/x64
2026-02-10T17:28:31.4872808Z   LD_LIBRARY_PATH: /opt/hostedtoolcache/Python/3.10.19/x64/lib
2026-02-10T17:28:31.4873153Z ##[endgroup]
2026-02-10T17:28:33.5198660Z ============================= test session starts ==============================
2026-02-10T17:28:33.5199856Z platform linux -- Python 3.10.19, pytest-8.4.2, pluggy-1.6.0 -- /home/runner/.cache/pypoetry/virtualenvs/basalguard-GmF7fbRV-py3.10/bin/python
2026-02-10T17:28:33.5200751Z cachedir: .pytest_cache
2026-02-10T17:28:33.5201113Z rootdir: /home/runner/work/BasalGuard/BasalGuard
2026-02-10T17:28:33.5201519Z configfile: pyproject.toml
2026-02-10T17:28:33.5201843Z plugins: anyio-4.12.1, cov-4.1.0
2026-02-10T17:28:33.7610900Z collecting ... collected 0 items / 1 error
2026-02-10T17:28:33.7611345Z 
2026-02-10T17:28:33.7611569Z ==================================== ERRORS ====================================
2026-02-10T17:28:33.7612348Z ________________ ERROR collecting tests/test_agent_firewall.py _________________
2026-02-10T17:28:33.7613488Z ImportError while importing test module '/home/runner/work/BasalGuard/BasalGuard/tests/test_agent_firewall.py'.
2026-02-10T17:28:33.7614588Z Hint: make sure your test modules/packages have valid Python names.
2026-02-10T17:28:33.7615181Z Traceback:
2026-02-10T17:28:33.7615836Z /opt/hostedtoolcache/Python/3.10.19/x64/lib/python3.10/importlib/__init__.py:126: in import_module
2026-02-10T17:28:33.7616616Z     return _bootstrap._gcd_import(name[level:], package, level)
2026-02-10T17:28:33.7617732Z tests/test_agent_firewall.py:21: in <module>
2026-02-10T17:28:33.7618177Z     from basalguard.core.agent_firewall import (
2026-02-10T17:28:33.7618645Z src/basalguard/core/agent_firewall.py:34: in <module>
2026-02-10T17:28:33.7619102Z     from taipanstack.security.guards import (
2026-02-10T17:28:33.7619568Z E   ModuleNotFoundError: No module named 'taipanstack'
2026-02-10T17:28:33.7620078Z =========================== short test summary info ============================
2026-02-10T17:28:33.7620544Z ERROR tests/test_agent_firewall.py
2026-02-10T17:28:33.7621254Z !!!!!!!!!!!!!!!!!!!! Interrupted: 1 error during collection !!!!!!!!!!!!!!!!!!!!
2026-02-10T17:28:33.7621909Z =============================== 1 error in 0.22s ===============================
2026-02-10T17:28:33.7945007Z ##[error]Process completed with exit code 2.
2026-02-10T17:28:33.8048945Z Post job cleanup.
2026-02-10T17:28:33.8990419Z [command]/usr/bin/git version
2026-02-10T17:28:33.9026039Z git version 2.52.0
2026-02-10T17:28:33.9070672Z Temporarily overriding HOME='/home/runner/work/_temp/8795c578-0d2b-4d62-9125-0f25be25addd' before making global git config changes
2026-02-10T17:28:33.9072060Z Adding repository directory to the temporary git global config as a safe directory
2026-02-10T17:28:33.9077339Z [command]/usr/bin/git config --global --add safe.directory /home/runner/work/BasalGuard/BasalGuard
2026-02-10T17:28:33.9114174Z [command]/usr/bin/git config --local --name-only --get-regexp core\.sshCommand
2026-02-10T17:28:33.9147494Z [command]/usr/bin/git submodule foreach --recursive sh -c "git config --local --name-only --get-regexp 'core\.sshCommand' && git config --local --unset-all 'core.sshCommand' || :"
2026-02-10T17:28:33.9377691Z [command]/usr/bin/git config --local --name-only --get-regexp http\.https\:\/\/github\.com\/\.extraheader
2026-02-10T17:28:33.9398822Z http.https://github.com/.extraheader
2026-02-10T17:28:33.9411465Z [command]/usr/bin/git config --local --unset-all http.https://github.com/.extraheader
2026-02-10T17:28:33.9442084Z [command]/usr/bin/git submodule foreach --recursive sh -c "git config --local --name-only --get-regexp 'http\.https\:\/\/github\.com\/\.extraheader' && git config --local --unset-all 'http.https://github.com/.extraheader' || :"
2026-02-10T17:28:33.9665910Z [command]/usr/bin/git config --local --name-only --get-regexp ^includeIf\.gitdir:
2026-02-10T17:28:33.9698090Z [command]/usr/bin/git submodule foreach --recursive git config --local --show-origin --name-only --get-regexp remote.origin.url
2026-02-10T17:28:34.0027812Z Cleaning up orphan processes
